<!doctype html>
<html lang="en">

<head>
  <!-- Required meta tags -->
  <meta charset="utf-8">
  <meta name="viewport" content="width=device-width, initial-scale=1, shrink-to-fit=no">
  <!-- Bootstrap CSS -->
  <link href="https://maxcdn.bootstrapcdn.com/font-awesome/4.7.0/css/font-awesome.min.css" rel="stylesheet"
    integrity="sha384-wvfXpqpZZVQGK6TAh5PVlGOfQNHSoD2xbE+QkPxCAFlNEevoEH3Sl0sibVcOQVnN" crossorigin="anonymous">
  <link rel="stylesheet" href="https://stackpath.bootstrapcdn.com/bootstrap/4.3.1/css/bootstrap.min.css"
    integrity="sha384-ggOyR0iXCbMQv3Xipma34MD+dH/1fQ784/j6cY/iJTQUOhcWr7x9JvoRxT2MZw1T" crossorigin="anonymous">
  <script type="text/javascript" charset="utf8" src="https://code.jquery.com/jquery-3.3.1.js"></script>
  <script type="text/javascript" charset="utf8" src="https://cdn.datatables.net/1.10.19/js/jquery.dataTables.min.js">
  </script>
  <link rel="stylesheet" href="https://cdn.datatables.net/1.10.19/css/jquery.dataTables.min.css">
  <style>
  table{
	  margin: 0 auto;
	  width: 100%;
	  clear: both;
	  border-collapse: collapse;
	  table-layout: fixed; // ***********add this
	  word-wrap:break-word; // ***********and this
	}
		
    td.details-control {
      text-align: center;
      color: forestgreen;
      cursor: pointer;
    }

    tr.shown td.details-control {
      text-align: center;
      color: forestgreen;
    }

    pre {
       outline: 1px solid #ccc; 
    padding: 5px; 
    margin: 5px; 
    white-space: pre-wrap;       
    white-space: -moz-pre-wrap;  
    white-space: -pre-wrap;      
    white-space: -o-pre-wrap;    
    word-wrap: break-word;   
    
    }
    
    table.resulttable {
        table-layout: fixed;
        word-wrap: break-word;
    }    
    table.summarytable td {
   text-align: center;  
}
    
}
  </style>
  <title>Infinera PACE Automation Report</title>
</head>

<body>
  <div class="container">
    <div class="row">
      <div class="col-md">
        <p><u> Report Generated On <b>26-June-2020  at 18:57</b> By Infinera PACE Automation Framework</u> </P>
      </div>
    </div>
    <div class="row">
      <div class="col-md">
      </div>
    </div>
    <div class="row">
      <div class="col-6">
        <p>Total <b>1</b> Scripts ran in 2688.9 seconds <br>
        <h5> Script Summary </h5>
        <table class="table table-sm table-bordered summarytable">  
          <tbody>
            <tr>
             
              
              <td class="mx-auto">
              
              FAILED <br> 1
              
              </td>
              
              <td class="mx-auto">
              
              <div class="mx-auto" >TOTAL<br> 1</div>
              
              </td>
              
              
            </tr>
            </tbody>
          </table>
        <h5> Test Steps Summary </h5>
         <table class="table summarytable table-bordered">  
          <tbody>
            <tr>
     
          
          
          <td>
          
          FAILED_STEPS_COUNT <br> 2
          
          </td>
          
          <td>
          
          PASSED_STEPS_COUNT <br> 12
          
          </td>
          
          <td>
          
          ERROR_COUNT <br>0
          
          </td>
          
          <td>
          
          TOTAL<br> 14    
          
          </td>
          
          
          </tr>
            </tbody>
          </table>
      </div>
      <div  class="col-6" id="piechart" ></div>
    </div>
    
 <div class="row">
 <div class="col-md">
    
    <p> <span class="badge badge-pill badge-info">Script Path: </span> root
    </div></div>
      
      <div class="row">
        <div class="col-md">
          <h4>Results</h4>
          <table id="example" class="display table resulttable" style="width:100%">
            <thead>
              <tr>
                <th></th>
                <th>Result</th>
                <th>Test case ID</th>
                <th style="width:50%"> Title</th>
                <th>Duration</th>
                <th>TestStep Count</th>
              </tr>
            </thead>
          </table>
        </div>
      </div>
      <div class="row">
        <div class="col-sm">
          
          <h4>Environment</h4>
          <table class="table table-hover table-sm table-responsive-sm">
            <tbody>
              
              <tr>
                <td>Python</td>
                <td>3.7.2</td>
              </tr>
              
              <tr>
                <td>Platform</td>
                <td>Windows-10-10.0.18362-SP0</td>
              </tr>
              
              <tr>
                <td>Packages</td>
                <td>{'pytest': '5.4.3', 'py': '1.8.1', 'pluggy': '0.13.1'}</td>
              </tr>
              
              <tr>
                <td>Plugins</td>
                <td>{'pace': '1.16.15-06-2020', 'metadata': '1.9.0', 'sugar': '0.9.3'}</td>
              </tr>
              
              <tr>
                <td>Feature</td>
                <td>Infinera</td>
              </tr>
              
            </tbody>
          </table>
          
        </div>
      </div>
      <script>
        $(document).ready(function () {
          var table = $('#example').DataTable({
            "paging": true,
            "ordering": true,
            "info": false,
            "processing": true,
            select: "single",
            data: [{'Test': 'THANOS-6429', 'Title': 'Sanity: SW build Download and Fresh Installation ', 'Result': '<span class ="badge badge-danger">Failed</span>', 'Duration': 1767.12, 'Extralog': [{'id': 1, 'scriptlog': '<span class="badge badge-Light">INFO</span>: <b>pace.utility.environment_cleanup</b>: 25:<pre class="text-justify"><xmp>Executing auto environment cleanup for ./Input...</xmp></pre>'}, {'id': 2, 'scriptlog': '<span class="badge badge-Light">INFO</span>: <b>root</b>: 473:<pre class="text-justify"><xmp>Initial auto environment cleanup wasn\'t executed as invalid syntax (<string>, line 1)\nContinuing execution...</xmp></pre>'}, {'id': 3, 'scriptlog': '<span class="badge badge-Light">INFO</span>: <b>pace.utility.parser</b>: 185:<pre class="text-justify"><xmp>System reachable in first attempt..!!</xmp></pre>'}, {'id': 4, 'scriptlog': '<span class="badge badge-Light">INFO</span>: <b>pace.sessions.ssh</b>: 56:<pre class="text-justify"><xmp>Connected successfully to \'10.220.160.28\' via SSH</xmp></pre>'}, {'id': 5, 'scriptlog': '<span class="badge badge-Light">INFO</span>: <b>pace.sessions.ssh</b>: 114:<pre class="text-justify"><xmp>Entered: cd /home/karthik/LatestBuildFromArtifactory</xmp></pre>'}, {'id': 6, 'scriptlog': '<span class="badge badge-Light">INFO</span>: <b>pace.sessions.ssh</b>: 132:<pre class="text-justify"><xmp>After Removing ANSIescapeSquence=Linux in-160sim28 4.19.0-8-amd64 #1 SMP Debian 4.19.98-1 (2020-01-26) x86_64\r\n\r\nThe programs included with the Debian GNU/Linux system are free software;\r\nthe exact distribution terms for each program are described in the\r\nindividual files in /usr/share/doc/*/copyright.\r\n\r\nDebian GNU/Linux comes with ABSOLUTELY NO WARRANTY, to the extent\r\npermitted by applicable law.\r\nLast login: Fri Jun 26 18:13:13 2020 from 10.220.119.154\r\r\ncd /home/karthik/LatestBuildFromArtifactory\r\nkarthik@in-160sim28:~$ cd /home/karthik/LatestBuildFromArtifactory\r\nkarthik@in-160sim28:~/LatestBuildFromArtifactory$ </xmp></pre>'}, {'id': 7, 'scriptlog': '<span class="badge badge-Light">INFO</span>: <b>pace.sessions.ssh</b>: 114:<pre class="text-justify"><xmp>Entered: rm -rf *</xmp></pre>'}, {'id': 8, 'scriptlog': '<span class="badge badge-Light">INFO</span>: <b>pace.sessions.ssh</b>: 132:<pre class="text-justify"><xmp>After Removing ANSIescapeSquence=rm -rf *\r\nkarthik@in-160sim28:~/LatestBuildFromArtifactory$ </xmp></pre>'}, {'id': 9, 'scriptlog': '<span class="badge badge-Light">INFO</span>: <b>pace.sessions.ssh</b>: 114:<pre class="text-justify"><xmp>Entered: wget --no-verbose --no-parent --recursive --level=1 --no-directories --user=anonymous --password=anonymous https://iartifactory.infinera.com/artifactory/thanos/chassisx-nightly/chassisx-621/sim/</xmp></pre>'}, {'id': 10, 'scriptlog': '<span class="badge badge-Light">INFO</span>: <b>pace.sessions.ssh</b>: 132:<pre class="text-justify"><xmp>After Removing ANSIescapeSquence=wget --no-verbose --no-parent --recursive --level=1 --no-directories --user=anonymous --password=anonymous https://iartifactory.infinera.com/artifactory/thanos/chassisx-nightly/chassisx-621/sim/\r\n</xmp></pre>'}, {'id': 11, 'scriptlog': '<span class="badge badge-Light">INFO</span>: <b>pace.sessions.ssh</b>: 56:<pre class="text-justify"><xmp>Connected successfully to \'10.220.160.28\' via SSH</xmp></pre>'}, {'id': 12, 'scriptlog': '<span class="badge badge-Light">INFO</span>: <b>pace.sessions.ssh</b>: 114:<pre class="text-justify"><xmp>Entered: cd /home/karthik/LatestBuildFromArtifactory</xmp></pre>'}, {'id': 13, 'scriptlog': '<span class="badge badge-Light">INFO</span>: <b>pace.sessions.ssh</b>: 132:<pre class="text-justify"><xmp>After Removing ANSIescapeSquence=Linux in-160sim28 4.19.0-8-amd64 #1 SMP Debian 4.19.98-1 (2020-01-26) x86_64\r\n\r\nThe programs included with the Debian GNU/Linux system are free software;\r\nthe exact distribution terms for each program are described in the\r\nindividual files in /usr/share/doc/*/copyright.\r\n\r\nDebian GNU/Linux comes with ABSOLUTELY NO WARRANTY, to the extent\r\npermitted by applicable law.\r\nLast login: Fri Jun 26 18:27:51 2020 from 10.220.119.154\r\r\nkarthik@in-160sim28:~$ cd /home/karthik/LatestBuildFromArtifactory\r\nkarthik@in-160sim28:~/LatestBuildFromArtifactory$ </xmp></pre>'}, {'id': 14, 'scriptlog': '<span class="badge badge-Light">INFO</span>: <b>pace.sessions.ssh</b>: 114:<pre class="text-justify"><xmp>Entered: ls -lrt</xmp></pre>'}, {'id': 15, 'scriptlog': '<span class="badge badge-Light">INFO</span>: <b>pace.sessions.ssh</b>: 132:<pre class="text-justify"><xmp>After Removing ANSIescapeSquence=ls -lrt\r\ntotal 2342972\r\n-rw-r--r-- 1 karthik karthik  762031392 Jun 26 05:17 th-xmm4-sim-2020-06-25-nightly-R1.0.0.621.bin\r\n-rw-r--r-- 1 karthik karthik  396033312 Jun 26 05:18 th-chm6-sim-2020-06-25-nightly-R1.0.0.621.bin\r\n-rw-r--r-- 1 karthik karthik 1155941492 Jun 26 05:18 ThanOS-F1.0-Main-nightly-2020.06.25_23_10.tar.gz\r\n-rw-r--r-- 1 karthik karthik        380 Jun 26 05:19 ThanOS-F1.0-Main-nightly-2020.06.25_23_10.manifest\r\n-rw-r--r-- 1 karthik karthik   85174180 Jun 26 05:19 chm6_thanos_sim_x86_64_pkg_tar.gz\r\n-rw-r--r-- 1 karthik karthik       1162 Jun 26 18:28 index.html\r\nkarthik@in-160sim28:~/LatestBuildFromArtifactory$ </xmp></pre>'}, {'id': 16, 'scriptlog': '<span class="badge badge-success">PASSED</span>: <b>TestStepVerification</b>: 308: <br><b>sut = \'ThanOSServer_1\' &nbsp;&nbsp;cmd = \'ls -lrt\' &nbsp;&nbsp;verification = {Contains: [\'manifest\', \'tar.gz\']}</b>:<pre class="text-justify"><xmp>Test Step Passed at ..\\..\\..\\python\\python37\\lib\\site-packages\\pace\\neapi\\operations.py 1463 in NE_SSH(),  Message: pytest.evaluate(result)\n\nVariables: \nsut = \'ThanOSServer_1\'\ncmd = \'ls -lrt\'\ntoVerify = {<Output.CONTAINS: \'CONTAINS\'>: [\'manifest\', \'tar.gz\']}\nmodifyOutput = {}\nappId = \'parse\'\nwaitTime = 2\nretries = 0\nprompt = None\ninterface = \'NE_SSH\'\nsessionId = \'ThanOSServer_1_OBJ_NE_SSH_parse\'\noutputResp = \'ls -lrt\\r\\ntotal 2342972\\r\\n-rw-r--r-- 1 karthik karthik  762031392 Jun 26 05:17 th-xmm4-sim-2020-06-25-nightly-R1.0....n-rw-r--r-- 1 karthik karthik       1162 Jun 26 18:28 index.html\\r\\nkarthik@in-160sim28:~/LatestBuildFromArtifactory$ \'\nresult = True</xmp></pre>'}, {'id': 17, 'scriptlog': '<span class="badge badge-Light">INFO</span>: <b>pace.neapi.operations</b>: 363:<pre class="text-justify"><xmp>Done downloading build to Sim server.</xmp></pre>'}, {'id': 18, 'scriptlog': '<span class="badge badge-Light">INFO</span>: <b>pace.neapi.operations</b>: 110:<pre class="text-justify"><xmp>Done downloading build to Sim server</xmp></pre>'}, {'id': 19, 'scriptlog': '<span class="badge badge-Light">INFO</span>: <b>pace.sessions.cli</b>: 56:<pre class="text-justify"><xmp>Connected successfully to \'172.16.11.196\' via SSH</xmp></pre>'}, {'id': 20, 'scriptlog': '<span class="badge badge-Light">INFO</span>: <b>pace.sessions.cli</b>: 34:<pre class="text-justify"><xmp>Received:Connecting user root from 10.220.119.154:60392\r\n****************************************** Warning ******************************************\r\r\n\r\r\nThis system is restricted to authorized users for business purposes. Unauthorized access is a\r\r\nviolation of the law. This service may be monitored for administrative and security reasons.\r\r\nBy proceeding, you consent to this monitoring.\r\r\n\r\r\n*********************************************************************************************\r\r\n\r\r\n\r\r\n[ ne ]\r\r\nroot@THANOS> </xmp></pre>'}, {'id': 21, 'scriptlog': '<span class="badge badge-Light">INFO</span>: <b>pace.sessions.cli</b>: 49:<pre class="text-justify"><xmp>Logged in successfully to CLI</xmp></pre>'}, {'id': 22, 'scriptlog': '<span class="badge badge-Light">INFO</span>: <b>pace.sessions.cli</b>: 67:<pre class="text-justify"><xmp>Entered: download swimage source=sftp://karthik@10.220.160.28:/home/karthik/LatestBuildFromArtifactory/ThanOS-F1.0-Main-nightly-2020.06.25_23_10.manifest password=Hello123</xmp></pre>'}, {'id': 23, 'scriptlog': '<span class="badge badge-Light">INFO</span>: <b>pace.sessions.cli</b>: 98:<pre class="text-justify"><xmp>CLi responde Received: download swimage source=sftp://karthik@10.220.160.28:/home/karthik/LatestBuildFromArtifactory/ThanOS-F1.0-Main-nightly-2020.06.25_23_10.manifest password=Hello123\r\r\nDownloading : ThanOS-F1.0-Main-nightly-2020.06.25_23_10.manifest...\r\r\n\x08\x08\x08\x08\x0810%]\r\r\n\x08\x08\x08\x08\x0820%]\r\r\n\x08\x08\x08\x08\x0830%]\r\r\n\x08\x08\x08\x08\x0840%]\r\r\n\x08\x08\x08\x08\x0850%]\r\r\n\x08\x08\x08\x08\x0860%]\r\r\n\x08\x08\x08\x08\x0870%]\r\r\n\x08\x08\x08\x08\x0880%]\r\r\n\x08\x08\x08\x08\x0890%]\r\r\nDownloaded : ThanOS-F1.0-Main-nightly-2020.06.25_23_10.manifest\r\r\nDownloading : ThanOS-F1.0-Main-nightly-2020.06.25_23_10.tar.gz...\r\r\n\x08\x08\x08\x08\x081%]\r\r\n\x08\x08\x08\x08\x082%]\r\r\n\x08\x08\x08\x08\x083%]\r\r\n\x08\x08\x08\x08\x084%]\r\r\n\x08\x08\x08\x08\x085%]\r\r\n\x08\x08\x08\x08\x086%]\r\r\n\x08\x08\x08\x08\x087%]\r\r\n\x08\x08\x08\x08\x088%]\r\r\n\x08\x08\x08\x08\x089%]\r\r\n\x08\x08\x08\x08\x0810%]\r\r\n\x08\x08\x08\x08\x0811%]\r\r\n\x08\x08\x08\x08\x0812%]\r\r\n\x08\x08\x08\x08\x0813%]\r\r\n\x08\x08\x08\x08\x0814%]\r\r\n\x08\x08\x08\x08\x0815%]\r\r\n\x08\x08\x08\x08\x0816%]\r\r\n\x08\x08\x08\x08\x0817%]\r\r\n\x08\x08\x08\x08\x0818%]\r\r\n\x08\x08\x08\x08\x0819%]\r\r\n\x08\x08\x08\x08\x0820%]\r\r\n\x08\x08\x08\x08\x0821%]\r\r\n\x08\x08\x08\x08\x0822%]\r\r\n\x08\x08\x08\x08\x0823%]\r\r\n\x08\x08\x08\x08\x0824%]\r\r\n\x08\x08\x08\x08\x0825%]\r\r\n\x08\x08\x08\x08\x0826%]\r\r\n\x08\x08\x08\x08\x0827%]\r\r\n\x08\x08\x08\x08\x0828%]\r\r\n\x08\x08\x08\x08\x0829%]\r\r\n\x08\x08\x08\x08\x0830%]\r\r\n\x08\x08\x08\x08\x0831%]\r\r\n\x08\x08\x08\x08\x0832%]\r\r\n\x08\x08\x08\x08\x0833%]\r\r\n\x08\x08\x08\x08\x0834%]\r\r\n\x08\x08\x08\x08\x0835%]\r\r\n\x08\x08\x08\x08\x0836%]\r\r\n\x08\x08\x08\x08\x0837%]\r\r\n\x08\x08\x08\x08\x0838%]\r\r\n\x08\x08\x08\x08\x0839%]\r\r\n\x08\x08\x08\x08\x0840%]\r\r\n\x08\x08\x08\x08\x0841%]\r\r\n\x08\x08\x08\x08\x0842%]\r\r\n\x08\x08\x08\x08\x0843%]\r\r\n\x08\x08\x08\x08\x0844%]\r\r\n\x08\x08\x08\x08\x0845%]\r\r\n\x08\x08\x08\x08\x0846%]\r\r\n\x08\x08\x08\x08\x0847%]\r\r\n\x08\x08\x08\x08\x0848%]\r\r\n\x08\x08\x08\x08\x0849%]\r\r\n\x08\x08\x08\x08\x0850%]\r\r\n\x08\x08\x08\x08\x0851%]\r\r\n\x08\x08\x08\x08\x0852%]\r\r\n\x08\x08\x08\x08\x0853%]\r\r\n\x08\x08\x08\x08\x0854%]\r\r\n\x08\x08\x08\x08\x0855%]\r\r\n\x08\x08\x08\x08\x0856%]\r\r\n\x08\x08\x08\x08\x0857%]\r\r\n\x08\x08\x08\x08\x0858%]\r\r\n\x08\x08\x08\x08\x0859%]\r\r\n\x08\x08\x08\x08\x0860%]\r\r\n\x08\x08\x08\x08\x0861%]\r\r\n\x08\x08\x08\x08\x0862%]\r\r\n\x08\x08\x08\x08\x0863%]\r\r\n\x08\x08\x08\x08\x0864%]\r\r\n\x08\x08\x08\x08\x0865%]\r\r\n\x08\x08\x08\x08\x0866%]\r\r\n\x08\x08\x08\x08\x0867%]\r\r\n\x08\x08\x08\x08\x0868%]\r\r\n\x08\x08\x08\x08\x0869%]\r\r\n\x08\x08\x08\x08\x0870%]\r\r\n\x08\x08\x08\x08\x0871%]\r\r\n\x08\x08\x08\x08\x0872%]\r\r\n\x08\x08\x08\x08\x0873%]\r\r\n\x08\x08\x08\x08\x0874%]\r\r\n\x08\x08\x08\x08\x0875%]\r\r\n\x08\x08\x08\x08\x0876%]\r\r\n\x08\x08\x08\x08\x0877%]\r\r\n\x08\x08\x08\x08\x0878%]\r\r\n\x08\x08\x08\x08\x0879%]\r\r\n\x08\x08\x08\x08\x0880%]\r\r\n\x08\x08\x08\x08\x0881%]\r\r\n\x08\x08\x08\x08\x0882%]\r\r\n\x08\x08\x08\x08\x0883%]\r\r\n\x08\x08\x08\x08\x0884%]\r\r\n\x08\x08\x08\x08\x0885%]\r\r\n\x08\x08\x08\x08\x0886%]\r\r\n\x08\x08\x08\x08\x0887%]\r\r\n\x08\x08\x08\x08\x0888%]\r\r\n\x08\x08\x08\x08\x0889%]\r\r\n\x08\x08\x08\x08\x0890%]\r\r\n\x08\x08\x08\x08\x0891%]\r\r\n\x08\x08\x08\x08\x0892%]\r\r\n\x08\x08\x08\x08\x0893%]\r\r\n\x08\x08\x08\x08\x0894%]\r\r\n\x08\x08\x08\x08\x0895%]\r\r\n\x08\x08\x08\x08\x0896%]\r\r\n\x08\x08\x08\x08\x0897%]\r\r\n\x08\x08\x08\x08\x0898%]\r\r\n\x08\x08\x08\x08\x0899%]\r\r\n\x08\x08\x08\x08\x08100%]\r\r\n\x1b[1A\x1b[2Kroot@THANOS> download swimage source=sftp://karthik@10.220.160.28:/home/karthik/LatestBuildFromArtifactory/ThanOS-F1.0-Main-nightly-2020.06.25_23_10.manifest password=***\r\r\nDownload complete\r\r\n[ ne ]\r\r\nroot@THANOS> </xmp></pre>'}, {'id': 24, 'scriptlog': '<span class="badge badge-Light">INFO</span>: <b>pace.sessions.cli</b>: 100:<pre class="text-justify"><xmp>After Removing ANSIescapeSquence=download swimage source=sftp://karthik@10.220.160.28:/home/karthik/LatestBuildFromArtifactory/ThanOS-F1.0-Main-nightly-2020.06.25_23_10.manifest password=Hello123\r\r\nDownloading : ThanOS-F1.0-Main-nightly-2020.06.25_23_10.manifest...\r\r\n\x08\x08\x08\x08\x0810%]\r\r\n\x08\x08\x08\x08\x0820%]\r\r\n\x08\x08\x08\x08\x0830%]\r\r\n\x08\x08\x08\x08\x0840%]\r\r\n\x08\x08\x08\x08\x0850%]\r\r\n\x08\x08\x08\x08\x0860%]\r\r\n\x08\x08\x08\x08\x0870%]\r\r\n\x08\x08\x08\x08\x0880%]\r\r\n\x08\x08\x08\x08\x0890%]\r\r\nDownloaded : ThanOS-F1.0-Main-nightly-2020.06.25_23_10.manifest\r\r\nDownloading : ThanOS-F1.0-Main-nightly-2020.06.25_23_10.tar.gz...\r\r\n\x08\x08\x08\x08\x081%]\r\r\n\x08\x08\x08\x08\x082%]\r\r\n\x08\x08\x08\x08\x083%]\r\r\n\x08\x08\x08\x08\x084%]\r\r\n\x08\x08\x08\x08\x085%]\r\r\n\x08\x08\x08\x08\x086%]\r\r\n\x08\x08\x08\x08\x087%]\r\r\n\x08\x08\x08\x08\x088%]\r\r\n\x08\x08\x08\x08\x089%]\r\r\n\x08\x08\x08\x08\x0810%]\r\r\n\x08\x08\x08\x08\x0811%]\r\r\n\x08\x08\x08\x08\x0812%]\r\r\n\x08\x08\x08\x08\x0813%]\r\r\n\x08\x08\x08\x08\x0814%]\r\r\n\x08\x08\x08\x08\x0815%]\r\r\n\x08\x08\x08\x08\x0816%]\r\r\n\x08\x08\x08\x08\x0817%]\r\r\n\x08\x08\x08\x08\x0818%]\r\r\n\x08\x08\x08\x08\x0819%]\r\r\n\x08\x08\x08\x08\x0820%]\r\r\n\x08\x08\x08\x08\x0821%]\r\r\n\x08\x08\x08\x08\x0822%]\r\r\n\x08\x08\x08\x08\x0823%]\r\r\n\x08\x08\x08\x08\x0824%]\r\r\n\x08\x08\x08\x08\x0825%]\r\r\n\x08\x08\x08\x08\x0826%]\r\r\n\x08\x08\x08\x08\x0827%]\r\r\n\x08\x08\x08\x08\x0828%]\r\r\n\x08\x08\x08\x08\x0829%]\r\r\n\x08\x08\x08\x08\x0830%]\r\r\n\x08\x08\x08\x08\x0831%]\r\r\n\x08\x08\x08\x08\x0832%]\r\r\n\x08\x08\x08\x08\x0833%]\r\r\n\x08\x08\x08\x08\x0834%]\r\r\n\x08\x08\x08\x08\x0835%]\r\r\n\x08\x08\x08\x08\x0836%]\r\r\n\x08\x08\x08\x08\x0837%]\r\r\n\x08\x08\x08\x08\x0838%]\r\r\n\x08\x08\x08\x08\x0839%]\r\r\n\x08\x08\x08\x08\x0840%]\r\r\n\x08\x08\x08\x08\x0841%]\r\r\n\x08\x08\x08\x08\x0842%]\r\r\n\x08\x08\x08\x08\x0843%]\r\r\n\x08\x08\x08\x08\x0844%]\r\r\n\x08\x08\x08\x08\x0845%]\r\r\n\x08\x08\x08\x08\x0846%]\r\r\n\x08\x08\x08\x08\x0847%]\r\r\n\x08\x08\x08\x08\x0848%]\r\r\n\x08\x08\x08\x08\x0849%]\r\r\n\x08\x08\x08\x08\x0850%]\r\r\n\x08\x08\x08\x08\x0851%]\r\r\n\x08\x08\x08\x08\x0852%]\r\r\n\x08\x08\x08\x08\x0853%]\r\r\n\x08\x08\x08\x08\x0854%]\r\r\n\x08\x08\x08\x08\x0855%]\r\r\n\x08\x08\x08\x08\x0856%]\r\r\n\x08\x08\x08\x08\x0857%]\r\r\n\x08\x08\x08\x08\x0858%]\r\r\n\x08\x08\x08\x08\x0859%]\r\r\n\x08\x08\x08\x08\x0860%]\r\r\n\x08\x08\x08\x08\x0861%]\r\r\n\x08\x08\x08\x08\x0862%]\r\r\n\x08\x08\x08\x08\x0863%]\r\r\n\x08\x08\x08\x08\x0864%]\r\r\n\x08\x08\x08\x08\x0865%]\r\r\n\x08\x08\x08\x08\x0866%]\r\r\n\x08\x08\x08\x08\x0867%]\r\r\n\x08\x08\x08\x08\x0868%]\r\r\n\x08\x08\x08\x08\x0869%]\r\r\n\x08\x08\x08\x08\x0870%]\r\r\n\x08\x08\x08\x08\x0871%]\r\r\n\x08\x08\x08\x08\x0872%]\r\r\n\x08\x08\x08\x08\x0873%]\r\r\n\x08\x08\x08\x08\x0874%]\r\r\n\x08\x08\x08\x08\x0875%]\r\r\n\x08\x08\x08\x08\x0876%]\r\r\n\x08\x08\x08\x08\x0877%]\r\r\n\x08\x08\x08\x08\x0878%]\r\r\n\x08\x08\x08\x08\x0879%]\r\r\n\x08\x08\x08\x08\x0880%]\r\r\n\x08\x08\x08\x08\x0881%]\r\r\n\x08\x08\x08\x08\x0882%]\r\r\n\x08\x08\x08\x08\x0883%]\r\r\n\x08\x08\x08\x08\x0884%]\r\r\n\x08\x08\x08\x08\x0885%]\r\r\n\x08\x08\x08\x08\x0886%]\r\r\n\x08\x08\x08\x08\x0887%]\r\r\n\x08\x08\x08\x08\x0888%]\r\r\n\x08\x08\x08\x08\x0889%]\r\r\n\x08\x08\x08\x08\x0890%]\r\r\n\x08\x08\x08\x08\x0891%]\r\r\n\x08\x08\x08\x08\x0892%]\r\r\n\x08\x08\x08\x08\x0893%]\r\r\n\x08\x08\x08\x08\x0894%]\r\r\n\x08\x08\x08\x08\x0895%]\r\r\n\x08\x08\x08\x08\x0896%]\r\r\n\x08\x08\x08\x08\x0897%]\r\r\n\x08\x08\x08\x08\x0898%]\r\r\n\x08\x08\x08\x08\x0899%]\r\r\n\x08\x08\x08\x08\x08100%]\r\r\nroot@THANOS> download swimage source=sftp://karthik@10.220.160.28:/home/karthik/LatestBuildFromArtifactory/ThanOS-F1.0-Main-nightly-2020.06.25_23_10.manifest password=***\r\r\nDownload complete\r\r\n[ ne ]\r\r\nroot@THANOS> </xmp></pre>'}, {'id': 25, 'scriptlog': '<span class="badge badge-Light">INFO</span>: <b>pace.sessions.cli</b>: 56:<pre class="text-justify"><xmp>Connected successfully to \'172.16.11.196\' via SSH</xmp></pre>'}, {'id': 26, 'scriptlog': '<span class="badge badge-Light">INFO</span>: <b>pace.sessions.cli</b>: 34:<pre class="text-justify"><xmp>Received:Connecting user root from 10.220.119.154:60393\r\n****************************************** Warning ******************************************\r\r\n\r\r\nThis system is restricted to authorized users for business purposes. Unauthorized access is a\r\r\nviolation of the law. This service may be monitored for administrative and security reasons.\r\r\nBy proceeding, you consent to this monitoring.\r\r\n\r\r\n*********************************************************************************************\r\r\n\r\r\nLast login: 2020-06-26T12:59:47Z\r\r\n\r\r\n[ ne ]\r\r\nroot@THANOS> </xmp></pre>'}, {'id': 27, 'scriptlog': '<span class="badge badge-Light">INFO</span>: <b>pace.sessions.cli</b>: 49:<pre class="text-justify"><xmp>Logged in successfully to CLI</xmp></pre>'}, {'id': 28, 'scriptlog': '<span class="badge badge-Light">INFO</span>: <b>pace.sessions.cli</b>: 67:<pre class="text-justify"><xmp>Entered: show sw-management downloads</xmp></pre>'}, {'id': 29, 'scriptlog': '<span class="badge badge-Light">INFO</span>: <b>pace.sessions.cli</b>: 98:<pre class="text-justify"><xmp>CLi responde Received: show sw-management downloads\r\r\n  \x1b[1;4mdownloads\x1b[0m                                                      \r\r\n  \x1b[1;4mmanifest-ThanOS-F1.0-Main-nightly-2020.06.25_23_10.manifest\x1b[0m    \r\r\n[ ne ]\r\r\nroot@THANOS> </xmp></pre>'}, {'id': 30, 'scriptlog': '<span class="badge badge-Light">INFO</span>: <b>pace.sessions.cli</b>: 100:<pre class="text-justify"><xmp>After Removing ANSIescapeSquence=show sw-management downloads\r\r\n  downloads                                                      \r\r\n  manifest-ThanOS-F1.0-Main-nightly-2020.06.25_23_10.manifest    \r\r\n[ ne ]\r\r\nroot@THANOS> </xmp></pre>'}, {'id': 31, 'scriptlog': '<span class="badge badge-Light">INFO</span>: <b>pace.neapi.operations</b>: 92:<pre class="text-justify"><xmp>Build downloaded successfully.... !!!</xmp></pre>'}, {'id': 32, 'scriptlog': '<span class="badge badge-Light">INFO</span>: <b>pace.neapi.operations</b>: 124:<pre class="text-justify"><xmp>Pre-paring for Upgrade</xmp></pre>'}, {'id': 33, 'scriptlog': '<span class="badge badge-Light">INFO</span>: <b>pace.sessions.cli</b>: 67:<pre class="text-justify"><xmp>Entered: prepare-upgrade apply label=ThanOS-F1.0-Main-nightly-2020.06.25_23_10.manifest</xmp></pre>'}, {'id': 34, 'scriptlog': '<span class="badge badge-Light">INFO</span>: <b>pace.sessions.cli</b>: 98:<pre class="text-justify"><xmp>CLi responde Received: prepare-upgrade apply label=ThanOS-F1.0-Main-nightly-2020.06.25_23_10.manifest\r\r\nPrepare-upgrade initiated...\r\r\nPrepare-upgrade apply initiated. Please use the show commands for status\r\r\n[ ne ]\r\r\nroot@THANOS> </xmp></pre>'}, {'id': 35, 'scriptlog': '<span class="badge badge-Light">INFO</span>: <b>pace.sessions.cli</b>: 100:<pre class="text-justify"><xmp>After Removing ANSIescapeSquence=prepare-upgrade apply label=ThanOS-F1.0-Main-nightly-2020.06.25_23_10.manifest\r\r\nPrepare-upgrade initiated...\r\r\nPrepare-upgrade apply initiated. Please use the show commands for status\r\r\n[ ne ]\r\r\nroot@THANOS> </xmp></pre>'}, {'id': 36, 'scriptlog': '<span class="badge badge-Light">INFO</span>: <b>pace.sessions.cli</b>: 67:<pre class="text-justify"><xmp>Entered: show sw-management software-load-installable</xmp></pre>'}, {'id': 37, 'scriptlog': '<span class="badge badge-Light">INFO</span>: <b>pace.sessions.cli</b>: 98:<pre class="text-justify"><xmp>CLi responde Received: show sw-management software-load-installable\r\r\n  \x1b[1;4msoftware-load-installable\x1b[0m                         \r\r\n  \x1b[1;4msw-component-installable/chm6-F1.0-Main.tar.gz\x1b[0m    \r\r\n  \x1b[1;4msw-component-installable/xmm4-F1.0-Main.tar.gz\x1b[0m    \r\r\n  swload-version                                              \'R1.0.0\' \r\r\n  swload-manifest                                             \'ThanOS-F1.0-Main-nightly-2020.06.25_23_10.manifest\' \r\r\n  swload-prepared                                             true \r\r\n  swload-status                                               apply-complete \r\r\n  swload-information                                          \'2020-06-26 13:00:47:APPLY IN PROGRESS\r\r\n                                                              2020-06-26 13:00:55:APPLY COMPLETE\' \r\r\n  swload-vendor                                               \'Infinera\' \r\r\n  swload-product                                              \'ThanOS\' \r\r\n  swload-label                                                \'ThanOS-F1.0-Main-nightly-2020.06.25_23_10\' \r\r\n[ ne ]\r\r\nroot@THANOS> </xmp></pre>'}, {'id': 38, 'scriptlog': '<span class="badge badge-Light">INFO</span>: <b>pace.sessions.cli</b>: 100:<pre class="text-justify"><xmp>After Removing ANSIescapeSquence=show sw-management software-load-installable\r\r\n  software-load-installable                         \r\r\n  sw-component-installable/chm6-F1.0-Main.tar.gz    \r\r\n  sw-component-installable/xmm4-F1.0-Main.tar.gz    \r\r\n  swload-version                                              \'R1.0.0\' \r\r\n  swload-manifest                                             \'ThanOS-F1.0-Main-nightly-2020.06.25_23_10.manifest\' \r\r\n  swload-prepared                                             true \r\r\n  swload-status                                               apply-complete \r\r\n  swload-information                                          \'2020-06-26 13:00:47:APPLY IN PROGRESS\r\r\n                                                              2020-06-26 13:00:55:APPLY COMPLETE\' \r\r\n  swload-vendor                                               \'Infinera\' \r\r\n  swload-product                                              \'ThanOS\' \r\r\n  swload-label                                                \'ThanOS-F1.0-Main-nightly-2020.06.25_23_10\' \r\r\n[ ne ]\r\r\nroot@THANOS> </xmp></pre>'}, {'id': 39, 'scriptlog': '<span class="badge badge-Light">INFO</span>: <b>pace.neapi.operations</b>: 180:<pre class="text-justify"><xmp>Build installation done Successfully..</xmp></pre>'}, {'id': 40, 'scriptlog': '<span class="badge badge-Light">INFO</span>: <b>pace.neapi.operations</b>: 209:<pre class="text-justify"><xmp><-------- Iteration 0--------------></xmp></pre>'}, {'id': 41, 'scriptlog': '<span class="badge badge-Light">INFO</span>: <b>pace.sessions.cli</b>: 67:<pre class="text-justify"><xmp>Entered: show sw-management software-load-installable</xmp></pre>'}, {'id': 42, 'scriptlog': '<span class="badge badge-Light">INFO</span>: <b>pace.sessions.cli</b>: 98:<pre class="text-justify"><xmp>CLi responde Received: show sw-management software-load-installable\r\r\n  \x1b[1;4msoftware-load-installable\x1b[0m                         \r\r\n  \x1b[1;4msw-component-installable/chm6-F1.0-Main.tar.gz\x1b[0m    \r\r\n  \x1b[1;4msw-component-installable/xmm4-F1.0-Main.tar.gz\x1b[0m    \r\r\n  swload-version                                              \'R1.0.0\' \r\r\n  swload-manifest                                             \'ThanOS-F1.0-Main-nightly-2020.06.25_23_10.manifest\' \r\r\n  swload-prepared                                             true \r\r\n  swload-status                                               apply-complete \r\r\n  swload-information                                          \'2020-06-26 13:00:47:APPLY IN PROGRESS\r\r\n                                                              2020-06-26 13:00:55:APPLY COMPLETE\' \r\r\n  swload-vendor                                               \'Infinera\' \r\r\n  swload-product                                              \'ThanOS\' \r\r\n  swload-label                                                \'ThanOS-F1.0-Main-nightly-2020.06.25_23_10\' \r\r\n[ ne ]\r\r\nroot@THANOS> </xmp></pre>'}, {'id': 43, 'scriptlog': '<span class="badge badge-Light">INFO</span>: <b>pace.sessions.cli</b>: 100:<pre class="text-justify"><xmp>After Removing ANSIescapeSquence=show sw-management software-load-installable\r\r\n  software-load-installable                         \r\r\n  sw-component-installable/chm6-F1.0-Main.tar.gz    \r\r\n  sw-component-installable/xmm4-F1.0-Main.tar.gz    \r\r\n  swload-version                                              \'R1.0.0\' \r\r\n  swload-manifest                                             \'ThanOS-F1.0-Main-nightly-2020.06.25_23_10.manifest\' \r\r\n  swload-prepared                                             true \r\r\n  swload-status                                               apply-complete \r\r\n  swload-information                                          \'2020-06-26 13:00:47:APPLY IN PROGRESS\r\r\n                                                              2020-06-26 13:00:55:APPLY COMPLETE\' \r\r\n  swload-vendor                                               \'Infinera\' \r\r\n  swload-product                                              \'ThanOS\' \r\r\n  swload-label                                                \'ThanOS-F1.0-Main-nightly-2020.06.25_23_10\' \r\r\n[ ne ]\r\r\nroot@THANOS> </xmp></pre>'}, {'id': 44, 'scriptlog': '<span class="badge badge-Light">INFO</span>: <b>pace.neapi.operations</b>: 212:<pre class="text-justify"><xmp>Pre Upgrade completed.. Image is ready for activation..</xmp></pre>'}, {'id': 45, 'scriptlog': '<span class="badge badge-Light">INFO</span>: <b>pace.neapi.operations</b>: 130:<pre class="text-justify"><xmp>Activating SW</xmp></pre>'}, {'id': 46, 'scriptlog': '<span class="badge badge-Light">INFO</span>: <b>pace.sessions.cli</b>: 67:<pre class="text-justify"><xmp>Entered: activate-file swimage label=ThanOS-F1.0-Main-nightly-2020.06.25_23_10.manifest -f</xmp></pre>'}, {'id': 47, 'scriptlog': '<span class="badge badge-Light">INFO</span>: <b>pace.sessions.cli</b>: 98:<pre class="text-justify"><xmp>CLi responde Received: activate-file swimage label=ThanOS-F1.0-Main-nightly-2020.06.25_23_10.manifest -f\r\r\nSoftware Activation Initiated\r\r\n</xmp></pre>'}, {'id': 48, 'scriptlog': '<span class="badge badge-Light">INFO</span>: <b>pace.sessions.cli</b>: 100:<pre class="text-justify"><xmp>After Removing ANSIescapeSquence=activate-file swimage label=ThanOS-F1.0-Main-nightly-2020.06.25_23_10.manifest -f\r\r\nSoftware Activation Initiated\r\r\n</xmp></pre>'}, {'id': 49, 'scriptlog': '<span class="badge badge-Light">INFO</span>: <b>pace.neapi.operations</b>: 264:<pre class="text-justify"><xmp>Activate command initiated... Sleeping for 780 seconds..</xmp></pre>'}, {'id': 50, 'scriptlog': '<span class="badge badge-Light">INFO</span>: <b>pace.neapi.operations</b>: 132:<pre class="text-justify"><xmp>Activated SW. Sleeping for 300 seconds for NE bring-up</xmp></pre>'}, {'id': 51, 'scriptlog': '<span class="badge badge-Light">INFO</span>: <b>pace.neapi.operations</b>: 134:<pre class="text-justify"><xmp>Configuring DCN</xmp></pre>'}, {'id': 52, 'scriptlog': '<span class="badge badge-Light">INFO</span>: <b>pace.sessions.ssh</b>: 114:<pre class="text-justify"><xmp>Entered: virsh console PaceSanity_cc1 --force</xmp></pre>'}, {'id': 53, 'scriptlog': '<span class="badge badge-Light">INFO</span>: <b>pace.sessions.ssh</b>: 132:<pre class="text-justify"><xmp>After Removing ANSIescapeSquence=\r\nLogin timed ou\r\r\nOpen Network Linux OS ONL-thanos_master, 2020-05-29.07:09-c6c7b5b\r\n\r\nlocalhost login:
[  877.249201] EXT4-fs (sda4): mounted filesystem with ordered data mode. Opts: (null)\r\n[  950.503075] EXT4-fs (sda2): mounted filesystem with ordered data mode. Opts: (null)\r\n         Stopping pal.service...\r\n         Stopping fts.service...\r\n[  OK  ] Stopped target RPC Port Mapper.\r\n         Stopping shm.service...\r\n         Stopping dbgagent.service...\r\n         Stopping eqm.service...\r\n         Stopping fmManager.service...\r\n         Stopping ntpd_conf.service...\r\n         Stopping dbgmgr.service...\r\n         Stopping mf.service...\r\n         Stopping Platform Control Plane process...\r\n         Stopping l1serviceManager.service...\r\n         Stopping watchdog daemon...\r\n[  OK  ] Stopped target Graphical Interface.\r\n         Stopping infroutingmanager.service...\r\n         Stopping telemetryAgent.service...\r\n         Stopping swmd.service...\r\n         Stopping Network Time Service...\r\n         Stopping sda.service...\r\n[  OK  ] Stopped target Timers.\r\n[  OK  ] Stopped Daily apt upgrade and clean activities.\r\n         Stopping pmAgent.service...\r\n         Stopping usm.service...\r\n[  OK  ] Stopped Daily Cleanup of Temporary Directories.\r\n         Stopping pmManager.service...\r\n         Stopping telemetryManager.service...\r\n[  OK  ] Stopped Daily apt download activities.\r\n         Stopping webgui.service...\r\n         Stopping key_management.service...\r\n         Unmounting RPC Pipe File System...\r\n         Stopping dhcp_server.service...\r\n[  OK  ] Stopped Daily rotation of log files.\r\n[  OK  ] Stopped target System Time Synchronized.\r\n         Stopping syslogConfigurationManager.service...\r\n[  OK  ] Stopped webgui.service.\r\n[  OK  ] Stopped Network Time Service.\r\n[  OK  ] Stopped fts.service.\r\n[  OK  ] Stopped swmd.service.\r\n[  OK  ] Unmounted RPC Pipe File System.\r\n[  OK  ] Stopped eqm.service.\r\n[  OK  ] Stopped usm.service.\r\n[  OK  ] Stopped watchdog daemon.\r\n[  OK  ] Stopped infroutingmanager.service.\r\n         Stopping sal.service...\r\n         Stopping routingstack.service...\r\n[  OK  ] Stopped sda.service.\r\n[  OK  ] Stopped routingstack.service.\r\n[  OK  ] Stopped pmAgent.service.\r\n[  OK  ] Stopped telemetryManager.service.\r\n[  OK  ] Stopped pal.service.\r\n[  OK  ] Stopped Platform Control Plane process.\r\n[  OK  ] Stopped key_management.service.\r\n[  OK  ] Stopped ntpd_conf.service.\r\n[  OK  ] Stopped pmManager.service.\r\n[  OK  ] Stopped dbgagent.service.\r\n[  OK  ] Stopped dhcp_server.service.\r\n[  OK  ] Stopped l1serviceManager.service.\r\n[  OK  ] Stopped telemetryAgent.service.\r\n[  OK  ] Stopped dbgmgr.service.\r\n[  OK  ] Stopped mf.service.\r\n[  OK  ] Stopped shm.service.\r\n         Stopping dbf.service...\r\n[  OK  ] Stopped target Multi-User System.\r\n         Stopping soad.service...\r\n[  OK  ] Stopped Initialize hardware monitoring sensors.\r\n         Stopping System Logger Daemon...\r\n         Stopping A high performanc… and a reverse proxy server...\r\n[  OK  ] Stopped target Login Prompts.\r\n         Stopping Getty on tty6...\r\n         Stopping Serial Getty on ttyS0...\r\n         Stopping Getty on tty2...\r\n         Stopping Getty on tty4...\r\n[  OK  ] Stopped getty on tty2-tty6… and logind are not available.\r\n         Stopping Getty on tty5...\r\n         Stopping Getty on tty3...\r\n         Stopping Getty on tty1...\r\n         Stopping LTTng session daemon...\r\n         Stopping Internet superserver...\r\n         Stopping Self Monitoring a…g Technology (SMART) Daemon...\r\n[  OK  ] Stopped Resets System Activity Data Collector.\r\n         Stopping auto_run_script.service...\r\n         Stopping OpenBSD Secure Shell server...\r\n         Stopping ztpagent.service...\r\n[  OK  ] Stopped Internet superserver.\r\n[  OK  ] Stopped Getty on tty3.\r\n[  OK  ] Stopped Self Monitoring an…ing Technology (SMART) Daemon.\r\n[  OK  ] Stopped Getty on tty2.\r\n[  OK  ] Stopped Getty on tty1.\r\n[  OK  ] Stopped Getty on tty4.\r\n[  OK  ] Stopped Getty on tty5.\r\n[  OK  ] Stopped Getty on tty6.\r\n[  OK  ] Stopped OpenBSD Secure Shell server.\r\n[  OK  ] Stopped soad.service.\r\n[  OK  ] Stopped Serial Getty on ttyS0.\r\n[  OK  ] Stopped auto_run_script.service.\r\n[  OK  ] Stopped dbf.service.\r\n[  OK  ] Stopped LTTng session daemon.\r\n[  OK  ] Stopped ztpagent.service.\r\n[  OK  ] Stopped syslogConfigurationManager.service.\r\n[  OK  ] Stopped fmManager.service.\r\n         Stopping ztp.service...\r\n         Stopping dbm.service...\r\n         Stopping pre_installed_pkg.service...\r\n         Stopping LSB: Brings up/down network automatically...\r\n         Stopping LSB: disk temperature monitoring daemon...\r\n[  OK  ] Removed slice system-serial\\x2dgetty.slice.\r\n         Stopping Permit User Sessions...\r\n[  OK  ] Removed slice system-getty.slice.\r\n[  OK  ] Stopped ztp.service.\r\n[  OK  ] Stopped dbm.service.\r\n         Stopping dhcp.service...\r\n[  OK  ] Stopped dhcp.service.\r\n[  OK  ] Stopped pre_installed_pkg.service.\r\n[  OK  ] Stopped LSB: disk temperature monitoring daemon.\r\n[  OK  ] Stopped Permit User Sessions.\r\n[  OK  ] Stopped target Remote File Systems.\r\n[  OK  ] Stopped target Remote File Systems (Pre).\r\n[  OK  ] Stopped target NFS client services.\r\n[  OK  ] Stopped LSB: Brings up/down network automatically.\r\n[  OK  ] Stopped target Network is Online.\r\n[  OK  ] Stopped System Logger Daemon.\r\n[  OK  ] Stopped A high performance…er and a reverse proxy server.\r\n[  OK  ] Stopped sal.service.\r\n         Stopping pcid.sim.service...\r\n[  OK  ] Stopped pcid.sim.service.\r\n[  OK  ] Stopped target Network.\r\n         Stopping Raise network interfaces...\r\n[  OK  ] Stopped target Basic System.\r\n[  OK  ] Stopped target Sockets.\r\n[  OK  ] Stopped target Paths.\r\n[  OK  ] Stopped target System Initialization.\r\n         Stopping Load/Save Random Seed...\r\n[  OK  ] Stopped target Local Encrypted Volumes.\r\n[  OK  ] Stopped Dispatch Password …ts to Console Directory Watch.\r\n[  OK  ] Stopped Forward Password R…uests to Wall Directory Watch.\r\n         Stopping Update UTMP about System Boot/Shutdown...\r\n[  OK  ] Stopped target Slices.\r\n[  OK  ] Stopped Load/Save Random Seed.\r\n[  OK  ] Stopped Update UTMP about System Boot/Shutdown.\r\n[  OK  ] Stopped Raise network interfaces.\r\n[  OK  ] Stopped Apply Kernel Variables.\r\n[  OK  ] Stopped Load Kernel Modules.\r\n[  OK  ] Stopped Create Volatile Files and Directories.\r\n[  OK  ] Stopped target Local File Systems.\r\n         Unmounting /var/ilxd/db...\r\n         Unmounting /var/ilxd/info...\r\n         Unmounting /root...\r\n[  OK  ] Unmounted /var/ilxd/info.\r\n[  OK  ] Stopped target Swap.\r\n[  OK  ] Unmounted /var/ilxd/db.\r\n         Unmounting /var/ilxd...\r\n[  OK  ] Unmounted /root.\r\n[  OK  ] Stopped File System Check …/dev/disk/by-label/ONL-IMAGES.\r\n[FAILED] Failed unmounting /var/ilxd.\r\n[  OK  ] Reached target Unmount All Filesystems.\r\n[  OK  ] Stopped File System Check …/dev/disk/by-label/ONL-CONFIG.\r\n[  OK  ] Removed slice system-systemd\\x2dfsck.slice.\r\n[  OK  ] Stopped target Local File Systems (Pre).\r\n[  OK  ] Stopped Create Static Device Nodes in /dev.\r\n[  OK  ] Stopped Create System Users.\r\n[  OK  ] Stopped Remount Root and Kernel File Systems.\r\n[  OK  ] Stopped File System Check on Root Device.\r\n[  OK  ] Reached target Shutdown.\r\n[  OK  ] Reached target Final Step.\r\n[  OK  ] Started Reboot.\r\n[  OK  ] Reached target Reboot.\r\n[  962.030181] watchdog: watchdog0: watchdog did not stop!\r\n[  962.034503] systemd-shutdow: 38 output lines suppressed due to ratelimiting\r\n[  962.053723] systemd-shutdown[1]: Syncing filesystems and block devices.\r\n[  962.083946] systemd-shutdown[1]: Sending SIGTERM to remaining processes...\r\n[  962.088989] systemd-journald[1506]: Received SIGTERM from PID 1 (systemd-shutdow).\r\n[  962.124721] systemd-shutdown[1]: Sending SIGKILL to remaining processes...\r\n[  962.127220] systemd-shutdown[1]: Hardware watchdog \'iTCO_wdt\', version 0\r\n[  962.129323] systemd-shutdown[1]: Unmounting file systems.\r\n[  962.131493] [16950]: Remounting \'/var/ilxd\' read-only in with options \'(null)\'.\r\n[  962.133827] [16950]: Failed to remount \'/var/ilxd\' read-only: Device or resource busy\r\n[  962.136820] [16951]: Unmounting \'/var/ilxd\'.\r\n[  962.137836] [16951]: Failed to unmount /var/ilxd: Device or resource busy\r\n[  962.139884] [16952]: Remounting \'/\' read-only in with options \'(null)\'.\r\n[  962.146923] EXT4-fs (sda3): re-mounted. Opts: (null)\r\n[  962.148970] systemd-shutdown[1]: Not all file systems unmounted, 1 left.\r\n[  962.151233] systemd-shutdown[1]: Deactivating swaps.\r\n[  962.153024] systemd-shutdown[1]: All swaps deactivated.\r\n[  962.154846] systemd-shutdown[1]: Detaching loop devices.\r\n[  962.157471] systemd-shutdown[1]: Detaching loopback /dev/loop0.\r\n[  962.247253] [16958]: Remounting \'/var/ilxd\' read-only in with options \'(null)\'.\r\n[  962.253582] EXT4-fs (sda5): re-mounted. Opts: (null)\r\n[  962.262276] [16959]: Unmounting \'/var/ilxd\'.\r\n[  962.298130] sd 0:0:0:0: [sda] Synchronizing SCSI cache\r\n[  962.681825] reboot: Restarting system\r\n[  962.683990] reboot: machine restart\r\nGNU GRUB  version 2.02+dfsg1-20\n\r\n\r+----------------------------------------------------------------------------+||||||||||||||||||||||||+----------------------------------------------------------------------------+     Use the ^ and v keys to select which entry is highlighted.          \n\r      Press enter to boot the selected OS, `e\' to edit the commands       \n\r      before booting or `c\' for a command-line.                            *NextGenOS Active                                                            NextGenOS Backup                                                            ONIE                                                                                                                                                                                                                                                                                                                                                                                                                                                                                                                                                                                                                                                                                                                                                                                       The highlighted entry will be executed automatically in 5s.                    The highlighted entry will be executed automatically in 4s.                    The highlighted entry will be executed automatically in 3s.                    The highlighted entry will be executed automatically in 2s.                    The highlighted entry will be executed automatically in 1s.                    The highlighted entry will be executed automatically in 0s.                 Loading NextGenOs active image ...\n\r[    0.000000] Linux version 4.19.81-OpenNetworkLinux-thanos (root@in-thanos-qa3) (gcc version 8.3.0 (Debian 8.3.0-6)) #1 SMP Tue May 19 10:10:46 UTC 2020\r\n[    0.000000] Command line: BOOT_IMAGE=/boot/bzImage root=/dev/sda4 console=tty0 console=ttyS0,115200n8 GIBSON_TYPE=OS net.ifnames=0 fsck.repair=yes\r\n[    0.000000] x86/fpu: Supporting XSAVE feature 0x001: \'x87 floating point registers\'\r\n[    0.000000] x86/fpu: Supporting XSAVE feature 0x002: \'SSE registers\'\r\n[    0.000000] x86/fpu: Supporting XSAVE feature 0x004: \'AVX registers\'\r\n[    0.000000] x86/fpu: xstate_offset[2]:  576, xstate_sizes[2]:  256\r\n[    0.000000] x86/fpu: Enabled xstate features 0x7, context size is 832 bytes, using \'standard\' format.\r\n[    0.000000] BIOS-provided physical RAM map:\r\n[    0.000000] BIOS-e820: [mem 0x0000000000000000-0x000000000009fbff] usable\r\n[    0.000000] BIOS-e820: [mem 0x000000000009fc00-0x000000000009ffff] reserved\r\n[    0.000000] BIOS-e820: [mem 0x00000000000f0000-0x00000000000fffff] reserved\r\n[    0.000000] BIOS-e820: [mem 0x0000000000100000-0x000000007ffddfff] usable\r\n[    0.000000] BIOS-e820: [mem 0x000000007ffde000-0x000000007fffffff] reserved\r\n[    0.000000] BIOS-e820: [mem 0x00000000b0000000-0x00000000bfffffff] reserved\r\n[    0.000000] BIOS-e820: [mem 0x00000000fed1c000-0x00000000fed1ffff] reserved\r\n[    0.000000] BIOS-e820: [mem 0x00000000feffc000-0x00000000feffffff] reserved\r\n[    0.000000] BIOS-e820: [mem 0x00000000fffc0000-0x00000000ffffffff] reserved\r\n[    0.000000] BIOS-e820: [mem 0x0000000100000000-0x000000017fffffff] usable\r\n[    0.000000] NX (Execute Disable) protection: active\r\n[    0.000000] SMBIOS 2.8 present.\r\n[    0.000000] DMI: QEMU Standard PC (Q35 + ICH9, 2009), BIOS 1.12.0-1 04/01/2014\r\n[    0.000000] tsc: Fast TSC calibration using PIT\r\n[    0.000000] tsc: Detected 2397.270 MHz processor\r\n[    0.000639] last_pfn = 0x180000 max_arch_pfn = 0x400000000\r\n[    0.000672] x86/PAT: Configuration [0-7]: WB  WC  UC- UC  WB  WP  UC- WT  \r\n[    0.000677] last_pfn = 0x7ffde max_arch_pfn = 0x400000000\r\n[    0.006437] found SMP MP-table at [mem 0x000f5a80-0x000f5a8f]\r\n[    0.006456] Scanning 1 areas for low memory corruption\r\n[    0.006476] Using GB pages for direct mapping\r\n[    0.006634] ACPI: Early table checksum verification disabled\r\n[    0.006674] ACPI: RSDP 0x00000000000F5860 000014 (v00 BOCHS )\r\n[    0.006684] ACPI: RSDT 0x000000007FFE2092 000030 (v01 BOCHS  BXPCRSDT 00000001 BXPC 00000001)\r\n[    0.006691] ACPI: FACP 0x000000007FFE1EE2 0000F4 (v03 BOCHS  BXPCFACP 00000001 BXPC 00000001)\r\n[    0.006697] ACPI: DSDT 0x000000007FFE0040 001EA2 (v01 BOCHS  BXPCDSDT 00000001 BXPC 00000001)\r\n[    0.006701] ACPI: FACS 0x000000007FFE0000 000040\r\n[    0.006703] ACPI: APIC 0x000000007FFE1FD6 000080 (v01 BOCHS  BXPCAPIC 00000001 BXPC 00000001)\r\n[    0.006706] ACPI: MCFG 0x000000007FFE2056 00003C (v01 BOCHS  BXPCMCFG 00000001 BXPC 00000001)\r\n[    0.006770] Zone ranges:\r\n[    0.006771]   DMA      [mem 0x0000000000001000-0x0000000000ffffff]\r\n[    0.006772]   DMA32    [mem 0x0000000001000000-0x00000000ffffffff]\r\n[    0.006773]   Normal   [mem 0x0000000100000000-0x000000017fffffff]\r\n[    0.006774] Movable zone start for each node\r\n[    0.006775] Early memory node ranges\r\n[    0.006776]   node   0: [mem 0x0000000000001000-0x000000000009efff]\r\n[    0.006776]   node   0: [mem 0x0000000000100000-0x000000007ffddfff]\r\n[    0.006777]   node   0: [mem 0x0000000100000000-0x000000017fffffff]\r\n[    0.006799] Reserved but unavailable: 98 pages\r\n[    0.006800] Initmem setup node 0 [mem 0x0000000000001000-0x000000017fffffff]\r\n[    0.041467] ACPI: PM-Timer IO Port: 0x608\r\n[    0.041484] ACPI: LAPIC_NMI (acpi_id[0xff] dfl dfl lint[0x1])\r\n[    0.041530] IOAPIC[0]: apic_id 0, version 17, address 0xfec00000, GSI 0-23\r\n[    0.041534] ACPI: INT_SRC_OVR (bus 0 bus_irq 0 global_irq 2 dfl dfl)\r\n[    0.041535] ACPI: INT_SRC_OVR (bus 0 bus_irq 5 global_irq 5 high level)\r\n[    0.041536] ACPI: INT_SRC_OVR (bus 0 bus_irq 9 global_irq 9 high level)\r\n[    0.041537] ACPI: INT_SRC_OVR (bus 0 bus_irq 10 global_irq 10 high level)\r\n[    0.041538] ACPI: INT_SRC_OVR (bus 0 bus_irq 11 global_irq 11 high level)\r\n[    0.041543] Using ACPI (MADT) for SMP configuration information\r\n[    0.041545] smpboot: Allowing 2 CPUs, 0 hotplug CPUs\r\n[    0.041558] [mem 0xc0000000-0xfed1bfff] available for PCI devices\r\n[    0.041562] clocksource: refined-jiffies: mask: 0xffffffff max_cycles: 0xffffffff, max_idle_ns: 7645519600211568 ns\r\n[    0.146179] setup_percpu: NR_CPUS:64 nr_cpumask_bits:64 nr_cpu_ids:2 nr_node_ids:1\r\n[    0.146670] percpu: Embedded 43 pages/cpu s136664 r8192 d31272 u1048576\r\n[    0.146693] Built 1 zonelists, mobility grouping on.  Total pages: 1032039\r\n[    0.146695] Kernel command line: BOOT_IMAGE=/boot/bzImage root=/dev/sda4 console=tty0 console=ttyS0,115200n8 GIBSON_TYPE=OS net.ifnames=0 fsck.repair=yes\r\n[    0.147721] Dentry cache hash table entries: 524288 (order: 10, 4194304 bytes)\r\n[    0.148181] Inode-cache hash table entries: 262144 (order: 9, 2097152 bytes)\r\n[    0.174715] Memory: 4026928K/4193776K available (14348K kernel code, 1379K rwdata, 3552K rodata, 1176K init, 708K bss, 166848K reserved, 0K cma-reserved)\r\n[    0.174768] SLUB: HWalign=64, Order=0-3, MinObjects=0, CPUs=2, Nodes=1\r\n[    0.174770] Kernel/User page tables isolation: enabled\r\n[    0.174883] rcu: Hierarchical RCU implementation.\r\n[    0.174883] rcu: \tRCU event tracing is enabled.\r\n[    0.174884] rcu: \tRCU dyntick-idle grace-period acceleration is enabled.\r\n[    0.174885] rcu: \tRCU restricting CPUs from NR_CPUS=64 to nr_cpu_ids=2.\r\n[    0.174886] rcu: Adjusting geometry for rcu_fanout_leaf=16, nr_cpu_ids=2\r\n[    0.175000] NR_IRQS: 4352, nr_irqs: 440, preallocated irqs: 16\r\n[    0.176921] Console: colour VGA+ 80x25\r\n[    0.189021] console [tty0] enabled\r\n[    0.278616] console [ttyS0] enabled\r\n[    0.279410] ACPI: Core revision 20180810\r\n[    0.280335] APIC: Switch to symmetric I/O mode setup\r\n[    0.281605] x2apic: IRQ remapping doesn\'t support X2APIC mode\r\n[    0.284131] ..TIMER: vector=0x30 apic1=0 pin1=2 apic2=-1 pin2=-1\r\n[    0.304354] clocksource: tsc-early: mask: 0xffffffffffffffff max_cycles: 0x228e24aa81f, max_idle_ns: 440795249305 ns\r\n[    0.306543] Calibrating delay loop (skipped), value calculated using timer frequency.. 4794.54 BogoMIPS (lpj=9589080)\r\n[    0.310529] pid_max: default: 32768 minimum: 301\r\n[    0.311610] Security Framework initialized\r\n[    0.312522] Mount-cache hash table entries: 8192 (order: 4, 65536 bytes)\r\n[    0.313842] Mountpoint-cache hash table entries: 8192 (order: 4, 65536 bytes)\r\n[    0.314748] Last level iTLB entries: 4KB 0, 2MB 0, 4MB 0\r\n[    0.315832] Last level dTLB entries: 4KB 0, 2MB 0, 4MB 0, 1GB 0\r\n[    0.317010] Spectre V1 : Mitigation: usercopy/swapgs barriers and __user pointer sanitization\r\n[    0.318529] Spectre V2 : Mitigation: Full generic retpoline\r\n[    0.319651] Spectre V2 : Spectre v2 / SpectreRSB mitigation: Filling RSB on context switch\r\n[    0.322528] Speculative Store Bypass: Vulnerable\r\n[    0.323546] MDS: Vulnerable: Clear CPU buffers attempted, no microcode\r\n[    0.325056] Freeing SMP alternatives memory: 48K\r\n[    0.326128] smpboot: CPU0: Intel Core Processor (Haswell, no TSX) (family: 0x6, model: 0x3c, stepping: 0x1)\r\n[    0.326527] Performance Events: unsupported p6 CPU model 60 no PMU driver, software events only.\r\n[    0.326527] rcu: Hierarchical SRCU implementation.\r\n[    0.326609] NMI watchdog: Perf NMI watchdog permanently disabled\r\n[    0.327861] smp: Bringing up secondary CPUs ...\r\n[    0.328891] x86: Booting SMP configuration:\r\n[    0.329784] .... node  #0, CPUs:      #1\r\n[    0.410541] smp: Brought up 1 node, 2 CPUs\r\n[    0.412293] smpboot: Max logical packages: 2\r\n[    0.413197] ----------------\r\n[    0.413859] | NMI testsuite:\r\n[    0.414531] --------------------\r\n[    0.415282]   remote IPI:  ok  |\r\n[    0.416074]    local IPI:  ok  |\r\n[    0.416808] --------------------\r\n[    0.417534] Good, all   2 testcases passed! |\r\n[    0.418470] ---------------------------------\r\n[    0.418530] smpboot: Total of 2 processors activated (9599.65 BogoMIPS)\r\n[    0.420155] devtmpfs: initialized\r\n[    0.420155] x86/mm: Memory block size: 128MB\r\n[    0.420529] random: get_random_bytes called from setup_net+0x33/0x190 with crng_init=0\r\n[    0.422623] clocksource: jiffies: mask: 0xffffffff max_cycles: 0xffffffff, max_idle_ns: 7645041785100000 ns\r\n[    0.424603] futex hash table entries: 512 (order: 3, 32768 bytes)\r\n[    0.424596] kworker/u4:0 (23) used greatest stack depth: 14792 bytes left\r\n[    0.425941] xor: automatically using best checksumming function   avx       \r\n[    0.427976] pinctrl core: initialized pinctrl subsystem\r\n[    0.429722] NET: Registered protocol family 16\r\n[    0.430636] audit: initializing netlink subsys (disabled)\r\n[    0.431805] cpuidle: using governor ladder\r\n[    0.431805] cpuidle: using governor menu\r\n[    0.432619] ACPI: bus type PCI registered\r\n[    0.434580] audit: type=2000 audit(1593176614.148:1): state=initialized audit_enabled=0 res=1\r\n[    0.434720] PCI: MMCONFIG for domain 0000 [bus 00-ff] at [mem 0xb0000000-0xbfffffff] (base 0xb0000000)\r\n[    0.438533] PCI: MMCONFIG at [mem 0xb0000000-0xbfffffff] reserved in E820\r\n[    0.439885] PCI: Using configuration type 1 for base access\r\n[    0.441063] kworker/u4:0 (50) used greatest stack depth: 14344 bytes left\r\n[    0.448461] HugeTLB registered 1.00 GiB page size, pre-allocated 0 pages\r\n[    0.448461] HugeTLB registered 2.00 MiB page size, pre-allocated 0 pages\r\n[    0.450557] cryptd: max_cpu_qlen set to 1000\r\n[    0.518533] raid6: sse2x1   gen() 11337 MB/s\r\n[    0.586532] raid6: sse2x1   xor()  8094 MB/s\r\n[    0.654531] raid6: sse2x2   gen() 13869 MB/s\r\n[    0.722532] raid6: sse2x2   xor()  8874 MB/s\r\n[    0.790529] raid6: sse2x4   gen() 16312 MB/s\r\n[    0.858532] raid6: sse2x4   xor()  9575 MB/s\r\n[    0.926530] raid6: avx2x1   gen() 22158 MB/s\r\n[    0.994529] raid6: avx2x1   xor() 15438 MB/s\r\n[    1.062530] raid6: avx2x2   gen() 26904 MB/s\r\n[    1.130530] raid6: avx2x2   xor() 16450 MB/s\r\n[    1.198530] raid6: avx2x4   gen() 29963 MB/s\r\n[    1.266530] raid6: avx2x4   xor() 17270 MB/s\r\n[    1.267758] raid6: using algorithm avx2x4 gen() 29963 MB/s\r\n[    1.268924] raid6: .... xor() 17270 MB/s, rmw enabled\r\n[    1.270046] raid6: using avx2x2 recovery algorithm\r\n[    1.270653] ACPI: Added _OSI(Module Device)\r\n[    1.272991] ACPI: Added _OSI(Processor Device)\r\n[    1.274536] ACPI: Added _OSI(3.0 _SCP Extensions)\r\n[    1.274536] ACPI: Added _OSI(Processor Aggregator Device)\r\n[    1.278992] ACPI: Added _OSI(Linux-Dell-Video)\r\n[    1.280068] ACPI: Added _OSI(Linux-Lenovo-NV-HDMI-Audio)\r\n[    1.282058] ACPI: 1 ACPI AML tables successfully acquired and loaded\r\n[    1.283226] ACPI: Interpreter enabled\r\n[    1.284147] ACPI: (supports S0 S5)\r\n[    1.285003] ACPI: Using IOAPIC for interrupt routing\r\n[    1.286537] PCI: Using host bridge windows from ACPI; if necessary, use "pci=nocrs" and report a bug\r\n[    1.290613] ACPI: Enabled 1 GPEs in block 00 to 3F\r\n[    1.293305] ACPI: PCI Root Bridge [PCI0] (domain 0000 [bus 00-ff])\r\n[    1.294534] acpi PNP0A08:00: _OSC: OS supports [ExtendedConfig ASPM ClockPM Segments MSI]\r\n[    1.296309] acpi PNP0A08:00: _OSC: platform does not support [LTR]\r\n[    1.297577] acpi PNP0A08:00: _OSC: OS now controls [PCIeHotplug SHPCHotplug PME AER PCIeCapability]\r\n[    1.298559] PCI host bridge to bus 0000:00\r\n[    1.299520] pci_bus 0000:00: root bus resource [io  0x0000-0x0cf7 window]\r\n[    1.300937] pci_bus 0000:00: root bus resource [io  0x0d00-0xffff window]\r\n[    1.302355] pci_bus 0000:00: root bus resource [mem 0x000a0000-0x000bffff window]\r\n[    1.302530] pci_bus 0000:00: root bus resource [mem 0xc0000000-0xfebfffff window]\r\n[    1.304179] pci_bus 0000:00: root bus resource [mem 0x180000000-0x97fffffff window]\r\n[    1.305858] pci_bus 0000:00: root bus resource [bus 00-ff]\r\n[    1.351947] pci 0000:00:1f.0: quirk: [io  0x0600-0x067f] claimed by ICH6 ACPI/GPIO/TCO\r\n[    1.454154] pci 0000:00:01.0: PCI bridge to [bus 01]\r\n[    1.459732] pci 0000:00:01.1: PCI bridge to [bus 02]\r\n[    1.472481] pci 0000:00:01.2: PCI bridge to [bus 03]\r\n[    1.474533] pci 0000:00:01.3: PCI bridge to [bus 04]\r\n[    1.480956] pci 0000:00:01.4: PCI bridge to [bus 05]\r\n[    1.487626] pci 0000:00:01.5: PCI bridge to [bus 06]\r\n[    1.489572] pci 0000:00:01.6: PCI bridge to [bus 07]\r\n[    1.496702] ACPI: PCI Interrupt Link [LNKA] (IRQs 5 *10 11)\r\n[    1.497963] ACPI: PCI Interrupt Link [LNKB] (IRQs 5 *10 11)\r\n[    1.498623] ACPI: PCI Interrupt Link [LNKC] (IRQs 5 10 *11)\r\n[    1.499859] ACPI: PCI Interrupt Link [LNKD] (IRQs 5 10 *11)\r\n[    1.501152] ACPI: PCI Interrupt Link [LNKE] (IRQs 5 *10 11)\r\n[    1.502355] ACPI: PCI Interrupt Link [LNKF] (IRQs 5 *10 11)\r\n[    1.502617] ACPI: PCI Interrupt Link [LNKG] (IRQs 5 10 *11)\r\n[    1.503917] ACPI: PCI Interrupt Link [LNKH] (IRQs 5 10 *11)\r\n[    1.505078] ACPI: PCI Interrupt Link [GSIA] (IRQs *16)\r\n[    1.506136] ACPI: PCI Interrupt Link [GSIB] (IRQs *17)\r\n[    1.506538] ACPI: PCI Interrupt Link [GSIC] (IRQs *18)\r\n[    1.507625] ACPI: PCI Interrupt Link [GSID] (IRQs *19)\r\n[    1.508691] ACPI: PCI Interrupt Link [GSIE] (IRQs *20)\r\n[    1.509756] ACPI: PCI Interrupt Link [GSIF] (IRQs *21)\r\n[    1.510547] ACPI: PCI Interrupt Link [GSIG] (IRQs *22)\r\n[    1.511667] ACPI: PCI Interrupt Link [GSIH] (IRQs *23)\r\n[    1.513095] SCSI subsystem initialized\r\n[    1.514049] ACPI: bus type USB registered\r\n[    1.514557] usbcore: registered new interface driver usbfs\r\n[    1.515756] usbcore: registered new interface driver hub\r\n[    1.517040] usbcore: registered new device driver usb\r\n[    1.518284] pps_core: LinuxPPS API ver. 1 registered\r\n[    1.518531] pps_core: Software ver. 5.3.6 - Copyright 2005-2007 Rodolfo Giometti <giometti@linux.it>\r\n[    1.520501] PTP clock support registered\r\n[    1.521532] EDAC MC: Ver: 3.0.0\r\n[    1.522837] PCI: Using ACPI for IRQ routing\r\n[    1.594667] NetLabel: Initializing\r\n[    1.595472] NetLabel:  domain hash size = 128\r\n[    1.596409] NetLabel:  protocols = UNLABELED CIPSOv4 CALIPSO\r\n[    1.597668] NetLabel:  unlabeled traffic allowed by default\r\n[    1.598601] dcdbas dcdbas: Dell Systems Management Base Driver (version 5.6.0-3.2)\r\n[    1.600265] clocksource: Switched to clocksource tsc-early\r\n[    1.609611] VFS: Disk quotas dquot_6.6.0\r\n[    1.610546] VFS: Dquot-cache hash table entries: 512 (order 0, 4096 bytes)\r\n[    1.612020] pnp: PnP ACPI init\r\n[    1.613167] pnp: PnP ACPI: found 4 devices\r\n[    1.620996] clocksource: acpi_pm: mask: 0xffffff max_cycles: 0xffffff, max_idle_ns: 2085701024 ns\r\n[    1.634100] pci 0000:00:01.1: BAR 13: assigned [io  0x1000-0x1fff]\r\n[    1.635408] pci 0000:00:01.2: BAR 13: assigned [io  0x2000-0x2fff]\r\n[    1.637619] pci 0000:00:01.3: BAR 13: assigned [io  0x3000-0x3fff]\r\n[    1.638938] pci 0000:00:01.4: BAR 13: assigned [io  0x4000-0x4fff]\r\n[    1.640203] pci 0000:00:01.5: BAR 13: assigned [io  0x5000-0x5fff]\r\n[    1.641437] pci 0000:00:01.6: BAR 13: assigned [io  0x6000-0x6fff]\r\n[    1.642737] pci 0000:00:01.0: PCI bridge to [bus 01]\r\n[    1.643824] pci 0000:00:01.0:   bridge window [io  0xc000-0xcfff]\r\n[    1.645899] pci 0000:00:01.0:   bridge window [mem 0xfcc00000-0xfcffffff]\r\n[    1.647984] pci 0000:00:01.0:   bridge window [mem 0xfea00000-0xfebfffff 64bit pref]\r\n[    1.650905] pci 0000:00:01.1: PCI bridge to [bus 02]\r\n[    1.651944] pci 0000:00:01.1:   bridge window [io  0x1000-0x1fff]\r\n[    1.654108] pci 0000:00:01.1:   bridge window [mem 0xfda00000-0xfdbfffff]\r\n[    1.656185] pci 0000:00:01.1:   bridge window [mem 0xfe800000-0xfe9fffff 64bit pref]\r\n[    1.659793] pci 0000:00:01.2: PCI bridge to [bus 03]\r\n[    1.660847] pci 0000:00:01.2:   bridge window [io  0x2000-0x2fff]\r\n[    1.662954] pci 0000:00:01.2:   bridge window [mem 0xfd800000-0xfd9fffff]\r\n[    1.664832] pci 0000:00:01.2:   bridge window [mem 0xfe600000-0xfe7fffff 64bit pref]\r\n[    1.667548] pci 0000:00:01.3: PCI bridge to [bus 04]\r\n[    1.669448] pci 0000:00:01.3:   bridge window [io  0x3000-0x3fff]\r\n[    1.671501] pci 0000:00:01.3:   bridge window [mem 0xfd600000-0xfd7fffff]\r\n[    1.673386] pci 0000:00:01.3:   bridge window [mem 0xfe400000-0xfe5fffff 64bit pref]\r\n[    1.675989] pci 0000:00:01.4: PCI bridge to [bus 05]\r\n[    1.677039] pci 0000:00:01.4:   bridge window [io  0x4000-0x4fff]\r\n[    1.679792] pci 0000:00:01.4:   bridge window [mem 0xfd400000-0xfd5fffff]\r\n[    1.681680] pci 0000:00:01.4:   bridge window [mem 0xfe200000-0xfe3fffff 64bit pref]\r\n[    1.684252] pci 0000:00:01.5: PCI bridge to [bus 06]\r\n[    1.685295] pci 0000:00:01.5:   bridge window [io  0x5000-0x5fff]\r\n[    1.687361] pci 0000:00:01.5:   bridge window [mem 0xfd200000-0xfd3fffff]\r\n[    1.689519] pci 0000:00:01.5:   bridge window [mem 0xfe000000-0xfe1fffff 64bit pref]\r\n[    1.693088] pci 0000:00:01.6: PCI bridge to [bus 07]\r\n[    1.694134] pci 0000:00:01.6:   bridge window [io  0x6000-0x6fff]\r\n[    1.696158] pci 0000:00:01.6:   bridge window [mem 0xfd000000-0xfd1fffff]\r\n[    1.698026] pci 0000:00:01.6:   bridge window [mem 0xfde00000-0xfdffffff 64bit pref]\r\n[    1.700769] NET: Registered protocol family 2\r\n[    1.702579] tcp_listen_portaddr_hash hash table entries: 2048 (order: 3, 32768 bytes)\r\n[    1.704127] TCP established hash table entries: 32768 (order: 6, 262144 bytes)\r\n[    1.705599] TCP bind hash table entries: 32768 (order: 7, 524288 bytes)\r\n[    1.707125] TCP: Hash tables configured (established 32768 bind 32768)\r\n[    1.708540] UDP hash table entries: 2048 (order: 4, 65536 bytes)\r\n[    1.709818] UDP-Lite hash table entries: 2048 (order: 4, 65536 bytes)\r\n[    1.711224] NET: Registered protocol family 1\r\n[    1.712404] RPC: Registered named UNIX socket transport module.\r\n[    1.713681] RPC: Registered udp transport module.\r\n[    1.714774] RPC: Registered tcp transport module.\r\n[    1.715778] RPC: Registered tcp NFSv4.1 backchannel transport module.\r\n[    1.717491] PCI Interrupt Link [GSIF] enabled at IRQ 21\r\n[    1.719864] PCI-DMA: Using software bounce buffering for IO (SWIOTLB)\r\n[    1.721158] software IO TLB: mapped [mem 0x7bfde000-0x7ffde000] (64MB)\r\n[    1.722623] Machine check injector initialized\r\n[    1.723806] Scanning for low memory corruption every 60 seconds\r\n[    1.725441] workingset: timestamp_bits=46 max_order=20 bucket_order=0\r\n[    1.728103] squashfs: version 4.0 (2009/01/31) Phillip Lougher\r\n[    1.729675] NFS: Registering the id_resolver key type\r\n[    1.730836] Key type id_resolver registered\r\n[    1.731835] Key type id_legacy registered\r\n[    1.733695] NET: Registered protocol family 38\r\n[    1.734740] Block layer SCSI generic (bsg) driver version 0.4 loaded (major 248)\r\n[    1.736282] io scheduler noop registered\r\n[    1.737184] io scheduler deadline registered\r\n[    1.738172] io scheduler cfq registered (default)\r\n[    1.739227] io scheduler mq-deadline registered\r\n[    1.740249] io scheduler kyber registered\r\n[    1.754649] pcieport 0000:00:01.0: AER enabled with IRQ 24\r\n[    1.755933] pcieport 0000:00:01.1: AER enabled with IRQ 25\r\n[    1.757207] pcieport 0000:00:01.2: AER enabled with IRQ 26\r\n[    1.758484] pcieport 0000:00:01.3: AER enabled with IRQ 27\r\n[    1.759758] pcieport 0000:00:01.4: AER enabled with IRQ 28\r\n[    1.761026] pcieport 0000:00:01.5: AER enabled with IRQ 29\r\n[    1.762300] pcieport 0000:00:01.6: AER enabled with IRQ 30\r\n[    1.763521] pciehp 0000:00:01.0:pcie004: Slot #0 AttnBtn+ PwrCtrl+ MRL- AttnInd+ PwrInd+ HotPlug+ Surprise+ Interlock+ NoCompl- LLActRep-\r\n[    1.766006] pciehp 0000:00:01.1:pcie004: Slot #0 AttnBtn+ PwrCtrl+ MRL- AttnInd+ PwrInd+ HotPlug+ Surprise+ Interlock+ NoCompl- LLActRep-\r\n[    1.768552] pciehp 0000:00:01.2:pcie004: Slot #0 AttnBtn+ PwrCtrl+ MRL- AttnInd+ PwrInd+ HotPlug+ Surprise+ Interlock+ NoCompl- LLActRep-\r\n[    1.771028] pciehp 0000:00:01.3:pcie004: Slot #0 AttnBtn+ PwrCtrl+ MRL- AttnInd+ PwrInd+ HotPlug+ Surprise+ Interlock+ NoCompl- LLActRep-\r\n[    1.773495] pciehp 0000:00:01.4:pcie004: Slot #0 AttnBtn+ PwrCtrl+ MRL- AttnInd+ PwrInd+ HotPlug+ Surprise+ Interlock+ NoCompl- LLActRep-\r\n[    1.776037] pciehp 0000:00:01.5:pcie004: Slot #0 AttnBtn+ PwrCtrl+ MRL- AttnInd+ PwrInd+ HotPlug+ Surprise+ Interlock+ NoCompl- LLActRep-\r\n[    1.778525] pciehp 0000:00:01.6:pcie004: Slot #0 AttnBtn+ PwrCtrl+ MRL- AttnInd+ PwrInd+ HotPlug+ Surprise+ Interlock+ NoCompl- LLActRep-\r\n[    1.780951] cpcihp_zt5550: ZT5550 CompactPCI Hot Plug Driver version: 0.2\r\n[    1.782315] cpcihp_generic: Generic port I/O CompactPCI Hot Plug Driver version: 0.1\r\n[    1.783831] cpcihp_generic: not configured, disabling.\r\n[    1.784966] shpchp: Standard Hot Plug PCI Controller Driver version: 0.4\r\n[    1.786353] version 39.2\r\n[    1.787001] ipmi device interface\r\n[    1.787791] IPMI System Interface driver.\r\n[    1.788731] ipmi_si: Unable to find any System Interface(s)\r\n[    1.789930] IPMI SSIF Interface driver\r\n[    1.790869] IPMI Watchdog: driver initialized\r\n[    1.791845] Copyright (C) 2004 MontaVista Software - IPMI Powerdown via sys_reboot.\r\n[    1.793469] input: Power Button as /devices/LNXSYSTM:00/LNXPWRBN:00/input/input0\r\n[    1.795044] ACPI: Power Button [PWRF]\r\n[    1.801373] Serial: 8250/16550 driver, 4 ports, IRQ sharing enabled\r\n[    1.830864] 00:03: ttyS0 at I/O 0x3f8 (irq = 4, base_baud = 115200) is a 16550A\r\n[    1.840783] Non-volatile memory driver v1.3\r\n[    1.841806] AMD IOMMUv2 driver by Joerg Roedel <jroedel@suse.de>\r\n[    1.843066] AMD IOMMUv2 functionality not available on this system\r\n[    1.845892] brd: module loaded\r\n[    1.848082] loop: module loaded\r\n[    1.851917] dummy-irq: no IRQ given.  Use irq=N\r\n[    1.853071] lpc_ich 0000:00:1f.0: I/O space for GPIO uninitialized\r\n[    1.854727] PCI Interrupt Link [GSIA] enabled at IRQ 16\r\n[    1.856448] ahci 0000:00:1f.2: AHCI 0001.0000 32 slots 6 ports 1.5 Gbps 0x3f impl SATA mode\r\n[    1.858027] ahci 0000:00:1f.2: flags: 64bit ncq only \r\n[    1.860209] scsi host0: ahci\r\n[    1.860998] scsi host1: ahci\r\n[    1.861736] scsi host2: ahci\r\n[    1.862483] scsi host3: ahci\r\n[    1.863243] scsi host4: ahci\r\n[    1.863992] scsi host5: ahci\r\n[    1.864688] ata1: SATA max UDMA/133 abar m4096@0xfdc07000 port 0xfdc07100 irq 33\r\n[    1.866140] ata2: SATA max UDMA/133 abar m4096@0xfdc07000 port 0xfdc07180 irq 33\r\n[    1.867641] ata3: SATA max UDMA/133 abar m4096@0xfdc07000 port 0xfdc07200 irq 33\r\n[    1.869091] ata4: SATA max UDMA/133 abar m4096@0xfdc07000 port 0xfdc07280 irq 33\r\n[    1.870560] ata5: SATA max UDMA/133 abar m4096@0xfdc07000 port 0xfdc07300 irq 33\r\n[    1.872038] ata6: SATA max UDMA/133 abar m4096@0xfdc07000 port 0xfdc07380 irq 33\r\n[    1.874044] tun: Universal TUN/TAP device driver, 1.6\r\n[    1.876701] cnic: QLogic cnicDriver v2.5.22 (July 20, 2015)\r\n[    1.878027] bnx2x: QLogic 5771x/578xx 10/20-Gigabit Ethernet Driver bnx2x 1.712.30-0 (2014/02/10)\r\n[    1.880046] e100: Intel(R) PRO/100 Network Driver, 3.5.24-k2-NAPI\r\n[    1.881366] e100: Copyright(c) 1999-2006 Intel Corporation\r\n[    1.882601] e1000: Intel(R) PRO/1000 Network Driver - version 7.3.21-k8-NAPI\r\n[    1.884096] e1000: Copyright (c) 1999-2006 Intel Corporation.\r\n[    2.190881] ata6: SATA link down (SStatus 0 SControl 300)\r\n[    2.194317] ata1: SATA link up 1.5 Gbps (SStatus 113 SControl 300)\r\n[    2.198086] ata5: SATA link down (SStatus 0 SControl 300)\r\n[    2.201490] ata2: SATA link up 1.5 Gbps (SStatus 113 SControl 300)\r\n[    2.203803] ata3: SATA link down (SStatus 0 SControl 300)\r\n[    2.205218] ata4: SATA link down (SStatus 0 SControl 300)\r\n[    2.206557] ata2.00: ATAPI: QEMU DVD-ROM, 2.5+, max UDMA/100\r\n[    2.207882] ata2.00: applying bridge limits\r\n[    2.208981] ata1.00: ATA-7: QEMU HARDDISK, 2.5+, max UDMA/100\r\n[    2.210313] ata1.00: 73714894 sectors, multi 16: LBA48 NCQ (depth 32)\r\n[    2.211718] ata1.00: applying bridge limits\r\n[    2.212854] ata2.00: configured for UDMA/100\r\n[    2.214154] ata1.00: configured for UDMA/100\r\n[    2.215320] scsi 0:0:0:0: Direct-Access     ATA      QEMU HARDDISK    2.5+ PQ: 0 ANSI: 5\r\n[    2.217245] sd 0:0:0:0: [sda] 73714894 512-byte logical blocks: (37.7 GB/35.1 GiB)\r\n[    2.218924] sd 0:0:0:0: [sda] Write Protect is off\r\n[    2.220039] sd 0:0:0:0: Attached scsi generic sg0 type 0\r\n[    2.221244] sd 0:0:0:0: [sda] Write cache: enabled, read cache: enabled, doesn\'t support DPO or FUA\r\n[    2.223421] scsi 1:0:0:0: CD-ROM            QEMU     QEMU DVD-ROM     2.5+ PQ: 0 ANSI: 5\r\n[    2.228087]  sda: sda1 sda2 sda3 sda4 sda5 sda6 sda7 sda8\r\n[    2.229690] sd 0:0:0:0: [sda] Attached SCSI disk\r\n[    2.254873] sr 1:0:0:0: [sr0] scsi3-mmc drive: 4x/4x cd/rw xa/form2 tray\r\n[    2.257182] cdrom: Uniform CD-ROM driver Revision: 3.20\r\n[    2.259515] sr 1:0:0:0: Attached scsi generic sg1 type 5\r\n[    2.261550] e1000 0000:01:00.1 eth1: (PCI:33MHz:32-bit) 52:54:00:17:16:90\r\n[    2.263497] e1000 0000:01:00.1 eth1: Intel(R) PRO/1000 Network Connection\r\n[    2.635828] e1000 0000:01:00.2 eth2: (PCI:33MHz:32-bit) 52:54:00:b4:57:a4\r\n[    2.637278] e1000 0000:01:00.2 eth2: Intel(R) PRO/1000 Network Connection\r\n[    2.748036] tsc: Refined TSC clocksource calibration: 2397.258 MHz\r\n[    2.749312] clocksource: tsc: mask: 0xffffffffffffffff max_cycles: 0x228e194bfd1, max_idle_ns: 440795230178 ns\r\n[    2.751300] clocksource: Switched to clocksource tsc\r\n[    3.017963] e1000 0000:01:00.3 eth3: (PCI:33MHz:32-bit) 52:54:00:06:5f:46\r\n[    3.019451] e1000 0000:01:00.3 eth3: Intel(R) PRO/1000 Network Connection\r\n[    3.389853] e1000 0000:01:00.4 eth4: (PCI:33MHz:32-bit) 52:54:00:a9:ff:8c\r\n[    3.391307] e1000 0000:01:00.4 eth4: Intel(R) PRO/1000 Network Connection\r\n[    3.761612] e1000 0000:01:00.5 eth5: (PCI:33MHz:32-bit) 52:54:00:7b:28:1d\r\n[    3.763126] e1000 0000:01:00.5 eth5: Intel(R) PRO/1000 Network Connection\r\n[    4.134012] e1000 0000:01:00.6 eth6: (PCI:33MHz:32-bit) 52:54:00:d9:f8:e0\r\n[    4.135610] e1000 0000:01:00.6 eth6: Intel(R) PRO/1000 Network Connection\r\n[    4.506006] e1000 0000:01:00.7 eth7: (PCI:33MHz:32-bit) 52:54:00:67:84:25\r\n[    4.507570] e1000 0000:01:00.7 eth7: Intel(R) PRO/1000 Network Connection\r\n[    4.509047] e1000e: Intel(R) PRO/1000 Network Driver - 3.2.6-k\r\n[    4.510342] e1000e: Copyright(c) 1999 - 2015 Intel Corporation.\r\n[    4.511711] igb: Intel(R) Gigabit Ethernet Network Driver - version 5.4.0-k\r\n[    4.513190] igb: Copyright (c) 2007-2014 Intel Corporation.\r\n[    4.514417] igbvf: Intel(R) Gigabit Virtual Function Network Driver - version 2.4.0-k\r\n[    4.516059] igbvf: Copyright (c) 2009 - 2012 Intel Corporation.\r\n[    4.517408] ixgbe: Intel(R) 10 Gigabit PCI Express Network Driver - version 5.1.0-k\r\n[    4.519130] ixgbe: Copyright (c) 1999-2016 Intel Corporation.\r\n[    4.520545] ixgbevf: Intel(R) 10 Gigabit PCI Express Virtual Function Network Driver - version 4.1.0-k\r\n[    4.522574] ixgbevf: Copyright (c) 2009 - 2015 Intel Corporation.\r\n[    4.524045] ixgb: Intel(R) PRO/10GbE Network Driver - version 1.0.135-k2-NAPI\r\n[    4.525592] ixgb: Copyright (c) 1999-2008 Intel Corporation.\r\n[    4.526898] Intel(R) Ethernet Switch Host Interface Driver - version 0.23.4-k\r\n[    4.528474] Copyright(c) 2013 - 2018 Intel Corporation.\r\n[    4.530036] ehci_hcd: USB 2.0 \'Enhanced\' Host Controller (EHCI) Driver\r\n[    4.531535] ehci-pci: EHCI PCI platform driver\r\n[    4.532612] ohci_hcd: USB 1.1 \'Open\' Host Controller (OHCI) Driver\r\n[    4.534004] ohci-pci: OHCI PCI platform driver\r\n[    4.535099] uhci_hcd: USB Universal Host Controller Interface driver\r\n[    4.537500] xhci_hcd 0000:02:00.0: xHCI Host Controller\r\n[    4.538774] xhci_hcd 0000:02:00.0: new USB bus registered, assigned bus number 1\r\n[    4.540706] xhci_hcd 0000:02:00.0: hcc params 0x00087001 hci version 0x100 quirks 0x0000000000000010\r\n[    4.543341] usb usb1: New USB device found, idVendor=1d6b, idProduct=0002, bcdDevice= 4.19\r\n[    4.545038] usb usb1: New USB device strings: Mfr=3, Product=2, SerialNumber=1\r\n[    4.546588] usb usb1: Product: xHCI Host Controller\r\n[    4.547735] usb usb1: Manufacturer: Linux 4.19.81-OpenNetworkLinux-thanos xhci-hcd\r\n[    4.549228] usb usb1: SerialNumber: 0000:02:00.0\r\n[    4.550327] hub 1-0:1.0: USB hub found\r\n[    4.551314] hub 1-0:1.0: 15 ports detected\r\n[    4.552819] xhci_hcd 0000:02:00.0: xHCI Host Controller\r\n[    4.553959] xhci_hcd 0000:02:00.0: new USB bus registered, assigned bus number 2\r\n[    4.555508] xhci_hcd 0000:02:00.0: Host supports USB 3.0 SuperSpeed\r\n[    4.556838] usb usb2: We don\'t know the algorithms for LPM for this host, disabling LPM.\r\n[    4.558481] usb usb2: New USB device found, idVendor=1d6b, idProduct=0003, bcdDevice= 4.19\r\n[    4.560102] usb usb2: New USB device strings: Mfr=3, Product=2, SerialNumber=1\r\n[    4.561522] usb usb2: Product: xHCI Host Controller\r\n[    4.562576] usb usb2: Manufacturer: Linux 4.19.81-OpenNetworkLinux-thanos xhci-hcd\r\n[    4.564084] usb usb2: SerialNumber: 0000:02:00.0\r\n[    4.565135] hub 2-0:1.0: USB hub found\r\n[    4.566082] hub 2-0:1.0: 15 ports detected\r\n[    4.567685] usbcore: registered new interface driver cdc_acm\r\n[    4.568889] cdc_acm: USB Abstract Control Model driver for USB modems and ISDN adapters\r\n[    4.570566] usbcore: registered new interface driver usb-storage\r\n[    4.571915] i8042: PNP: PS/2 Controller [PNP0303:KBD,PNP0f13:MOU] at 0x60,0x64 irq 1,12\r\n[    4.574378] serio: i8042 KBD port at 0x60,0x64 irq 1\r\n[    4.575456] serio: i8042 AUX port at 0x60,0x64 irq 12\r\n[    4.576977] rtc_cmos 00:00: RTC can wake from S4\r\n[    4.578859] rtc_cmos 00:00: registered as rtc0\r\n[    4.579890] input: AT Translated Set 2 keyboard as /devices/platform/i8042/serio0/input/input1\r\n[    4.583668] rtc_cmos 00:00: alarms up to one day, y3k, 114 bytes nvram\r\n[    4.585384] i2c /dev entries driver\r\n[    4.586555] i801_smbus 0000:00:1f.3: SMBus using PCI interrupt\r\n[    4.589651] iTCO_wdt: Intel TCO WatchDog Timer Driver v1.11\r\n[    4.590957] iTCO_wdt: Found a ICH9 TCO device (Version=2, TCOBASE=0x0660)\r\n[    4.592435] iTCO_wdt: initialized. heartbeat=30 sec (nowayout=0)\r\n[    4.593796] device-mapper: uevent: version 1.0.3\r\n[    4.594934] device-mapper: ioctl: 4.39.0-ioctl (2018-04-03) initialised: dm-devel@redhat.com\r\n[    4.596720] device-mapper: raid: Loading target version 1.14.0\r\n[    4.598075] hidraw: raw HID events driver (C) Jiri Kosina\r\n[    4.599629] usbcore: registered new interface driver usbhid\r\n[    4.600795] usbhid: USB HID core driver\r\n[    4.601639] intel_telemetry_core Init\r\n[    4.602566] NET: Registered protocol family 26\r\n[    4.604052] xt_time: kernel timezone is -0000\r\n[    4.605071] IPVS: Registered protocols (TCP, UDP, SCTP, AH, ESP)\r\n[    4.606378] IPVS: Connection hash table configured (size=4096, memory=64Kbytes)\r\n[    4.608422] IPVS: ipvs loaded.\r\n[    4.609215] IPVS: [rr] scheduler registered.\r\n[    4.610292] IPVS: [wrr] scheduler registered.\r\n[    4.611337] IPVS: [lc] scheduler registered.\r\n[    4.612319] IPVS: [wlc] scheduler registered.\r\n[    4.613292] IPVS: [fo] scheduler registered.\r\n[    4.614256] IPVS: [ovf] scheduler registered.\r\n[    4.615280] IPVS: [lblc] scheduler registered.\r\n[    4.616272] IPVS: [lblcr] scheduler registered.\r\n[    4.617278] IPVS: [dh] scheduler registered.\r\n[    4.618245] IPVS: [sh] scheduler registered.\r\n[    4.619277] IPVS: [sed] scheduler registered.\r\n[    4.620287] IPVS: [nq] scheduler registered.\r\n[    4.621246] IPVS: [sip] pe registered.\r\n[    4.622562] ipt_CLUSTERIP: ClusterIP Version 0.8 loaded successfully\r\n[    4.624231] Initializing XFRM netlink socket\r\n[    4.625317] NET: Registered protocol family 10\r\n[    4.626988] Segment Routing with IPv6\r\n[    4.627924] mip6: Mobile IPv6\r\n[    4.629116] sit: IPv6, IPv4 and MPLS over IPv4 tunneling driver\r\n[    4.630667] NET: Registered protocol family 17\r\n[    4.631699] NET: Registered protocol family 15\r\n[    4.632877] Bridge firewalling registered\r\n[    4.634029] NET: Registered protocol family 33\r\n[    4.635088] Key type rxrpc registered\r\n[    4.636005] Key type rxrpc_s registered\r\n[    4.636971] 8021q: 802.1Q VLAN Support v1.8\r\n[    4.637955] sctp: Hash tables configured (bind 256/256)\r\n[    4.639236] tipc: Activated (version 2.0.0)\r\n[    4.640231] NET: Registered protocol family 30\r\n[    4.641235] tipc: Started in single node mode\r\n[    4.642213] Key type dns_resolver registered\r\n[    4.643224] Key type ceph registered\r\n[    4.644246] libceph: loaded (mon/osd proto 15/24)\r\n[    4.645537] mce: Using 10 MCE banks\r\n[    4.646415] AVX2 version of gcm_enc/dec engaged.\r\n[    4.647491] AES CTR mode by8 optimization enabled\r\n[    4.648979] sched_clock: Marking stable (4541683165, 107290844)->(4695578678, -46604669)\r\n[    4.651018] registered taskstats version 1\r\n[    4.652409] rtc_cmos 00:00: setting system clock to 2020-06-26 13:03:39 UTC (1593176619)\r\n[    5.197476] input: ImExPS/2 Generic Explorer Mouse as /devices/platform/i8042/serio1/input/input3\r\n[    5.202313] md: Skipping autodetection of RAID arrays. (raid=autodetect will force)\r\n[    5.208774] EXT4-fs (sda4): mounted filesystem with ordered data mode. Opts: (null)\r\n[    5.210636] VFS: Mounted root (ext4 filesystem) readonly on device 8:4.\r\n[    5.216211] devtmpfs: mounted\r\n[    5.217955] Freeing unused kernel image memory: 1176K\r\n[    5.242706] Write protecting the kernel read-only data: 20480k\r\n[    5.245717] Freeing unused kernel image memory: 2000K\r\n[    5.247981] Freeing unused kernel image memory: 544K\r\n[    5.249736] Run /sbin/init as init process\r\n[    5.256146] random: fast init done\r\n/sbin/init: line 2: /etc/boot.d/boot: No such file or directory\r\nStarting systemd...\r\n[    5.384823] systemd[1]: systemd 241 running in system mode. (+PAM +AUDIT +SELINUX +IMA +APPARMOR +SMACK +SYSVINIT +UTMP +LIBCRYPTSETUP +GCRYPT +GNUTLS +ACL +XZ +LZ4 +SECCOMP +BLKID +ELFUTILS +KMOD -IDN2 +IDN -PCRE2 default-hierarchy=hybrid)\r\n[    5.389635] systemd[1]: Detected virtualization kvm.\r\n[    5.390866] systemd[1]: Detected architecture x86-64.\r\n\r\nWelcome to Debian GNU/Linux 10 (buster)!\r\n\r\n[    5.399014] systemd[1]: Set hostname to <localhost>.\r\n[    5.430140] systemd-bless-b (1488) used greatest stack depth: 13688 bytes left\r\n[    5.542709] systemd[1]: Listening on fsck to fsckd communication Socket.\r\n[  OK  ] Listening on fsck to fsckd communication Socket.\r\n[    5.546674] systemd[1]: Listening on udev Control Socket.\r\n[  OK  ] Listening on udev Control Socket.\r\n[    5.550169] systemd[1]: Created slice system-systemd\\x2dfsck.slice.\r\n[  OK  ] Created slice system-systemd\\x2dfsck.slice.\r\n[    5.553149] systemd[1]: Listening on Journal Socket.\r\n[  OK  ] Listening on Journal Socket.\r\n[    5.556108] systemd[1]: Mounting Huge Pages File System...\r\n         Mounting Huge Pages File System...\r\n[    5.558671] systemd[1]: Condition check resulted in Create list of required static device nodes for the current kernel being skipped.\r\n         Mounting Kernel Debug File System...\r\n[  OK  ] Created slice system-serial\\x2dgetty.slice.\r\n[  OK  ] Started Dispatch Password …ts to Console Directory Watch.\r\n[  OK  ] Set up automount Arbitrary…s File System Automount Point.\r\n[  OK  ] Listening on Journal Audit Socket.\r\n[  OK  ] Listening on Journal Socket (/dev/log).\r\n         Starting Journal Service...\r\n         Mounting RPC Pipe File System...\r\n[  OK  ] Reached target Slices.\r\n[  OK  ] Created slice system-getty.slice.\r\n[  OK  ] Reached target Swap.\r\n[  OK  ] Listening on udev Kernel Socket.\r\n         Starting udev Coldplug all Devices...\r\n         Starting Load Kernel Modules...\r\n[  OK  ] Listening on RPCbind Server Activation Socket.\r\n         Mounting POSIX Message Queue File System...\r\n         Starting Nameserver information manager...\r\n         Starting File System Check on Root Device...\r\n[  OK  ] Listening on initctl Compatibility Named Pipe.\r\n[  OK  ] Reached target Sockets.\r\n[  OK  ] Started Forward Password R…uests to Wall Directory Watch.\r\n[  OK  ] Reached target Paths.\r\n[  OK  ] Reached target Local Encrypted Volumes.\r\n[  OK  ] Listening on Process Core Dump Socket.\r\n[  OK  ] Mounted Huge Pages File System.\r\n[    5.643256] udevadm (1504) used greatest stack depth: 13544 bytes left\r\n[  OK  ] Mounted Kernel Debug File System.\r\n[  OK  ] Mounted RPC Pipe File System.\r\n[  OK  ] Started Load Kernel Modules.\r\n[  OK  ] Mounted POSIX Message Queue File System.\r\n[  OK  ] Started File System Check on Root Device.\r\n[  OK  ] Started File System Check Daemon to report status.\r\n         Starting Remount Root and Kernel File Systems...\r\n         Mounting Kernel Configuration File System...\r\n         Starting Apply Kernel Variables...\r\n[  OK  ] Started Nameserver information manager.\r\n[  OK  ] Mounted Kernel Configuration File System.\r\n[  OK  ] Started     5.686575] EXT4-fs (sda4): re-mounted. Opts: (null)\r\nmApply Kernel Variables.\r\n[  OK  ] Started Remount Root and Kernel File Systems.\r\n         Starting Load/Save Random Seed...\r\n         Starting Create System Users...\r\n[    5.714794] random: systemd-random-: uninitialized urandom read (512 bytes read)\r\n[  OK  ] Started udev Coldplug all Devices.\r\n[  OK  ] Started Load/Save Random Seed.\r\n[    5.736886] readlink (2328) used greatest stack depth: 13384 bytes left\r\n         Starting Helper to synchronize boot up for ifupdown...\r\n[  OK  ] Started Journal Service.\r\n[  OK  ] Started Create System Users.\r\n[  OK  ] Started Helper to synchronize boot up for ifupdown.\r\n         Starting Create Static Device Nodes in /dev...\r\n         Starting Flush Journal to Persistent Storage...\r\n[    5.761209] systemd-journald[1502]: Received request to flush runtime journal from PID 1\r\n[  OK  ] Started Create Static Device Nodes in /dev.\r\n[  OK  ] Reached target Local File Systems (Pre).\r\n         Starting udev Kernel Device Manager...\r\n[  OK  ] Started Flush Journal to Persistent Storage.\r\n[  OK  ] Started udev Kernel Device Manager.\r\n[  OK  ] Found device /dev/ttyS0.\r\n[  OK  ] Found device QEMU_HARDDISK ONL-CONFIG.\r\n[  OK  ] Found device QEMU_HARDDISK ONL-IMAGES.\r\n         Starting File System Check…ev/disk/by-label/ONL-IMAGES...\r\n         Starting File System Check…ev/disk/by-label/ONL-CONFIG...\r\n\rChecking in progress on 1 disk (0.0% complete)\r[  OK  ] Started File System Check …/dev/disk/by-label/ONL-IMAGES.\r\n         Mounting /root...\rChecking in progress on 0 disks (100.0% complete)\r\r\n[  OK  ] Started File System Check …/dev/disk/by-label/ONL-CONFIG.\r\n         Mounting /var/ilxd...\r\n[    6.183486] EXT4-fs (sda6): mounted filesystem with ordered data mode. Opts: (null)\r\n[  OK  ] Mounted /root.\r\n[    6.198121] EXT4-fs (sda5): mounted filesystem with ordered data mode. Opts: (null)\r\n[  OK  ] Mounted /var/ilxd.\r\n         Mounting /var/ilxd/info...\r\n[  OK  ] Mounted /var/ilxd/info.\r\n[  OK  ] Reached target Local File Systems.\r\n         Starting Create Volatile Files and Directories...\r\n         Starting Raise network interfaces...\r\n         Starting Preprocess NFS configuration...\r\n[  OK  ] Started Create Volatile Files and Directories.\r\n[  OK  ] Started Preprocess NFS configuration.\r\n[  OK  ] Reached target NFS client services.\r\n         Starting Update UTMP about System Boot/Shutdown...\r\n         Starting RPC bind portmap service...\r\n         Starting Network Time Synchronization...\r\n[  OK  ] Started Update UTMP about System Boot/Shutdown.\r\n[  OK  ] Started RPC bind portmap service.\r\n[  OK  ] Reached target RPC Port Mapper.\r\n[  OK  ] Reached target Remote File Systems (Pre).\r\n[  OK  ] Reached target Remote File Systems.\r\n[  OK  ] Started Raise network interfaces.\r\n[  OK  ] Reached target Network.\r\n[  OK  ] Reached target Network is Online.\r\n[  OK  ] Started Network Time Synchronization.\r\n[  OK  ] Reached target System Time Synchronized.\r\n[  OK  ] Reached target System Initialization.\r\n[  OK  ] Started Daily Cleanup of Temporary Directories.\r\n[  OK  ] Started Daily rotation of log files.\r\n[  OK  ] Reached target Basic System.\r\n         Starting Internet superserver...\r\n         Starting pre_installed_pkg.service...\r\n         Starting getty on tty2-tty…nd logind are not available...\r\n         Starting Permit User Sessions...\r\n[  OK  ] Started Self Monitoring an…ing Technology (SMART) Daemon.\r\n         Starting OpenBSD Secure Shell server...\r\n         Starting LSB: Brings up/down network automatically...\r\n         Starting A high performanc… and a reverse proxy server...\r\n         Starting LSB: disk temperature monitoring daemon...\r\n         Starting System Logger Daemon...\r\n         Starting Initialize hardware monitoring sensors...\r\n         Starting Resets System Activity Data Collector...\r\n[  OK  ] Started LTTng session daemon.\r\n[  OK  ] Started Daily apt download activities.\r\n[  OK  ] Started Daily apt upgrade and clean activities.\r\n[  OK  ] Reached target Timers.\r\n[  OK  ] Started Internet superserver.\r\n[  OK  ] Started Permit User Sessions.\r\n[  OK  ] Started Resets System Activity Data Collector.\r\n[  OK  ] Started Initialize hardware monitoring sensors.\r\n[  OK  ] Started LSB: disk temperature monitoring daemon.\r\n[    6.561113] 8021q: adding VLAN 0 to HW filter on device eth0\r\n[    6.564178] ip (2579) used greatest stack depth: 12152 bytes left\r\n[  OK  ] Started Getty on tty3.\r\n[  OK  ] Started Getty on tty2.\r\n[  OK  ] Started Getty on tty1.\r\n[  OK  ] Started Serial Getty on ttyS0.\r\n[  OK  ] Started LSB: Brings up/down network automatically.\r\n[  OK  ] Started Getty on tty4.\r\n[  OK  ] Started Getty on tty5.\r\n[  OK  ] Started Getty on tty6.\r\n[  OK  ] Started getty on tty2-tty6… and logind are not available.\r\n[  OK  ] Reached target Login Prompts.\r\n[  OK  ] Started A high performance…er and a reverse proxy server.\r\n[   12.283421] random: crng init done\r\n\r\r\nOpen Network Linux OS ONL-thanos_master, 2020-05-29.07:09-c6c7b5b\r\n\r\nlocalhost login: [  OK  ] Started soad.service.\r\n[   13.173841] sh (2851): drop_caches: 3\r\n[  OK  ] Started pre_installed_pkg.service.\r\n         Starting auto_run_script.service...\r\n[  OK  ] Started auto_run_script.service.\r\n[  OK  ] Reached target Multi-User System.\r\n         Starting watchdog daemon...\r\n[  OK  ] Reached target Graphical Interface.\r\n         Starting Update UTMP about System Runlevel Changes...\r\n[  OK  ] Started watchdog daemon.\r\n[  OK  ] Started Update UTMP about System Runlevel Changes.\r\n\r                                                   \r[   43.290777] IPv6: ADDRCONF(NETDEV_UP): docker0: link is not ready\r\n[   51.930494] EXT4-fs (dm-0): mounted filesystem with ordered data mode. Opts: (null)\r\n[   52.432785] sh (6279): drop_caches: 3\r\n[   52.523410] sh (6313): drop_caches: 3\r\n[   53.980639] sh (6412): drop_caches: 3\r\n[   54.030377] sh (6416): drop_caches: 3\r\n[   54.483318] e1000: eth1 NIC Link is Up 1000 Mbps Full Duplex, Flow Control: RX\r\n[   54.512485] IPv6: ADDRCONF(NETDEV_UP): eth1: link is not ready\r\n[   54.513844] 8021q: adding VLAN 0 to HW filter on device eth1\r\n[   54.517536] IPv6: ADDRCONF(NETDEV_CHANGE): eth1: link becomes ready\r\n[   54.594724] e1000: eth1 changing MTU from 1500 to 9216\r\n[   54.604229] e1000 0000:01:00.1 eth1: Reset adapter\r\n[   54.608714] IPv6: ADDRCONF(NETDEV_UP): eth2: link is not ready\r\n[   54.609998] 8021q: adding VLAN 0 to HW filter on device eth2\r\n[   54.611667] e1000: eth2 NIC Link is Up 1000 Mbps Full Duplex, Flow Control: RX\r\n[   54.614058] IPv6: ADDRCONF(NETDEV_CHANGE): eth2: link becomes ready\r\n[   54.695059] e1000: eth2 changing MTU from 1500 to 9216\r\n[   54.702696] e1000 0000:01:00.2 eth2: Reset adapter\r\n[   54.747100] e1000: eth3 NIC Link is Up 1000 Mbps Full Duplex, Flow Control: RX\r\n[   54.748693] IPv6: ADDRCONF(NETDEV_UP): eth3: link is not ready\r\n[   54.751004] 8021q: adding VLAN 0 to HW filter on device eth3\r\n[   54.770030] IPv6: ADDRCONF(NETDEV_CHANGE): eth3: link becomes ready\r\n[   54.837437] e1000: eth3 changing MTU from 1500 to 9216\r\n[   54.846706] e1000 0000:01:00.3 eth3: Reset adapter\r\n[   54.855082] e1000: eth4 NIC Link is Up 1000 Mbps Full Duplex, Flow Control: RX\r\n[   54.859218] IPv6: ADDRCONF(NETDEV_UP): eth4: link is not ready\r\n[   54.860635] 8021q: adding VLAN 0 to HW filter on device eth4\r\n[   54.862945] IPv6: ADDRCONF(NETDEV_CHANGE): eth4: link becomes ready\r\n[   54.937362] e1000: eth4 changing MTU from 1500 to 9216\r\n[   54.946709] e1000 0000:01:00.4 eth4: Reset adapter\r\n[   54.975160] IPv6: ADDRCONF(NETDEV_UP): eth7: link is not ready\r\n[   54.976446] 8021q: adding VLAN 0 to HW filter on device eth7\r\n[   54.979063] e1000: eth7 NIC Link is Up 1000 Mbps Full Duplex, Flow Control: RX\r\n[   54.982618] IPv6: ADDRCONF(NETDEV_CHANGE): eth7: link becomes ready\r\n[   55.056722] e1000: eth7 changing MTU from 1500 to 9216\r\n[   55.066717] e1000 0000:01:00.7 eth7: Reset adapter\r\n[   56.699219] e1000: eth1 NIC Link is Up 1000 Mbps Full Duplex, Flow Control: RX\r\n[   56.799061] e1000: eth2 NIC Link is Up 1000 Mbps Full Duplex, Flow Control: RX\r\n[   56.923053] e1000: eth3 NIC Link is Up 1000 Mbps Full Duplex, Flow Control: RX\r\n[   57.051046] e1000: eth4 NIC Link is Up 1000 Mbps Full Duplex, Flow Control: RX\r\n[   57.147350] e1000: eth7 NIC Link is Up 1000 Mbps Full Duplex, Flow Control: RX\r\n[   57.206842] sh (6827): drop_caches: 3\r\n[   58.945563] Started in network mode\r\n[   58.947337] Own node identity 7f010101, cluster identity 4711\r\n[   58.953564] Enabled bearer <udp:UDP_BEARER>, priority 10\r\n[   59.798998] Cannot configure node identity twice\r\n[   59.801243] Enabling of bearer <udp:UDP_BEARER> rejected, already enabled\r\n[   60.006575] 32-bit node address hash set to 101017f\r\n[   82.241580] 8021q: adding VLAN 0 to HW filter on device DCN\r\n[   82.274738] 8021q: adding VLAN 0 to HW filter on device AUX1\r\n[   82.309716] 8021q: adding VLAN 0 to HW filter on device AUX2\r\n[   82.346731] 8021q: adding VLAN 0 to HW filter on device CRAFT\r\n[   90.012617] Enabling of bearer <udp:UDP_BEARER> rejected, already enabled\r\n[  120.254801] Enabling of bearer <udp:UDP_BEARER> rejected, already enabled\r\n[  150.503886] Enabling of bearer <udp:UDP_BEARER> rejected, already enabled\r\nvirsh console PaceSanity_cc1 --force\r\r\nPassword: </xmp></pre>'}, {'id': 54, 'scriptlog': '<span class="badge badge-danger">ERROR</span>: <b>TestStepVerification</b>: 301: <br><b>sut = \'ThanOSServer_1\' &nbsp;&nbsp;cmd = \'virsh console PaceSanity_cc1 --force\' &nbsp;&nbsp;verification = {Contains: [\'Escape character is ^]\']}</b>:<pre class="text-justify"><xmp>Test Step Failed at "..\\..\\..\\python\\python37\\lib\\site-packages\\pace\\neapi\\operations.py 1463" in function:NE_SSH(), ErrorMessage: pytest.evaluate(result)\n\nVariables: \nsut = \'ThanOSServer_1\'\ncmd = \'virsh console PaceSanity_cc1 --force\'\ntoVerify = {<Output.CONTAINS: \'CONTAINS\'>: [\'Escape character is ^]\']}\nmodifyOutput = {}\nappId = \'setup\'\nwaitTime = 2\nretries = 0\nprompt = None\ninterface = \'NE_SSH\'\nsessionId = \'ThanOSServer_1_OBJ_NE_SSH_setup\'\noutputResp = \'\\r\\nLogin timed ou\\r\\r\\nOpen Network Linux OS ONL-thanos_master, 2020-05-29.07:09-c6c7b5b\\r\\n\\r\\nlocalhost login: [  ... Enabling of bearer <udp:UDP_BEARER> rejected, already enabled\\r\\nvirsh console PaceSanity_cc1 --force\\r\\r\\nPassword: \'\nresult = False</xmp></pre>'}, {'id': 55, 'scriptlog': '<span class="badge badge-Light">INFO</span>: <b>pace.sessions.ssh</b>: 114:<pre class="text-justify"><xmp>Entered: </xmp></pre>'}, {'id': 56, 'scriptlog': '<span class="badge badge-Light">INFO</span>: <b>pace.sessions.ssh</b>: 132:<pre class="text-justify"><xmp>After Removing ANSIescapeSquence=\r\n</xmp></pre>'}, {'id': 57, 'scriptlog': '<span class="badge badge-danger">ERROR</span>: <b>TestStepVerification</b>: 301: <br><b>sut = \'ThanOSServer_1\' &nbsp;&nbsp;cmd = \'\' &nbsp;&nbsp;verification = {Contains: [\'localhost login:\']}</b>:<pre class="text-justify"><xmp>Test Step Failed at "..\\..\\..\\python\\python37\\lib\\site-packages\\pace\\neapi\\operations.py 1463" in function:NE_SSH(), ErrorMessage: pytest.evaluate(result)\n\nVariables: \nsut = \'ThanOSServer_1\'\ncmd = \'\'\ntoVerify = {<Output.CONTAINS: \'CONTAINS\'>: [\'localhost login:\']}\nmodifyOutput = {}\nappId = \'setup\'\nwaitTime = 2\nretries = 0\nprompt = None\ninterface = \'NE_SSH\'\nsessionId = \'ThanOSServer_1_OBJ_NE_SSH_setup\'\noutputResp = \'\\r\\n\'\nresult = False</xmp></pre>'}, {'id': 58, 'scriptlog': '<span class="badge badge-Light">INFO</span>: <b>pace.sessions.ssh</b>: 114:<pre class="text-justify"><xmp>Entered: root</xmp></pre>'}, {'id': 59, 'scriptlog': '<span class="badge badge-Light">INFO</span>: <b>pace.sessions.ssh</b>: 132:<pre class="text-justify"><xmp>After Removing ANSIescapeSquence=\r\nLogin incorrect\r\nlocalhost login: root\r\nPassword: </xmp></pre>'}, {'id': 60, 'scriptlog': '<span class="badge badge-success">PASSED</span>: <b>TestStepVerification</b>: 308: <br><b>sut = \'ThanOSServer_1\' &nbsp;&nbsp;cmd = \'root\' &nbsp;&nbsp;verification = {Contains: [\'Password:\']}</b>:<pre class="text-justify"><xmp>Test Step Passed at ..\\..\\..\\python\\python37\\lib\\site-packages\\pace\\neapi\\operations.py 1463 in NE_SSH(),  Message: pytest.evaluate(result)\n\nVariables: \nsut = \'ThanOSServer_1\'\ncmd = \'root\'\ntoVerify = {<Output.CONTAINS: \'CONTAINS\'>: [\'Password:\']}\nmodifyOutput = {}\nappId = \'setup\'\nwaitTime = 2\nretries = 0\nprompt = None\ninterface = \'NE_SSH\'\nsessionId = \'ThanOSServer_1_OBJ_NE_SSH_setup\'\noutputResp = \'\\r\\nLogin incorrect\\r\\nlocalhost login: root\\r\\nPassword: \'\nresult = True</xmp></pre>'}, {'id': 61, 'scriptlog': '<span class="badge badge-Light">INFO</span>: <b>pace.sessions.ssh</b>: 114:<pre class="text-justify"><xmp>Entered: onl</xmp></pre>'}, {'id': 62, 'scriptlog': '<span class="badge badge-Light">INFO</span>: <b>pace.sessions.ssh</b>: 132:<pre class="text-justify"><xmp>After Removing ANSIescapeSquence=\r\nLinux localhost 4.19.81-OpenNetworkLinux-thanos #1 SMP Tue May 19 10:10:46 UTC 2020 x86_64\r\nroot@localhost:~# </xmp></pre>'}, {'id': 63, 'scriptlog': '<span class="badge badge-success">PASSED</span>: <b>TestStepVerification</b>: 308: <br><b>sut = \'ThanOSServer_1\' &nbsp;&nbsp;cmd = \'onl\' &nbsp;&nbsp;verification = {Contains: [\'root@localhost:~#\']}</b>:<pre class="text-justify"><xmp>Test Step Passed at ..\\..\\..\\python\\python37\\lib\\site-packages\\pace\\neapi\\operations.py 1463 in NE_SSH(),  Message: pytest.evaluate(result)\n\nVariables: \nsut = \'ThanOSServer_1\'\ncmd = \'onl\'\ntoVerify = {<Output.CONTAINS: \'CONTAINS\'>: [\'root@localhost:~#\']}\nmodifyOutput = {}\nappId = \'setup\'\nwaitTime = 2\nretries = 0\nprompt = None\ninterface = \'NE_SSH\'\nsessionId = \'ThanOSServer_1_OBJ_NE_SSH_setup\'\noutputResp = \'\\r\\nLinux localhost 4.19.81-OpenNetworkLinux-thanos #1 SMP Tue May 19 10:10:46 UTC 2020 x86_64\\r\\nroot@localhost:~# \'\nresult = True</xmp></pre>'}, {'id': 64, 'scriptlog': '<span class="badge badge-Light">INFO</span>: <b>pace.sessions.ssh</b>: 114:<pre class="text-justify"><xmp>Entered: ifconfig DCN 172.16.11.196 netmask 255.255.255.224 up</xmp></pre>'}, {'id': 65, 'scriptlog': '<span class="badge badge-Light">INFO</span>: <b>pace.sessions.ssh</b>: 132:<pre class="text-justify"><xmp>After Removing ANSIescapeSquence=ifconfig DCN 172.16.11.196 netmask 255.255.255.224 up\r\nroot@localhost:~# </xmp></pre>'}, {'id': 66, 'scriptlog': '<span class="badge badge-success">PASSED</span>: <b>TestStepVerification</b>: 308: <br><b>sut = \'ThanOSServer_1\' &nbsp;&nbsp;cmd = \'ifconfig DCN 172.16.11.196 netmask 255.255.255.224 up\' &nbsp;&nbsp;verification = {Contains: [\'root@localhost:~#\']}</b>:<pre class="text-justify"><xmp>Test Step Passed at ..\\..\\..\\python\\python37\\lib\\site-packages\\pace\\neapi\\operations.py 1463 in NE_SSH(),  Message: pytest.evaluate(result)\n\nVariables: \nsut = \'ThanOSServer_1\'\ncmd = \'ifconfig DCN 172.16.11.196 netmask 255.255.255.224 up\'\ntoVerify = {<Output.CONTAINS: \'CONTAINS\'>: [\'root@localhost:~#\']}\nmodifyOutput = {}\nappId = \'setup\'\nwaitTime = 2\nretries = 0\nprompt = None\ninterface = \'NE_SSH\'\nsessionId = \'ThanOSServer_1_OBJ_NE_SSH_setup\'\noutputResp = \'ifconfig DCN 172.16.11.196 netmask 255.255.255.224 up\\r\\nroot@localhost:~# \'\nresult = True</xmp></pre>'}, {'id': 67, 'scriptlog': '<span class="badge badge-Light">INFO</span>: <b>pace.sessions.ssh</b>: 114:<pre class="text-justify"><xmp>Entered: route add default gw 172.16.11.193</xmp></pre>'}, {'id': 68, 'scriptlog': '<span class="badge badge-Light">INFO</span>: <b>pace.sessions.ssh</b>: 132:<pre class="text-justify"><xmp>After Removing ANSIescapeSquence=route add default gw 172.16.11.193\r\nroot@localhost:~# </xmp></pre>'}, {'id': 69, 'scriptlog': '<span class="badge badge-success">PASSED</span>: <b>TestStepVerification</b>: 308: <br><b>sut = \'ThanOSServer_1\' &nbsp;&nbsp;cmd = \'route add default gw 172.16.11.193\' &nbsp;&nbsp;verification = {Contains: [\'root@localhost:~#\']}</b>:<pre class="text-justify"><xmp>Test Step Passed at ..\\..\\..\\python\\python37\\lib\\site-packages\\pace\\neapi\\operations.py 1463 in NE_SSH(),  Message: pytest.evaluate(result)\n\nVariables: \nsut = \'ThanOSServer_1\'\ncmd = \'route add default gw 172.16.11.193\'\ntoVerify = {<Output.CONTAINS: \'CONTAINS\'>: [\'root@localhost:~#\']}\nmodifyOutput = {}\nappId = \'setup\'\nwaitTime = 2\nretries = 0\nprompt = None\ninterface = \'NE_SSH\'\nsessionId = \'ThanOSServer_1_OBJ_NE_SSH_setup\'\noutputResp = \'route add default gw 172.16.11.193\\r\\nroot@localhost:~# \'\nresult = True</xmp></pre>'}, {'id': 70, 'scriptlog': '<span class="badge badge-Light">INFO</span>: <b>pace.sessions.ssh</b>: 114:<pre class="text-justify"><xmp>Entered: exit -f</xmp></pre>'}, {'id': 71, 'scriptlog': '<span class="badge badge-Light">INFO</span>: <b>pace.sessions.ssh</b>: 132:<pre class="text-justify"><xmp>After Removing ANSIescapeSquence=exit -f\r\nlogout\r\n-bash: exit: -f: numeric argument required\r\n\r\r\nOpen Network Linux OS ONL-thanos_master, 2020-05-29.07:09-c6c7b5b\r\n\r\nlocalhost login: </xmp></pre>'}, {'id': 72, 'scriptlog': '<span class="badge badge-Light">INFO</span>: <b>pace.sessions.ssh</b>: 114:<pre class="text-justify"><xmp>Entered: exit -f</xmp></pre>'}, {'id': 73, 'scriptlog': '<span class="badge badge-Light">INFO</span>: <b>pace.sessions.ssh</b>: 132:<pre class="text-justify"><xmp>After Removing ANSIescapeSquence=exit -f\r\r\nPassword: </xmp></pre>'}, {'id': 74, 'scriptlog': '<span class="badge badge-Light">INFO</span>: <b>root</b