<!doctype html>
<html lang="en">

<head>
  <!-- Required meta tags -->
  <meta charset="utf-8">
  <meta name="viewport" content="width=device-width, initial-scale=1, shrink-to-fit=no">
  <!-- Bootstrap CSS -->
  <link href="https://maxcdn.bootstrapcdn.com/font-awesome/4.7.0/css/font-awesome.min.css" rel="stylesheet"
    integrity="sha384-wvfXpqpZZVQGK6TAh5PVlGOfQNHSoD2xbE+QkPxCAFlNEevoEH3Sl0sibVcOQVnN" crossorigin="anonymous">
  <link rel="stylesheet" href="https://stackpath.bootstrapcdn.com/bootstrap/4.3.1/css/bootstrap.min.css"
    integrity="sha384-ggOyR0iXCbMQv3Xipma34MD+dH/1fQ784/j6cY/iJTQUOhcWr7x9JvoRxT2MZw1T" crossorigin="anonymous">
  <script type="text/javascript" charset="utf8" src="https://code.jquery.com/jquery-3.3.1.js"></script>
  <script type="text/javascript" charset="utf8" src="https://cdn.datatables.net/1.10.19/js/jquery.dataTables.min.js">
  </script>
  <link rel="stylesheet" href="https://cdn.datatables.net/1.10.19/css/jquery.dataTables.min.css">
  <style>
  table{
	  margin: 0 auto;
	  width: 100%;
	  clear: both;
	  border-collapse: collapse;
	  table-layout: fixed; // ***********add this
	  word-wrap:break-word; // ***********and this
	}
		
    td.details-control {
      text-align: center;
      color: forestgreen;
      cursor: pointer;
    }

    tr.shown td.details-control {
      text-align: center;
      color: forestgreen;
    }

    pre {
       outline: 1px solid #ccc; 
    padding: 5px; 
    margin: 5px; 
    white-space: pre-wrap;       
    white-space: -moz-pre-wrap;  
    white-space: -pre-wrap;      
    white-space: -o-pre-wrap;    
    word-wrap: break-word;   
    
    }
    
    table.resulttable {
        table-layout: fixed;
        word-wrap: break-word;
    }    
    table.summarytable td {
   text-align: center;  
}
    
}
  </style>
  <title>Infinera PACE Automation Report</title>
</head>

<body>
  <div class="container">
    <div class="row">
      <div class="col-md">
        <p><u> Report Generated On <b>10-July-2020  at 15:39</b> By Infinera PACE Automation Framework</u> </P>
      </div>
    </div>
    <div class="row">
      <div class="col-md">
      </div>
    </div>
    <div class="row">
      <div class="col-6">
        <p>Total <b>1</b> Scripts ran in 2911.52 seconds <br>
        <h5> Script Summary </h5>
        <table class="table table-sm table-bordered summarytable">  
          <tbody>
            <tr>
             
              
              <td class="mx-auto">
              
              FAILED <br> 1
              
              </td>
              
              <td class="mx-auto">
              
              <div class="mx-auto" >TOTAL<br> 1</div>
              
              </td>
              
              
            </tr>
            </tbody>
          </table>
        <h5> Test Steps Summary </h5>
         <table class="table summarytable table-bordered">  
          <tbody>
            <tr>
     
          
          
          <td>
          
          FAILED_STEPS_COUNT <br> 7
          
          </td>
          
          <td>
          
          PASSED_STEPS_COUNT <br> 8
          
          </td>
          
          <td>
          
          ERROR_COUNT <br>0
          
          </td>
          
          <td>
          
          TOTAL<br> 15    
          
          </td>
          
          
          </tr>
            </tbody>
          </table>
      </div>
      <div  class="col-6" id="piechart" ></div>
    </div>
    
 <div class="row">
 <div class="col-md">
    
    <p> <span class="badge badge-pill badge-info">Script Path: </span> root
    </div></div>
      
      <div class="row">
        <div class="col-md">
          <h4>Results</h4>
          <table id="example" class="display table resulttable" style="width:100%">
            <thead>
              <tr>
                <th></th>
                <th>Result</th>
                <th>Test case ID</th>
                <th style="width:50%"> Title</th>
                <th>Duration</th>
                <th>TestStep Count</th>
              </tr>
            </thead>
          </table>
        </div>
      </div>
      <div class="row">
        <div class="col-sm">
          
          <h4>Environment</h4>
          <table class="table table-hover table-sm table-responsive-sm">
            <tbody>
              
              <tr>
                <td>Python</td>
                <td>3.7.2</td>
              </tr>
              
              <tr>
                <td>Platform</td>
                <td>Windows-10-10.0.18362-SP0</td>
              </tr>
              
              <tr>
                <td>Packages</td>
                <td>{'pytest': '5.4.3', 'py': '1.8.1', 'pluggy': '0.13.1'}</td>
              </tr>
              
              <tr>
                <td>Plugins</td>
                <td>{'pace': '1.16.15-06-2020', 'metadata': '1.9.0', 'sugar': '0.9.3'}</td>
              </tr>
              
              <tr>
                <td>Feature</td>
                <td>Infinera</td>
              </tr>
              
            </tbody>
          </table>
          
        </div>
      </div>
      <script>
        $(document).ready(function () {
          var table = $('#example').DataTable({
            "paging": true,
            "ordering": true,
            "info": false,
            "processing": true,
            select: "single",
            data: [{'Test': 'THANOS-6429', 'Title': 'Sanity: SW build Download and Fresh Installation ', 'Result': '<span class ="badge badge-danger">Failed</span>', 'Duration': 1985.49, 'Extralog': [{'id': 1, 'scriptlog': '<span class="badge badge-Light">INFO</span>: <b>pace.utility.environment_cleanup</b>: 25:<pre class="text-justify"><xmp>Executing auto environment cleanup for Input...</xmp></pre>'}, {'id': 2, 'scriptlog': '<span class="badge badge-Light">INFO</span>: <b>root</b>: 473:<pre class="text-justify"><xmp>Initial auto environment cleanup wasn\'t executed as module \'pacelib.Fixtures.ThanOS_Env_Fixtures\' has no attribute \'Input\'\nContinuing execution...</xmp></pre>'}, {'id': 3, 'scriptlog': '<span class="badge badge-Light">INFO</span>: <b>pace.utility.parser</b>: 185:<pre class="text-justify"><xmp>System reachable in first attempt..!!</xmp></pre>'}, {'id': 4, 'scriptlog': '<span class="badge badge-Light">INFO</span>: <b>pace.sessions.ssh</b>: 56:<pre class="text-justify"><xmp>Connected successfully to \'10.220.160.28\' via SSH</xmp></pre>'}, {'id': 5, 'scriptlog': '<span class="badge badge-Light">INFO</span>: <b>pace.sessions.ssh</b>: 114:<pre class="text-justify"><xmp>Entered: cd /home/karthik/LatestBuildFromArtifactory</xmp></pre>'}, {'id': 6, 'scriptlog': '<span class="badge badge-Light">INFO</span>: <b>pace.sessions.ssh</b>: 132:<pre class="text-justify"><xmp>After Removing ANSIescapeSquence=Linux in-160sim28 4.19.0-8-amd64 #1 SMP Debian 4.19.98-1 (2020-01-26) x86_64\r\n\r\nThe programs included with the Debian GNU/Linux system are free software;\r\nthe exact distribution terms for each program are described in the\r\nindividual files in /usr/share/doc/*/copyright.\r\n\r\nDebian GNU/Linux comes with ABSOLUTELY NO WARRANTY, to the extent\r\npermitted by applicable law.\r\nLast login: Fri Jul 10 14:51:24 2020 from 10.220.119.30\r\r\ncd /home/karthik/LatestBuildFromArtifactory\r\nkarthik@in-160sim28:~$ cd /home/karthik/LatestBuildFromArtifactory\r\nkarthik@in-160sim28:~/LatestBuildFromArtifactory$ </xmp></pre>'}, {'id': 7, 'scriptlog': '<span class="badge badge-Light">INFO</span>: <b>pace.sessions.ssh</b>: 114:<pre class="text-justify"><xmp>Entered: rm -rf *</xmp></pre>'}, {'id': 8, 'scriptlog': '<span class="badge badge-Light">INFO</span>: <b>pace.sessions.ssh</b>: 132:<pre class="text-justify"><xmp>After Removing ANSIescapeSquence=rm -rf *\r\nkarthik@in-160sim28:~/LatestBuildFromArtifactory$ </xmp></pre>'}, {'id': 9, 'scriptlog': '<span class="badge badge-Light">INFO</span>: <b>pace.sessions.ssh</b>: 114:<pre class="text-justify"><xmp>Entered: wget --no-verbose --no-parent --recursive --level=1 --no-directories --user=anonymous --password=anonymous https://iartifactory.infinera.com/artifactory/thanos/chassisx-nightly/chassisx-653/sim/</xmp></pre>'}, {'id': 10, 'scriptlog': '<span class="badge badge-Light">INFO</span>: <b>pace.sessions.ssh</b>: 132:<pre class="text-justify"><xmp>After Removing ANSIescapeSquence=wget --no-verbose --no-parent --recursive --level=1 --no-directories --user=anonymous --password=anonymous https://iartifactory.infinera.com/artifactory/thanos/chassisx-nightly/chassisx-653/sim/\r\n2020-07-10 15:06:10 URL:https://iartifactory.infinera.com/artifactory/thanos/chassisx-nightly/chassisx-653/sim/ [1162] -> "index.html" [1]\r\nhttps://iartifactory.infinera.com/robots.txt:\r\n2020-07-10 15:06:10 ERROR 404: Not Found.\r\n</xmp></pre>'}, {'id': 11, 'scriptlog': '<span class="badge badge-Light">INFO</span>: <b>pace.sessions.ssh</b>: 56:<pre class="text-justify"><xmp>Connected successfully to \'10.220.160.28\' via SSH</xmp></pre>'}, {'id': 12, 'scriptlog': '<span class="badge badge-Light">INFO</span>: <b>pace.sessions.ssh</b>: 114:<pre class="text-justify"><xmp>Entered: cd /home/karthik/LatestBuildFromArtifactory</xmp></pre>'}, {'id': 13, 'scriptlog': '<span class="badge badge-Light">INFO</span>: <b>pace.sessions.ssh</b>: 132:<pre class="text-justify"><xmp>After Removing ANSIescapeSquence=Linux in-160sim28 4.19.0-8-amd64 #1 SMP Debian 4.19.98-1 (2020-01-26) x86_64\r\n\r\nThe programs included with the Debian GNU/Linux system are free software;\r\nthe exact distribution terms for each program are described in the\r\nindividual files in /usr/share/doc/*/copyright.\r\n\r\nDebian GNU/Linux comes with ABSOLUTELY NO WARRANTY, to the extent\r\npermitted by applicable law.\r\nLast login: Fri Jul 10 15:06:02 2020 from 10.220.119.30\r\r\nkarthik@in-160sim28:~$ cd /home/karthik/LatestBuildFromArtifactory\r\nkarthik@in-160sim28:~/LatestBuildFromArtifactory$ </xmp></pre>'}, {'id': 14, 'scriptlog': '<span class="badge badge-Light">INFO</span>: <b>pace.sessions.ssh</b>: 114:<pre class="text-justify"><xmp>Entered: ls -lrt</xmp></pre>'}, {'id': 15, 'scriptlog': '<span class="badge badge-Light">INFO</span>: <b>pace.sessions.ssh</b>: 132:<pre class="text-justify"><xmp>After Removing ANSIescapeSquence=ls -lrt\r\ntotal 2432864\r\n-rw-r--r-- 1 karthik karthik  791092512 Jul 10 05:32 th-xmm4-sim-2020-07-09-nightly-R1.0.0.653.bin\r\n-rw-r--r-- 1 karthik karthik  407215392 Jul 10 05:32 th-chm6-sim-2020-07-09-nightly-R1.0.0.653.bin\r\n-rw-r--r-- 1 karthik karthik 1196192457 Jul 10 05:32 ThanOS-F1.0-Main-nightly-2020.07.09_23_19.tar.gz\r\n-rw-r--r-- 1 karthik karthik        380 Jul 10 05:33 ThanOS-F1.0-Main-nightly-2020.07.09_23_19.manifest\r\n-rw-r--r-- 1 karthik karthik   96727669 Jul 10 05:33 chm6_thanos_sim_x86_64_pkg_tar.gz\r\n-rw-r--r-- 1 karthik karthik       1162 Jul 10 15:06 index.html\r\nkarthik@in-160sim28:~/LatestBuildFromArtifactory$ </xmp></pre>'}, {'id': 16, 'scriptlog': '<span class="badge badge-success">PASSED</span>: <b>TestStepVerification</b>: 308: <br><b>sut = \'ThanOSServer_1\' &nbsp;&nbsp;cmd = \'ls -lrt\' &nbsp;&nbsp;verification = {Contains: [\'manifest\', \'tar.gz\']}</b>:<pre class="text-justify"><xmp>Test Step Passed at ..\\..\\..\\python\\python37\\lib\\site-packages\\pace\\neapi\\operations.py 1463 in NE_SSH(),  Message: pytest.evaluate(result)\n\nVariables: \nsut = \'ThanOSServer_1\'\ncmd = \'ls -lrt\'\ntoVerify = {<Output.CONTAINS: \'CONTAINS\'>: [\'manifest\', \'tar.gz\']}\nmodifyOutput = {}\nappId = \'parse\'\nwaitTime = 2\nretries = 0\nprompt = None\ninterface = \'NE_SSH\'\nsessionId = \'ThanOSServer_1_OBJ_NE_SSH_parse\'\noutputResp = \'ls -lrt\\r\\ntotal 2432864\\r\\n-rw-r--r-- 1 karthik karthik  791092512 Jul 10 05:32 th-xmm4-sim-2020-07-09-nightly-R1.0....n-rw-r--r-- 1 karthik karthik       1162 Jul 10 15:06 index.html\\r\\nkarthik@in-160sim28:~/LatestBuildFromArtifactory$ \'\nresult = True</xmp></pre>'}, {'id': 17, 'scriptlog': '<span class="badge badge-Light">INFO</span>: <b>pace.neapi.operations</b>: 363:<pre class="text-justify"><xmp>Done downloading build to Sim server.</xmp></pre>'}, {'id': 18, 'scriptlog': '<span class="badge badge-Light">INFO</span>: <b>pace.neapi.operations</b>: 111:<pre class="text-justify"><xmp>Done downloading build to Sim server</xmp></pre>'}, {'id': 19, 'scriptlog': '<span class="badge badge-Light">INFO</span>: <b>pace.sessions.cli</b>: 56:<pre class="text-justify"><xmp>Connected successfully to \'172.16.11.196\' via SSH</xmp></pre>'}, {'id': 20, 'scriptlog': '<span class="badge badge-Light">INFO</span>: <b>pace.sessions.cli</b>: 34:<pre class="text-justify"><xmp>Received:Connecting user root from 10.220.119.30:50127\r\n****************************************** Warning ******************************************\r\r\n\r\r\nThis system is restricted to authorized users for business purposes. Unauthorized access is a\r\r\nviolation of the law. This service may be monitored for administrative and security reasons.\r\r\nBy proceeding, you consent to this monitoring.\r\r\n\r\r\n*********************************************************************************************\r\r\n\r\r\n\r\r\n[ ne ]\r\r\nroot@THANOS> </xmp></pre>'}, {'id': 21, 'scriptlog': '<span class="badge badge-Light">INFO</span>: <b>pace.sessions.cli</b>: 49:<pre class="text-justify"><xmp>Logged in successfully to CLI</xmp></pre>'}, {'id': 22, 'scriptlog': '<span class="badge badge-Light">INFO</span>: <b>pace.sessions.cli</b>: 67:<pre class="text-justify"><xmp>Entered: download swimage source=sftp://karthik@10.220.160.28:/home/karthik/LatestBuildFromArtifactory/ThanOS-F1.0-Main-nightly-2020.07.09_23_19.manifest password=Hello123</xmp></pre>'}, {'id': 23, 'scriptlog': '<span class="badge badge-Light">INFO</span>: <b>pace.sessions.cli</b>: 98:<pre class="text-justify"><xmp>CLi responde Received: download swimage source=sftp://karthik@10.220.160.28:/home/karthik/LatestBuildFromArtifactory/ThanOS-F1.0-Main-nightly-2020.07.09_23_19.manifest password=Hello123\r\r\nDownloading : ThanOS-F1.0-Main-nightly-2020.07.09_23_19.manifest...\r\r\n\x08\x08\x08\x08\x0810%]\r\r\n\x08\x08\x08\x08\x0820%]\r\r\n\x08\x08\x08\x08\x0830%]\r\r\n\x08\x08\x08\x08\x0840%]\r\r\n\x08\x08\x08\x08\x0850%]\r\r\n\x08\x08\x08\x08\x0860%]\r\r\n\x08\x08\x08\x08\x0870%]\r\r\n\x08\x08\x08\x08\x0880%]\r\r\n\x08\x08\x08\x08\x0890%]\r\r\nDownloaded : ThanOS-F1.0-Main-nightly-2020.07.09_23_19.manifest\r\r\nDownloading : ThanOS-F1.0-Main-nightly-2020.07.09_23_19.tar.gz...\r\r\n\x08\x08\x08\x08\x081%]\r\r\n\x08\x08\x08\x08\x082%]\r\r\n\x08\x08\x08\x08\x083%]\r\r\n\x08\x08\x08\x08\x084%]\r\r\n\x08\x08\x08\x08\x085%]\r\r\n\x08\x08\x08\x08\x086%]\r\r\n\x08\x08\x08\x08\x087%]\r\r\n\x08\x08\x08\x08\x088%]\r\r\n\x08\x08\x08\x08\x089%]\r\r\n\x08\x08\x08\x08\x0810%]\r\r\n\x08\x08\x08\x08\x0811%]\r\r\n\x08\x08\x08\x08\x0812%]\r\r\n\x08\x08\x08\x08\x0813%]\r\r\n\x08\x08\x08\x08\x0814%]\r\r\n\x08\x08\x08\x08\x0815%]\r\r\n\x08\x08\x08\x08\x0816%]\r\r\n\x08\x08\x08\x08\x0817%]\r\r\n\x08\x08\x08\x08\x0818%]\r\r\n\x08\x08\x08\x08\x0819%]\r\r\n\x08\x08\x08\x08\x0820%]\r\r\n\x08\x08\x08\x08\x0821%]\r\r\n\x08\x08\x08\x08\x0822%]\r\r\n\x08\x08\x08\x08\x0823%]\r\r\n\x08\x08\x08\x08\x0824%]\r\r\n\x08\x08\x08\x08\x0825%]\r\r\n\x08\x08\x08\x08\x0826%]\r\r\n\x08\x08\x08\x08\x0827%]\r\r\n\x08\x08\x08\x08\x0828%]\r\r\n\x08\x08\x08\x08\x0829%]\r\r\n\x08\x08\x08\x08\x0830%]\r\r\n\x08\x08\x08\x08\x0831%]\r\r\n\x08\x08\x08\x08\x0832%]\r\r\n\x08\x08\x08\x08\x0833%]\r\r\n\x08\x08\x08\x08\x0834%]\r\r\n\x08\x08\x08\x08\x0835%]\r\r\n\x08\x08\x08\x08\x0836%]\r\r\n\x08\x08\x08\x08\x0837%]\r\r\n\x08\x08\x08\x08\x0838%]\r\r\n\x08\x08\x08\x08\x0839%]\r\r\n\x08\x08\x08\x08\x0840%]\r\r\n\x08\x08\x08\x08\x0841%]\r\r\n\x08\x08\x08\x08\x0842%]\r\r\n\x08\x08\x08\x08\x0843%]\r\r\n\x08\x08\x08\x08\x0844%]\r\r\n\x08\x08\x08\x08\x0845%]\r\r\n\x08\x08\x08\x08\x0846%]\r\r\n\x08\x08\x08\x08\x0847%]\r\r\n\x08\x08\x08\x08\x0848%]\r\r\n\x08\x08\x08\x08\x0849%]\r\r\n\x08\x08\x08\x08\x0850%]\r\r\n\x08\x08\x08\x08\x0851%]\r\r\n\x08\x08\x08\x08\x0852%]\r\r\n\x08\x08\x08\x08\x0853%]\r\r\n\x08\x08\x08\x08\x0854%]\r\r\n\x08\x08\x08\x08\x0855%]\r\r\n\x08\x08\x08\x08\x0856%]\r\r\n\x08\x08\x08\x08\x0857%]\r\r\n\x08\x08\x08\x08\x0858%]\r\r\n\x08\x08\x08\x08\x0859%]\r\r\n\x08\x08\x08\x08\x0860%]\r\r\n\x08\x08\x08\x08\x0861%]\r\r\n\x08\x08\x08\x08\x0862%]\r\r\n\x08\x08\x08\x08\x0863%]\r\r\n\x08\x08\x08\x08\x0864%]\r\r\n\x08\x08\x08\x08\x0865%]\r\r\n\x08\x08\x08\x08\x0866%]\r\r\n\x08\x08\x08\x08\x0867%]\r\r\n\x08\x08\x08\x08\x0868%]\r\r\n\x08\x08\x08\x08\x0869%]\r\r\n\x08\x08\x08\x08\x0870%]\r\r\n\x08\x08\x08\x08\x0871%]\r\r\n\x08\x08\x08\x08\x0872%]\r\r\n\x08\x08\x08\x08\x0873%]\r\r\n\x08\x08\x08\x08\x0874%]\r\r\n\x08\x08\x08\x08\x0875%]\r\r\n\x08\x08\x08\x08\x0876%]\r\r\n\x08\x08\x08\x08\x0877%]\r\r\n\x08\x08\x08\x08\x0878%]\r\r\n\x08\x08\x08\x08\x0879%]\r\r\n\x08\x08\x08\x08\x0880%]\r\r\n\x08\x08\x08\x08\x0881%]\r\r\n\x08\x08\x08\x08\x0882%]\r\r\n\x08\x08\x08\x08\x0883%]\r\r\n\x08\x08\x08\x08\x0884%]\r\r\n\x08\x08\x08\x08\x0885%]\r\r\n\x08\x08\x08\x08\x0886%]\r\r\n\x08\x08\x08\x08\x0887%]\r\r\n\x08\x08\x08\x08\x0888%]\r\r\n\x08\x08\x08\x08\x0889%]\r\r\n\x08\x08\x08\x08\x0890%]\r\r\n\x08\x08\x08\x08\x0891%]\r\r\n\x08\x08\x08\x08\x0892%]\r\r\n\x08\x08\x08\x08\x0893%]\r\r\n\x08\x08\x08\x08\x0894%]\r\r\n\x08\x08\x08\x08\x0895%]\r\r\n\x08\x08\x08\x08\x0896%]\r\r\n\x08\x08\x08\x08\x0897%]\r\r\n\x08\x08\x08\x08\x0898%]\r\r\n\x08\x08\x08\x08\x0899%]\r\r\n\x08\x08\x08\x08\x08100%]\r\r\n\x1b[1A\x1b[2Kroot@THANOS> download swimage source=sftp://karthik@10.220.160.28:/home/karthik/LatestBuildFromArtifactory/ThanOS-F1.0-Main-nightly-2020.07.09_23_19.manifest password=***\r\r\nDownload complete\r\r\n[ ne ]\r\r\nroot@THANOS> </xmp></pre>'}, {'id': 24, 'scriptlog': '<span class="badge badge-Light">INFO</span>: <b>pace.sessions.cli</b>: 100:<pre class="text-justify"><xmp>After Removing ANSIescapeSquence=download swimage source=sftp://karthik@10.220.160.28:/home/karthik/LatestBuildFromArtifactory/ThanOS-F1.0-Main-nightly-2020.07.09_23_19.manifest password=Hello123\r\r\nDownloading : ThanOS-F1.0-Main-nightly-2020.07.09_23_19.manifest...\r\r\n\x08\x08\x08\x08\x0810%]\r\r\n\x08\x08\x08\x08\x0820%]\r\r\n\x08\x08\x08\x08\x0830%]\r\r\n\x08\x08\x08\x08\x0840%]\r\r\n\x08\x08\x08\x08\x0850%]\r\r\n\x08\x08\x08\x08\x0860%]\r\r\n\x08\x08\x08\x08\x0870%]\r\r\n\x08\x08\x08\x08\x0880%]\r\r\n\x08\x08\x08\x08\x0890%]\r\r\nDownloaded : ThanOS-F1.0-Main-nightly-2020.07.09_23_19.manifest\r\r\nDownloading : ThanOS-F1.0-Main-nightly-2020.07.09_23_19.tar.gz...\r\r\n\x08\x08\x08\x08\x081%]\r\r\n\x08\x08\x08\x08\x082%]\r\r\n\x08\x08\x08\x08\x083%]\r\r\n\x08\x08\x08\x08\x084%]\r\r\n\x08\x08\x08\x08\x085%]\r\r\n\x08\x08\x08\x08\x086%]\r\r\n\x08\x08\x08\x08\x087%]\r\r\n\x08\x08\x08\x08\x088%]\r\r\n\x08\x08\x08\x08\x089%]\r\r\n\x08\x08\x08\x08\x0810%]\r\r\n\x08\x08\x08\x08\x0811%]\r\r\n\x08\x08\x08\x08\x0812%]\r\r\n\x08\x08\x08\x08\x0813%]\r\r\n\x08\x08\x08\x08\x0814%]\r\r\n\x08\x08\x08\x08\x0815%]\r\r\n\x08\x08\x08\x08\x0816%]\r\r\n\x08\x08\x08\x08\x0817%]\r\r\n\x08\x08\x08\x08\x0818%]\r\r\n\x08\x08\x08\x08\x0819%]\r\r\n\x08\x08\x08\x08\x0820%]\r\r\n\x08\x08\x08\x08\x0821%]\r\r\n\x08\x08\x08\x08\x0822%]\r\r\n\x08\x08\x08\x08\x0823%]\r\r\n\x08\x08\x08\x08\x0824%]\r\r\n\x08\x08\x08\x08\x0825%]\r\r\n\x08\x08\x08\x08\x0826%]\r\r\n\x08\x08\x08\x08\x0827%]\r\r\n\x08\x08\x08\x08\x0828%]\r\r\n\x08\x08\x08\x08\x0829%]\r\r\n\x08\x08\x08\x08\x0830%]\r\r\n\x08\x08\x08\x08\x0831%]\r\r\n\x08\x08\x08\x08\x0832%]\r\r\n\x08\x08\x08\x08\x0833%]\r\r\n\x08\x08\x08\x08\x0834%]\r\r\n\x08\x08\x08\x08\x0835%]\r\r\n\x08\x08\x08\x08\x0836%]\r\r\n\x08\x08\x08\x08\x0837%]\r\r\n\x08\x08\x08\x08\x0838%]\r\r\n\x08\x08\x08\x08\x0839%]\r\r\n\x08\x08\x08\x08\x0840%]\r\r\n\x08\x08\x08\x08\x0841%]\r\r\n\x08\x08\x08\x08\x0842%]\r\r\n\x08\x08\x08\x08\x0843%]\r\r\n\x08\x08\x08\x08\x0844%]\r\r\n\x08\x08\x08\x08\x0845%]\r\r\n\x08\x08\x08\x08\x0846%]\r\r\n\x08\x08\x08\x08\x0847%]\r\r\n\x08\x08\x08\x08\x0848%]\r\r\n\x08\x08\x08\x08\x0849%]\r\r\n\x08\x08\x08\x08\x0850%]\r\r\n\x08\x08\x08\x08\x0851%]\r\r\n\x08\x08\x08\x08\x0852%]\r\r\n\x08\x08\x08\x08\x0853%]\r\r\n\x08\x08\x08\x08\x0854%]\r\r\n\x08\x08\x08\x08\x0855%]\r\r\n\x08\x08\x08\x08\x0856%]\r\r\n\x08\x08\x08\x08\x0857%]\r\r\n\x08\x08\x08\x08\x0858%]\r\r\n\x08\x08\x08\x08\x0859%]\r\r\n\x08\x08\x08\x08\x0860%]\r\r\n\x08\x08\x08\x08\x0861%]\r\r\n\x08\x08\x08\x08\x0862%]\r\r\n\x08\x08\x08\x08\x0863%]\r\r\n\x08\x08\x08\x08\x0864%]\r\r\n\x08\x08\x08\x08\x0865%]\r\r\n\x08\x08\x08\x08\x0866%]\r\r\n\x08\x08\x08\x08\x0867%]\r\r\n\x08\x08\x08\x08\x0868%]\r\r\n\x08\x08\x08\x08\x0869%]\r\r\n\x08\x08\x08\x08\x0870%]\r\r\n\x08\x08\x08\x08\x0871%]\r\r\n\x08\x08\x08\x08\x0872%]\r\r\n\x08\x08\x08\x08\x0873%]\r\r\n\x08\x08\x08\x08\x0874%]\r\r\n\x08\x08\x08\x08\x0875%]\r\r\n\x08\x08\x08\x08\x0876%]\r\r\n\x08\x08\x08\x08\x0877%]\r\r\n\x08\x08\x08\x08\x0878%]\r\r\n\x08\x08\x08\x08\x0879%]\r\r\n\x08\x08\x08\x08\x0880%]\r\r\n\x08\x08\x08\x08\x0881%]\r\r\n\x08\x08\x08\x08\x0882%]\r\r\n\x08\x08\x08\x08\x0883%]\r\r\n\x08\x08\x08\x08\x0884%]\r\r\n\x08\x08\x08\x08\x0885%]\r\r\n\x08\x08\x08\x08\x0886%]\r\r\n\x08\x08\x08\x08\x0887%]\r\r\n\x08\x08\x08\x08\x0888%]\r\r\n\x08\x08\x08\x08\x0889%]\r\r\n\x08\x08\x08\x08\x0890%]\r\r\n\x08\x08\x08\x08\x0891%]\r\r\n\x08\x08\x08\x08\x0892%]\r\r\n\x08\x08\x08\x08\x0893%]\r\r\n\x08\x08\x08\x08\x0894%]\r\r\n\x08\x08\x08\x08\x0895%]\r\r\n\x08\x08\x08\x08\x0896%]\r\r\n\x08\x08\x08\x08\x0897%]\r\r\n\x08\x08\x08\x08\x0898%]\r\r\n\x08\x08\x08\x08\x0899%]\r\r\n\x08\x08\x08\x08\x08100%]\r\r\nroot@THANOS> download swimage source=sftp://karthik@10.220.160.28:/home/karthik/LatestBuildFromArtifactory/ThanOS-F1.0-Main-nightly-2020.07.09_23_19.manifest password=***\r\r\nDownload complete\r\r\n[ ne ]\r\r\nroot@THANOS> </xmp></pre>'}, {'id': 25, 'scriptlog': '<span class="badge badge-Light">INFO</span>: <b>pace.sessions.cli</b>: 56:<pre class="text-justify"><xmp>Connected successfully to \'172.16.11.196\' via SSH</xmp></pre>'}, {'id': 26, 'scriptlog': '<span class="badge badge-Light">INFO</span>: <b>pace.sessions.cli</b>: 34:<pre class="text-justify"><xmp>Received:Connecting user root from 10.220.119.30:50137\r\n****************************************** Warning ******************************************\r\r\n\r\r\nThis system is restricted to authorized users for business purposes. Unauthorized access is a\r\r\nviolation of the law. This service may be monitored for administrative and security reasons.\r\r\nBy proceeding, you consent to this monitoring.\r\r\n\r\r\n*********************************************************************************************\r\r\n\r\r\nLast login: 2020-07-10T09:37:59Z\r\r\n\r\r\n[ ne ]\r\r\nroot@THANOS> </xmp></pre>'}, {'id': 27, 'scriptlog': '<span class="badge badge-Light">INFO</span>: <b>pace.sessions.cli</b>: 49:<pre class="text-justify"><xmp>Logged in successfully to CLI</xmp></pre>'}, {'id': 28, 'scriptlog': '<span class="badge badge-Light">INFO</span>: <b>pace.sessions.cli</b>: 67:<pre class="text-justify"><xmp>Entered: show sw-management downloads</xmp></pre>'}, {'id': 29, 'scriptlog': '<span class="badge badge-Light">INFO</span>: <b>pace.sessions.cli</b>: 98:<pre class="text-justify"><xmp>CLi responde Received: show sw-management downloads\r\r\n  \x1b[1;4mdownloads\x1b[0m                                                      \r\r\n  \x1b[1;4mmanifest-ThanOS-F1.0-Main-nightly-2020.07.09_23_19.manifest\x1b[0m    \r\r\n[ ne ]\r\r\nroot@THANOS> </xmp></pre>'}, {'id': 30, 'scriptlog': '<span class="badge badge-Light">INFO</span>: <b>pace.sessions.cli</b>: 100:<pre class="text-justify"><xmp>After Removing ANSIescapeSquence=show sw-management downloads\r\r\n  downloads                                                      \r\r\n  manifest-ThanOS-F1.0-Main-nightly-2020.07.09_23_19.manifest    \r\r\n[ ne ]\r\r\nroot@THANOS> </xmp></pre>'}, {'id': 31, 'scriptlog': '<span class="badge badge-Light">INFO</span>: <b>pace.neapi.operations</b>: 92:<pre class="text-justify"><xmp>Build downloaded successfully.... !!!</xmp></pre>'}, {'id': 32, 'scriptlog': '<span class="badge badge-Light">INFO</span>: <b>pace.neapi.operations</b>: 125:<pre class="text-justify"><xmp>Pre-paring for Upgrade</xmp></pre>'}, {'id': 33, 'scriptlog': '<span class="badge badge-Light">INFO</span>: <b>pace.sessions.cli</b>: 67:<pre class="text-justify"><xmp>Entered: prepare-upgrade apply label=ThanOS-F1.0-Main-nightly-2020.07.09_23_19.manifest</xmp></pre>'}, {'id': 34, 'scriptlog': '<span class="badge badge-Light">INFO</span>: <b>pace.sessions.cli</b>: 98:<pre class="text-justify"><xmp>CLi responde Received: prepare-upgrade apply label=ThanOS-F1.0-Main-nightly-2020.07.09_23_19.manifest\r\r\nPrepare-upgrade initiated...\r\r\nPrepare-upgrade apply initiated. Please use the show commands for status\r\r\n[ ne ]\r\r\nroot@THANOS> </xmp></pre>'}, {'id': 35, 'scriptlog': '<span class="badge badge-Light">INFO</span>: <b>pace.sessions.cli</b>: 100:<pre class="text-justify"><xmp>After Removing ANSIescapeSquence=prepare-upgrade apply label=ThanOS-F1.0-Main-nightly-2020.07.09_23_19.manifest\r\r\nPrepare-upgrade initiated...\r\r\nPrepare-upgrade apply initiated. Please use the show commands for status\r\r\n[ ne ]\r\r\nroot@THANOS> </xmp></pre>'}, {'id': 36, 'scriptlog': '<span class="badge badge-Light">INFO</span>: <b>pace.sessions.cli</b>: 67:<pre class="text-justify"><xmp>Entered: show sw-management software-load-installable</xmp></pre>'}, {'id': 37, 'scriptlog': '<span class="badge badge-Light">INFO</span>: <b>pace.sessions.cli</b>: 98:<pre class="text-justify"><xmp>CLi responde Received: show sw-management software-load-installable\r\r\n  \x1b[1;4msoftware-load-installable\x1b[0m                         \r\r\n  \x1b[1;4msw-component-installable/chm6-F1.0-Main.tar.gz\x1b[0m    \r\r\n  \x1b[1;4msw-component-installable/xmm4-F1.0-Main.tar.gz\x1b[0m    \r\r\n  swload-version                                              \'R1.0.0\' \r\r\n  swload-manifest                                             \'ThanOS-F1.0-Main-nightly-2020.07.09_23_19.manifest\' \r\r\n  swload-prepared                                             true \r\r\n  swload-status                                               apply-complete \r\r\n  swload-information                                          \'2020-07-10 09:39:01:APPLY IN PROGRESS\r\r\n                                                              2020-07-10 09:39:09:APPLY COMPLETE\' \r\r\n  swload-vendor                                               \'Infinera\' \r\r\n  swload-product                                              \'ThanOS\' \r\r\n  swload-label                                                \'ThanOS-F1.0-Main-nightly-2020.07.09_23_19\' \r\r\n[ ne ]\r\r\nroot@THANOS> </xmp></pre>'}, {'id': 38, 'scriptlog': '<span class="badge badge-Light">INFO</span>: <b>pace.sessions.cli</b>: 100:<pre class="text-justify"><xmp>After Removing ANSIescapeSquence=show sw-management software-load-installable\r\r\n  software-load-installable                         \r\r\n  sw-component-installable/chm6-F1.0-Main.tar.gz    \r\r\n  sw-component-installable/xmm4-F1.0-Main.tar.gz    \r\r\n  swload-version                                              \'R1.0.0\' \r\r\n  swload-manifest                                             \'ThanOS-F1.0-Main-nightly-2020.07.09_23_19.manifest\' \r\r\n  swload-prepared                                             true \r\r\n  swload-status                                               apply-complete \r\r\n  swload-information                                          \'2020-07-10 09:39:01:APPLY IN PROGRESS\r\r\n                                                              2020-07-10 09:39:09:APPLY COMPLETE\' \r\r\n  swload-vendor                                               \'Infinera\' \r\r\n  swload-product                                              \'ThanOS\' \r\r\n  swload-label                                                \'ThanOS-F1.0-Main-nightly-2020.07.09_23_19\' \r\r\n[ ne ]\r\r\nroot@THANOS> </xmp></pre>'}, {'id': 39, 'scriptlog': '<span class="badge badge-Light">INFO</span>: <b>pace.neapi.operations</b>: 180:<pre class="text-justify"><xmp>Build installation done Successfully..</xmp></pre>'}, {'id': 40, 'scriptlog': '<span class="badge badge-Light">INFO</span>: <b>pace.neapi.operations</b>: 209:<pre class="text-justify"><xmp><-------- Iteration 0--------------></xmp></pre>'}, {'id': 41, 'scriptlog': '<span class="badge badge-Light">INFO</span>: <b>pace.sessions.cli</b>: 67:<pre class="text-justify"><xmp>Entered: show sw-management software-load-installable</xmp></pre>'}, {'id': 42, 'scriptlog': '<span class="badge badge-Light">INFO</span>: <b>pace.sessions.cli</b>: 98:<pre class="text-justify"><xmp>CLi responde Received: show sw-management software-load-installable\r\r\n  \x1b[1;4msoftware-load-installable\x1b[0m                         \r\r\n  \x1b[1;4msw-component-installable/chm6-F1.0-Main.tar.gz\x1b[0m    \r\r\n  \x1b[1;4msw-component-installable/xmm4-F1.0-Main.tar.gz\x1b[0m    \r\r\n  swload-version                                              \'R1.0.0\' \r\r\n  swload-manifest                                             \'ThanOS-F1.0-Main-nightly-2020.07.09_23_19.manifest\' \r\r\n  swload-prepared                                             true \r\r\n  swload-status                                               apply-complete \r\r\n  swload-information                                          \'2020-07-10 09:39:01:APPLY IN PROGRESS\r\r\n                                                              2020-07-10 09:39:09:APPLY COMPLETE\' \r\r\n  swload-vendor                                               \'Infinera\' \r\r\n  swload-product                                              \'ThanOS\' \r\r\n  swload-label                                                \'ThanOS-F1.0-Main-nightly-2020.07.09_23_19\' \r\r\n[ ne ]\r\r\nroot@THANOS> </xmp></pre>'}, {'id': 43, 'scriptlog': '<span class="badge badge-Light">INFO</span>: <b>pace.sessions.cli</b>: 100:<pre class="text-justify"><xmp>After Removing ANSIescapeSquence=show sw-management software-load-installable\r\r\n  software-load-installable                         \r\r\n  sw-component-installable/chm6-F1.0-Main.tar.gz    \r\r\n  sw-component-installable/xmm4-F1.0-Main.tar.gz    \r\r\n  swload-version                                              \'R1.0.0\' \r\r\n  swload-manifest                                             \'ThanOS-F1.0-Main-nightly-2020.07.09_23_19.manifest\' \r\r\n  swload-prepared                                             true \r\r\n  swload-status                                               apply-complete \r\r\n  swload-information                                          \'2020-07-10 09:39:01:APPLY IN PROGRESS\r\r\n                                                              2020-07-10 09:39:09:APPLY COMPLETE\' \r\r\n  swload-vendor                                               \'Infinera\' \r\r\n  swload-product                                              \'ThanOS\' \r\r\n  swload-label                                                \'ThanOS-F1.0-Main-nightly-2020.07.09_23_19\' \r\r\n[ ne ]\r\r\nroot@THANOS> </xmp></pre>'}, {'id': 44, 'scriptlog': '<span class="badge badge-Light">INFO</span>: <b>pace.neapi.operations</b>: 212:<pre class="text-justify"><xmp>Pre Upgrade completed.. Image is ready for activation..</xmp></pre>'}, {'id': 45, 'scriptlog': '<span class="badge badge-Light">INFO</span>: <b>pace.neapi.operations</b>: 131:<pre class="text-justify"><xmp>Activating SW</xmp></pre>'}, {'id': 46, 'scriptlog': '<span class="badge badge-Light">INFO</span>: <b>pace.sessions.cli</b>: 67:<pre class="text-justify"><xmp>Entered: activate-file swimage label=ThanOS-F1.0-Main-nightly-2020.07.09_23_19.manifest -f</xmp></pre>'}, {'id': 47, 'scriptlog': '<span class="badge badge-Light">INFO</span>: <b>pace.sessions.cli</b>: 98:<pre class="text-justify"><xmp>CLi responde Received: activate-file swimage label=ThanOS-F1.0-Main-nightly-2020.07.09_23_19.manifest -f\r\r\nSoftware Activation Initiated\r\r\n</xmp></pre>'}, {'id': 48, 'scriptlog': '<span class="badge badge-Light">INFO</span>: <b>pace.sessions.cli</b>: 100:<pre class="text-justify"><xmp>After Removing ANSIescapeSquence=activate-file swimage label=ThanOS-F1.0-Main-nightly-2020.07.09_23_19.manifest -f\r\r\nSoftware Activation Initiated\r\r\n</xmp></pre>'}, {'id': 49, 'scriptlog': '<span class="badge badge-Light">INFO</span>: <b>pace.neapi.operations</b>: 264:<pre class="text-justify"><xmp>Activate command initiated... Sleeping for 780 seconds..</xmp></pre>'}, {'id': 50, 'scriptlog': '<span class="badge badge-Light">INFO</span>: <b>pace.neapi.operations</b>: 133:<pre class="text-justify"><xmp>Activated SW. Sleeping for 300 seconds for NE bring-up</xmp></pre>'}, {'id': 51, 'scriptlog': '<span class="badge badge-Light">INFO</span>: <b>pace.sessions.cli</b>: 67:<pre class="text-justify"><xmp>Entered: show sw-management software-load-active</xmp></pre>'}, {'id': 52, 'scriptlog': '<span class="badge badge-Light">INFO</span>: <b>pace.sessions.cli</b>: 73:<pre class="text-justify"><xmp>got Exception </xmp></pre>'}, {'id': 53, 'scriptlog': '<span class="badge badge-Light">INFO</span>: <b>pace.sessions.cli</b>: 74:<pre class="text-justify"><xmp>Socket is closed</xmp></pre>'}, {'id': 54, 'scriptlog': '<span class="badge badge-Light">INFO</span>: <b>pace.sessions.cli</b>: 56:<pre class="text-justify"><xmp>Connected successfully to \'172.16.11.196\' via SSH</xmp></pre>'}, {'id': 55, 'scriptlog': '<span class="badge badge-Light">DEBUG</span>: <b>pace.neapi.operations</b>: 325:<pre class="text-justify"><xmp>SSH connection to \'172.16.11.196\' failed:\'NoneType\' object has no attribute \'open_session\'</xmp></pre>'}, {'id': 56, 'scriptlog': '<span class="badge badge-danger">ERROR</span>: <b>TestStepVerification</b>: 301: <br><b> &nbsp;&nbsp; &nbsp;&nbsp;</b>:<pre class="text-justify"><xmp>Test Step Failed at "..\\..\\..\\Python\\Python37\\Lib\\pacelib\\SW\\SW.py 326" in function:verify_installed_image(), ErrorMessage: pytest.evaluate(False)\n\nVariables: \nself = <pacelib.SW.SW.SW object at 0x0000020D43720F28>\nimage_name = \'ThanOS-F1.0-Main-nightly-2020.07.09_23_19.manifest\'\nis_negative_step = False\nverify_image = \'ThanOS-F1.0-Main-nightly-2020.07.09_23_19\'\nsimulator_name = None\nappId = \'SW\'\nexe = Exception("SSH connection to \'172.16.11.196\' failed:\'NoneType\' object has no attribute \'open_session\'")</xmp></pre>'}, {'id': 57, 'scriptlog': '<span class="badge badge-Light">INFO</span>: <b>pace.neapi.operations</b>: 136:<pre class="text-justify"><xmp>Configuring DCN</xmp></pre>'}, {'id': 58, 'scriptlog': '<span class="badge badge-Light">INFO</span>: <b>pace.sessions.ssh</b>: 114:<pre class="text-justify"><xmp>Entered: virsh console PaceSanity_cc1 --force</xmp></pre>'}, {'id': 59, 'scriptlog': '<span class="badge badge-Light">INFO</span>: <b>pace.sessions.ssh</b>: 132:<pre class="text-justify"><xmp>After Removing ANSIescapeSquence=\r\nLogin timed out after 60 seconds.\r\n\r\r\nOpen Network Linux OS ONL-thanos_master, 2020-05-29.07:09-c6c7b5b\r\n\r\nlocalhost login:
[  880.151836] EXT4-fs (sda4): mounted filesystem with ordered data mode. Opts: (null)\r\n[  953.029577] EXT4-fs (sda2): mounted filesystem with ordered data mode. Opts: (null)\r\n         Stopping mf.service...\r\n         Stopping pmAgent.service...\r\n         Stopping key_management.service...\r\n         Unmounting RPC Pipe File System...\r\n         Stopping l1serviceManager.service...\r\n         Stopping infroutingmanager.service...\r\n         Stopping Platform Control Plane process...\r\n         Stopping sda.service...\r\n         Stopping syslogConfigurationManager.service...\r\n[  OK  ] Stopped target Timers.\r\n[  OK  ] Stopped target Graphical Interface.\r\n[  OK  ] Stopped target RPC Port Mapper.\r\n         Stopping fts.service...\r\n[  OK  ] Stopped Daily Cleanup of Temporary Directories.\r\n         Stopping ntpd_conf.service...\r\n         Stopping dbgmgr.service...\r\n         Stopping usm.service...\r\n         Stopping eqm.service...\r\n         Stopping dbgagent.service...\r\n         Stopping pmManager.service...\r\n         Stopping telemetryManager.service...\r\n         Stopping watchdog daemon...\r\n         Stopping webgui.service...\r\n         Stopping pal.service...\r\n         Stopping Network Time Service...\r\n         Stopping fmManager.service...\r\n[  OK  ] Stopped Daily rotation of log files.\r\n         Stopping dhcp_server.service...\r\n         Stopping telemetryAgent.service...\r\n         Stopping swmd.service...\r\n[  OK  ] Stopped Daily apt upgrade and clean activities.\r\n[  OK  ] Stopped Daily apt download activities.\r\n[  OK  ] Stopped target System Time Synchronized.\r\n         Stopping shm.service...\r\n[  OK  ] Stopped webgui.service.\r\n[  OK  ] Stopped Network Time Service.\r\n[  OK  ] Unmounted RPC Pipe File System.\r\n[  OK  ] Stopped watchdog daemon.\r\n[  OK  ] Stopped sda.service.\r\n[  OK  ] Stopped infroutingmanager.service.\r\n         Stopping routingstack.service...\r\n         Stopping sal.service...\r\n[  OK  ] Stopped routingstack.service.\r\n[  OK  ] Stopped telemetryAgent.service.\r\n[  OK  ] Stopped usm.service.\r\n[  OK  ] Stopped dbgagent.service.\r\n[  OK  ] Stopped syslogConfigurationManager.service.\r\n[  OK  ] Stopped pal.service.\r\n[  OK  ] Stopped pmAgent.service.\r\n[  OK  ] Stopped telemetryManager.service.\r\n[  OK  ] Stopped l1serviceManager.service.\r\n[  OK  ] Stopped Platform Control Plane process.\r\n[  OK  ] Stopped fts.service.\r\n[  OK  ] Stopped ntpd_conf.service.\r\n[  OK  ] Stopped dhcp_server.service.\r\n[  OK  ] Stopped mf.service.\r\n[  OK  ] Stopped shm.service.\r\n[  OK  ] Stopped key_management.service.\r\n[  OK  ] Stopped fmManager.service.\r\n[  OK  ] Stopped dbgmgr.service.\r\n[  OK  ] Stopped eqm.service.\r\n[  OK  ] Stopped swmd.service.\r\n[  OK  ] Stopped pmManager.service.\r\n         Stopping dbf.service...\r\n[  OK  ] Stopped target Multi-User System.\r\n         Stopping A high performanc… and a reverse proxy server...\r\n         Stopping soad.service...\r\n[  OK  ] Stopped Resets System Activity Data Collector.\r\n         Stopping Internet superserver...\r\n         Stopping Self Monitoring a…g Technology (SMART) Daemon...\r\n[  OK  ] Stopped target Login Prompts.\r\n[  OK  ] Stopped getty on tty2-tty6… and logind are not available.\r\n         Stopping Getty on tty4...\r\n         Stopping Getty on tty5...\r\n         Stopping Getty on tty3...\r\n         Stopping Getty on tty1...\r\n         Stopping Serial Getty on ttyS0...\r\n         Stopping Getty on tty6...\r\n         Stopping Getty on tty2...\r\n[  OK  ] Stopped Initialize hardware monitoring sensors.\r\n         Stopping LTTng session daemon...\r\n         Stopping System Logger Daemon...\r\n         Stopping auto_run_script.service...\r\n         Stopping ztpagent.service...\r\n         Stopping OpenBSD Secure Shell server...\r\n[  OK  ] Stopped Internet superserver.\r\n[  OK  ] Stopped Self Monitoring an…ing Technology (SMART) Daemon.\r\n[  OK  ] Stopped Getty on tty1.\r\n[  OK  ] Stopped Getty on tty6.\r\n[  OK  ] Stopped Getty on tty5.\r\n[  OK  ] Stopped Getty on tty4.\r\n[  OK  ] Stopped Getty on tty3.\r\n[  OK  ] Stopped Getty on tty2.\r\n[  OK  ] Stopped OpenBSD Secure Shell server.\r\n[  OK  ] Stopped soad.service.\r\n[  OK  ] Stopped Serial Getty on ttyS0.\r\n[  OK  ] Stopped auto_run_script.service.\r\n[  OK  ] Stopped dbf.service.\r\n[  OK  ] Stopped ztpagent.service.\r\n         Stopping ztp.service...\r\n         Stopping dbm.service...\r\n         Stopping LSB: disk temperature monitoring daemon...\r\n         Stopping pre_installed_pkg.service...\r\n         Stopping LSB: Brings up/down network automatically...\r\n[  OK  ] Removed slice system-serial\\x2dgetty.slice.\r\n         Stopping Permit User Sessions...\r\n[  OK  ] Removed slice system-getty.slice.\r\n[  OK  ] Stopped LTTng session daemon.\r\n[  OK  ] Stopped ztp.service.\r\n         Stopping dhcp.service...\r\n[  OK  ] Stopped dhcp.service.\r\n[  OK  ] Stopped dbm.service.\r\n[  OK  ] Stopped LSB: Brings up/down network automatically.\r\n[  OK  ] Stopped LSB: disk temperature monitoring daemon.\r\n[  OK  ] Stopped pre_installed_pkg.service.\r\n[  OK  ] Stopped Permit User Sessions.\r\n[  OK  ] Stopped target Remote File Systems.\r\n[  OK  ] Stopped target Remote File Systems (Pre).\r\n[  OK  ] Stopped target NFS client services.\r\n[  OK  ] Stopped target Network is Online.\r\n[  OK  ] Stopped System Logger Daemon.\r\n[  OK  ] Stopped A high performance…er and a reverse proxy server.\r\n[  OK  ] Stopped sal.service.\r\n         Stopping pcid.sim.service...\r\n[  OK  ] Stopped pcid.sim.service.\r\n[  OK  ] Stopped target Network.\r\n         Stopping Raise network interfaces...\r\n[  OK  ] Stopped target Basic System.\r\n[  OK  ] Stopped target Paths.\r\n[  OK  ] Stopped target Slices.\r\n[  OK  ] Stopped target Sockets.\r\n[  OK  ] Stopped target System Initialization.\r\n         Stopping Load/Save Random Seed...\r\n[  OK  ] Stopped target Local Encrypted Volumes.\r\n[  OK  ] Stopped Dispatch Password …ts to Console Directory Watch.\r\n[  OK  ] Stopped Forward Password R…uests to Wall Directory Watch.\r\n         Stopping Update UTMP about System Boot/Shutdown...\r\n[  OK  ] Stopped Raise network interfaces.\r\n[  OK  ] Stopped Load/Save Random Seed.\r\n[  OK  ] Stopped Apply Kernel Variables.\r\n[  OK  ] Stopped Load Kernel Modules.\r\n[  OK  ] Stopped Update UTMP about System Boot/Shutdown.\r\n[  OK  ] Stopped Create Volatile Files and Directories.\r\n[  OK  ] Stopped target Local File Systems.\r\n         Unmounting /var/ilxd/info...\r\n         Unmounting /var/ilxd/db...\r\n         Unmounting /root...\r\n[  OK  ] Unmounted /var/ilxd/info.\r\n[  OK  ] Stopped target Swap.\r\n[  OK  ] Unmounted /root.\r\n[  OK  ] Stopped File System Check …/dev/disk/by-label/ONL-IMAGES.\r\n[  OK  ] Unmounted /var/ilxd/db.\r\n         Unmounting /var/ilxd...\r\n[FAILED] Failed unmounting /var/ilxd.\r\n[  OK  ] Reached target Unmount All Filesystems.\r\n[  OK  ] Stopped File System Check …/dev/disk/by-label/ONL-CONFIG.\r\n[  OK  ] Removed slice system-systemd\\x2dfsck.slice.\r\n[  OK  ] Stopped target Local File Systems (Pre).\r\n[  OK  ] Stopped Create Static Device Nodes in /dev.\r\n[  OK  ] Stopped Create System Users.\r\n[  OK  ] Stopped Remount Root and Kernel File Systems.\r\n[  OK  ] Stopped File System Check on Root Device.\r\n[  OK  ] Reached target Shutdown.\r\n[  OK  ] Reached target Final Step.\r\n[  OK  ] Started Reboot.\r\n[  OK  ] Reached target Reboot.\r\n[  965.235414] watchdog: watchdog0: watchdog did not stop!\r\n[  965.240207] systemd-shutdow: 55 output lines suppressed due to ratelimiting\r\n[  965.262609] systemd-shutdown[1]: Syncing filesystems and block devices.\r\n[  965.270886] systemd-shutdown[1]: Sending SIGTERM to remaining processes...\r\n[  965.276140] systemd-journald[1878]: Received SIGTERM from PID 1 (systemd-shutdow).\r\n[  965.310890] systemd-shutdown[1]: Sending SIGKILL to remaining processes...\r\n[  965.314526] systemd-shutdown[1]: Hardware watchdog \'iTCO_wdt\', version 0\r\n[  965.317903] systemd-shutdown[1]: Unmounting file systems.\r\n[  965.320915] [17021]: Remounting \'/var/ilxd\' read-only in with options \'(null)\'.\r\n[  965.323529] [17021]: Failed to remount \'/var/ilxd\' read-only: Device or resource busy\r\n[  965.326995] [17022]: Unmounting \'/var/ilxd\'.\r\n[  965.328630] [17022]: Failed to unmount /var/ilxd: Device or resource busy\r\n[  965.331371] [17023]: Remounting \'/\' read-only in with options \'(null)\'.\r\n[  965.337481] EXT4-fs (sda3): re-mounted. Opts: (null)\r\n[  965.339607] systemd-shutdown[1]: Not all file systems unmounted, 1 left.\r\n[  965.341697] systemd-shutdown[1]: Deactivating swaps.\r\n[  965.343346] systemd-shutdown[1]: All swaps deactivated.\r\n[  965.345008] systemd-shutdown[1]: Detaching loop devices.\r\n[  965.347503] systemd-shutdown[1]: Detaching loopback /dev/loop0.\r\n[  965.440449] [17029]: Remounting \'/var/ilxd\' read-only in with options \'(null)\'.\r\n[  965.446049] EXT4-fs (sda5): re-mounted. Opts: (null)\r\n[  965.447978] [17030]: Unmounting \'/var/ilxd\'.\r\n[  965.482843] sd 0:0:0:0: [sda] Synchronizing SCSI cache\r\n[  965.866184] reboot: Restarting system\r\n[  965.867163] reboot: machine restart\r\nGNU GRUB  version 2.02+dfsg1-20\n\r\n\r+----------------------------------------------------------------------------+||||||||||||||||||||||||+----------------------------------------------------------------------------+     Use the ^ and v keys to select which entry is highlighted.          \n\r      Press enter to boot the selected OS, `e\' to edit the commands       \n\r      before booting or `c\' for a command-line.                            *NextGenOS Active                                                            NextGenOS Backup                                                            ONIE                                                                                                                                                                                                                                                                                                                                                                                                                                                                                                                                                                                                                                                                                                                                                                                       The highlighted entry will be executed automatically in 5s.                    The highlighted entry will be executed automatically in 4s.                    The highlighted entry will be executed automatically in 3s.                    The highlighted entry will be executed automatically in 2s.                    The highlighted entry will be executed automatically in 1s.                    The highlighted entry will be executed automatically in 0s.                 Loading NextGenOs active image ...\n\r[    0.000000] Linux version 4.19.81-OpenNetworkLinux-thanos (root@in-thanos-qa3) (gcc version 8.3.0 (Debian 8.3.0-6)) #1 SMP Fri Jul 3 09:50:02 UTC 2020\r\n[    0.000000] Command line: BOOT_IMAGE=/boot/bzImage root=/dev/sda4 console=tty0 console=ttyS0,115200n8 GIBSON_TYPE=OS net.ifnames=0 fsck.repair=yes\r\n[    0.000000] x86/fpu: Supporting XSAVE feature 0x001: \'x87 floating point registers\'\r\n[    0.000000] x86/fpu: Supporting XSAVE feature 0x002: \'SSE registers\'\r\n[    0.000000] x86/fpu: Supporting XSAVE feature 0x004: \'AVX registers\'\r\n[    0.000000] x86/fpu: xstate_offset[2]:  576, xstate_sizes[2]:  256\r\n[    0.000000] x86/fpu: Enabled xstate features 0x7, context size is 832 bytes, using \'standard\' format.\r\n[    0.000000] BIOS-provided physical RAM map:\r\n[    0.000000] BIOS-e820: [mem 0x0000000000000000-0x000000000009fbff] usable\r\n[    0.000000] BIOS-e820: [mem 0x000000000009fc00-0x000000000009ffff] reserved\r\n[    0.000000] BIOS-e820: [mem 0x00000000000f0000-0x00000000000fffff] reserved\r\n[    0.000000] BIOS-e820: [mem 0x0000000000100000-0x000000007ffddfff] usable\r\n[    0.000000] BIOS-e820: [mem 0x000000007ffde000-0x000000007fffffff] reserved\r\n[    0.000000] BIOS-e820: [mem 0x00000000b0000000-0x00000000bfffffff] reserved\r\n[    0.000000] BIOS-e820: [mem 0x00000000fed1c000-0x00000000fed1ffff] reserved\r\n[    0.000000] BIOS-e820: [mem 0x00000000feffc000-0x00000000feffffff] reserved\r\n[    0.000000] BIOS-e820: [mem 0x00000000fffc0000-0x00000000ffffffff] reserved\r\n[    0.000000] BIOS-e820: [mem 0x0000000100000000-0x000000017fffffff] usable\r\n[    0.000000] NX (Execute Disable) protection: active\r\n[    0.000000] SMBIOS 2.8 present.\r\n[    0.000000] DMI: QEMU Standard PC (Q35 + ICH9, 2009), BIOS 1.12.0-1 04/01/2014\r\n[    0.000000] tsc: Fast TSC calibration using PIT\r\n[    0.000000] tsc: Detected 2397.173 MHz processor\r\n[    0.000593] last_pfn = 0x180000 max_arch_pfn = 0x400000000\r\n[    0.000624] x86/PAT: Configuration [0-7]: WB  WC  UC- UC  WB  WP  UC- WT  \r\n[    0.000632] last_pfn = 0x7ffde max_arch_pfn = 0x400000000\r\n[    0.006371] found SMP MP-table at [mem 0x000f5a80-0x000f5a8f]\r\n[    0.006392] Scanning 1 areas for low memory corruption\r\n[    0.006412] Using GB pages for direct mapping\r\n[    0.006549] ACPI: Early table checksum verification disabled\r\n[    0.006592] ACPI: RSDP 0x00000000000F5860 000014 (v00 BOCHS )\r\n[    0.006598] ACPI: RSDT 0x000000007FFE2092 000030 (v01 BOCHS  BXPCRSDT 00000001 BXPC 00000001)\r\n[    0.006603] ACPI: FACP 0x000000007FFE1EE2 0000F4 (v03 BOCHS  BXPCFACP 00000001 BXPC 00000001)\r\n[    0.006608] ACPI: DSDT 0x000000007FFE0040 001EA2 (v01 BOCHS  BXPCDSDT 00000001 BXPC 00000001)\r\n[    0.006611] ACPI: FACS 0x000000007FFE0000 000040\r\n[    0.006614] ACPI: APIC 0x000000007FFE1FD6 000080 (v01 BOCHS  BXPCAPIC 00000001 BXPC 00000001)\r\n[    0.006617] ACPI: MCFG 0x000000007FFE2056 00003C (v01 BOCHS  BXPCMCFG 00000001 BXPC 00000001)\r\n[    0.006661] Zone ranges:\r\n[    0.006662]   DMA      [mem 0x0000000000001000-0x0000000000ffffff]\r\n[    0.006663]   DMA32    [mem 0x0000000001000000-0x00000000ffffffff]\r\n[    0.006664]   Normal   [mem 0x0000000100000000-0x000000017fffffff]\r\n[    0.006665] Movable zone start for each node\r\n[    0.006666] Early memory node ranges\r\n[    0.006667]   node   0: [mem 0x0000000000001000-0x000000000009efff]\r\n[    0.006667]   node   0: [mem 0x0000000000100000-0x000000007ffddfff]\r\n[    0.006668]   node   0: [mem 0x0000000100000000-0x000000017fffffff]\r\n[    0.006674] Reserved but unavailable: 98 pages\r\n[    0.006675] Initmem setup node 0 [mem 0x0000000000001000-0x000000017fffffff]\r\n[    0.033025] ACPI: PM-Timer IO Port: 0x608\r\n[    0.033039] ACPI: LAPIC_NMI (acpi_id[0xff] dfl dfl lint[0x1])\r\n[    0.033085] IOAPIC[0]: apic_id 0, version 17, address 0xfec00000, GSI 0-23\r\n[    0.033087] ACPI: INT_SRC_OVR (bus 0 bus_irq 0 global_irq 2 dfl dfl)\r\n[    0.033089] ACPI: INT_SRC_OVR (bus 0 bus_irq 5 global_irq 5 high level)\r\n[    0.033089] ACPI: INT_SRC_OVR (bus 0 bus_irq 9 global_irq 9 high level)\r\n[    0.033093] ACPI: INT_SRC_OVR (bus 0 bus_irq 10 global_irq 10 high level)\r\n[    0.033094] ACPI: INT_SRC_OVR (bus 0 bus_irq 11 global_irq 11 high level)\r\n[    0.033099] Using ACPI (MADT) for SMP configuration information\r\n[    0.033101] smpboot: Allowing 2 CPUs, 0 hotplug CPUs\r\n[    0.033114] [mem 0xc0000000-0xfed1bfff] available for PCI devices\r\n[    0.033117] clocksource: refined-jiffies: mask: 0xffffffff max_cycles: 0xffffffff, max_idle_ns: 7645519600211568 ns\r\n[    0.137927] setup_percpu: NR_CPUS:64 nr_cpumask_bits:64 nr_cpu_ids:2 nr_node_ids:1\r\n[    0.139186] percpu: Embedded 43 pages/cpu s136664 r8192 d31272 u1048576\r\n[    0.139207] Built 1 zonelists, mobility grouping on.  Total pages: 1032039\r\n[    0.139209] Kernel command line: BOOT_IMAGE=/boot/bzImage root=/dev/sda4 console=tty0 console=ttyS0,115200n8 GIBSON_TYPE=OS net.ifnames=0 fsck.repair=yes\r\n[    0.141550] Dentry cache hash table entries: 524288 (order: 10, 4194304 bytes)\r\n[    0.141912] Inode-cache hash table entries: 262144 (order: 9, 2097152 bytes)\r\n[    0.165068] Memory: 4026928K/4193776K available (14348K kernel code, 1378K rwdata, 3532K rodata, 1176K init, 732K bss, 166848K reserved, 0K cma-reserved)\r\n[    0.165122] SLUB: HWalign=64, Order=0-3, MinObjects=0, CPUs=2, Nodes=1\r\n[    0.165123] Kernel/User page tables isolation: enabled\r\n[    0.165226] rcu: Hierarchical RCU implementation.\r\n[    0.165227] rcu: \tRCU event tracing is enabled.\r\n[    0.165228] rcu: \tRCU dyntick-idle grace-period acceleration is enabled.\r\n[    0.165228] rcu: \tRCU restricting CPUs from NR_CPUS=64 to nr_cpu_ids=2.\r\n[    0.165232] rcu: Adjusting geometry for rcu_fanout_leaf=16, nr_cpu_ids=2\r\n[    0.165331] NR_IRQS: 4352, nr_irqs: 440, preallocated irqs: 16\r\n[    0.167251] Console: colour VGA+ 80x25\r\n[    0.179294] console [tty0] enabled\r\n[    0.272909] console [ttyS0] enabled\r\n[    0.273734] ACPI: Core revision 20180810\r\n[    0.274723] APIC: Switch to symmetric I/O mode setup\r\n[    0.276046] x2apic: IRQ remapping doesn\'t support X2APIC mode\r\n[    0.278746] ..TIMER: vector=0x30 apic1=0 pin1=2 apic2=-1 pin2=-1\r\n[    0.298742] clocksource: tsc-early: mask: 0xffffffffffffffff max_cycles: 0x228dc8d74de, max_idle_ns: 440795279905 ns\r\n[    0.300846] Calibrating delay loop (skipped), value calculated using timer frequency.. 4794.34 BogoMIPS (lpj=9588692)\r\n[    0.304833] pid_max: default: 32768 minimum: 301\r\n[    0.305899] Security Framework initialized\r\n[    0.306830] Mount-cache hash table entries: 8192 (order: 4, 65536 bytes)\r\n[    0.308224] Mountpoint-cache hash table entries: 8192 (order: 4, 65536 bytes)\r\n[    0.309094] Last level iTLB entries: 4KB 0, 2MB 0, 4MB 0\r\n[    0.310235] Last level dTLB entries: 4KB 0, 2MB 0, 4MB 0, 1GB 0\r\n[    0.311486] Spectre V1 : Mitigation: usercopy/swapgs barriers and __user pointer sanitization\r\n[    0.312833] Spectre V2 : Mitigation: Full generic retpoline\r\n[    0.314037] Spectre V2 : Spectre v2 / SpectreRSB mitigation: Filling RSB on context switch\r\n[    0.316833] Speculative Store Bypass: Vulnerable\r\n[    0.317881] MDS: Vulnerable: Clear CPU buffers attempted, no microcode\r\n[    0.319512] Freeing SMP alternatives memory: 48K\r\n[    0.320945] smpboot: CPU0: Intel Core Processor (Haswell, no TSX) (family: 0x6, model: 0x3c, stepping: 0x1)\r\n[    0.322970] Performance Events: unsupported p6 CPU model 60 no PMU driver, software events only.\r\n[    0.324831] rcu: Hierarchical SRCU implementation.\r\n[    0.324916] NMI watchdog: Perf NMI watchdog permanently disabled\r\n[    0.326234] smp: Bringing up secondary CPUs ...\r\n[    0.327357] x86: Booting SMP configuration:\r\n[    0.328320] .... node  #0, CPUs:      #1\r\n[    0.408858] smp: Brought up 1 node, 2 CPUs\r\n[    0.410644] smpboot: Max logical packages: 2\r\n[    0.411547] ----------------\r\n[    0.412254] | NMI testsuite:\r\n[    0.412835] --------------------\r\n[    0.413555]   remote IPI:  ok  |\r\n[    0.414341]    local IPI:  ok  |\r\n[    0.415083] --------------------\r\n[    0.415835] Good, all   2 testcases passed! |\r\n[    0.416778] ---------------------------------\r\n[    0.416834] smpboot: Total of 2 processors activated (9620.28 BogoMIPS)\r\n[    0.418533] devtmpfs: initialized\r\n[    0.418533] x86/mm: Memory block size: 128MB\r\n[    0.418885] random: get_random_bytes called from setup_net+0x33/0x190 with crng_init=0\r\n[    0.420911] clocksource: jiffies: mask: 0xffffffff max_cycles: 0xffffffff, max_idle_ns: 7645041785100000 ns\r\n[    0.422895] futex hash table entries: 512 (order: 3, 32768 bytes)\r\n[    0.422890] kworker/u4:0 (23) used greatest stack depth: 14792 bytes left\r\n[    0.424221] xor: automatically using best checksumming function   avx       \r\n[    0.426323] pinctrl core: initialized pinctrl subsystem\r\n[    0.428074] NET: Registered protocol family 16\r\n[    0.428914] audit: initializing netlink subsys (disabled)\r\n[    0.430147] audit: type=2000 audit(1594374108.152:1): state=initialized audit_enabled=0 res=1\r\n[    0.433013] kworker/u4:1 (29) used greatest stack depth: 14344 bytes left\r\n[    0.434713] cpuidle: using governor ladder\r\n[    0.435651] cpuidle: using governor menu\r\n[    0.436602] ACPI: bus type PCI registered\r\n[    0.436963] PCI: MMCONFIG for domain 0000 [bus 00-ff] at [mem 0xb0000000-0xbfffffff] (base 0xb0000000)\r\n[    0.438850] PCI: MMCONFIG at [mem 0xb0000000-0xbfffffff] reserved in E820\r\n[    0.440272] PCI: Using configuration type 1 for base access\r\n[    0.448997] HugeTLB registered 1.00 GiB page size, pre-allocated 0 pages\r\n[    0.450406] HugeTLB registered 2.00 MiB page size, pre-allocated 0 pages\r\n[    0.451845] cryptd: max_cpu_qlen set to 1000\r\n[    0.520835] raid6: sse2x1   gen() 11193 MB/s\r\n[    0.588837] raid6: sse2x1   xor()  8077 MB/s\r\n[    0.656838] raid6: sse2x2   gen() 12974 MB/s\r\n[    0.724836] raid6: sse2x2   xor()  8691 MB/s\r\n[    0.792834] raid6: sse2x4   gen() 16177 MB/s\r\n[    0.860835] raid6: sse2x4   xor()  9839 MB/s\r\n[    0.928835] raid6: avx2x1   gen() 22329 MB/s\r\n[    0.996834] raid6: avx2x1   xor() 15345 MB/s\r\n[    1.064834] raid6: avx2x2   gen() 25651 MB/s\r\n[    1.132834] raid6: avx2x2   xor() 16338 MB/s\r\n[    1.200834] raid6: avx2x4   gen() 30127 MB/s\r\n[    1.268833] raid6: avx2x4   xor() 17742 MB/s\r\n[    1.269816] raid6: using algorithm avx2x4 gen() 30127 MB/s\r\n[    1.270913] raid6: .... xor() 17742 MB/s, rmw enabled\r\n[    1.271937] raid6: using avx2x2 recovery algorithm\r\n[    1.273060] ACPI: Added _OSI(Module Device)\r\n[    1.275452] ACPI: Added _OSI(Processor Device)\r\n[    1.276887] ACPI: Added _OSI(3.0 _SCP Extensions)\r\n[    1.279434] ACPI: Added _OSI(Processor Aggregator Device)\r\n[    1.280861] ACPI: Added _OSI(Linux-Dell-Video)\r\n[    1.283209] ACPI: Added _OSI(Linux-Lenovo-NV-HDMI-Audio)\r\n[    1.285551] ACPI: 1 ACPI AML tables successfully acquired and loaded\r\n[    1.288613] ACPI: Interpreter enabled\r\n[    1.288844] ACPI: (supports S0 S5)\r\n[    1.289875] ACPI: Using IOAPIC for interrupt routing\r\n[    1.292837] PCI: Using host bridge windows from ACPI; if necessary, use "pci=nocrs" and report a bug\r\n[    1.296993] ACPI: Enabled 1 GPEs in block 00 to 3F\r\n[    1.302061] ACPI: PCI Root Bridge [PCI0] (domain 0000 [bus 00-ff])\r\n[    1.303615] acpi PNP0A08:00: _OSC: OS supports [ExtendedConfig ASPM ClockPM Segments MSI]\r\n[    1.304932] acpi PNP0A08:00: _OSC: platform does not support [LTR]\r\n[    1.306597] acpi PNP0A08:00: _OSC: OS now controls [PCIeHotplug SHPCHotplug PME AER PCIeCapability]\r\n[    1.308917] PCI host bridge to bus 0000:00\r\n[    1.310021] pci_bus 0000:00: root bus resource [io  0x0000-0x0cf7 window]\r\n[    1.311781] pci_bus 0000:00: root bus resource [io  0x0d00-0xffff window]\r\n[    1.312853] pci_bus 0000:00: root bus resource [mem 0x000a0000-0x000bffff window]\r\n[    1.314672] pci_bus 0000:00: root bus resource [mem 0xc0000000-0xfebfffff window]\r\n[    1.316620] pci_bus 0000:00: root bus resource [mem 0x180000000-0x97fffffff window]\r\n[    1.320841] pci_bus 0000:00: root bus resource [bus 00-ff]\r\n[    1.374314] pci 0000:00:1f.0: quirk: [io  0x0600-0x067f] claimed by ICH6 ACPI/GPIO/TCO\r\n[    1.490037] pci 0000:00:01.0: PCI bridge to [bus 01]\r\n[    1.496951] pci 0000:00:01.1: PCI bridge to [bus 02]\r\n[    1.512838] pci 0000:00:01.2: PCI bridge to [bus 03]\r\n[    1.513986] pci 0000:00:01.3: PCI bridge to [bus 04]\r\n[    1.524839] pci 0000:00:01.4: PCI bridge to [bus 05]\r\n[    1.532863] pci 0000:00:01.5: PCI bridge to [bus 06]\r\n[    1.533014] pci 0000:00:01.6: PCI bridge to [bus 07]\r\n[    1.543602] ACPI: PCI Interrupt Link [LNKA] (IRQs 5 *10 11)\r\n[    1.544931] ACPI: PCI Interrupt Link [LNKB] (IRQs 5 *10 11)\r\n[    1.546339] ACPI: PCI Interrupt Link [LNKC] (IRQs 5 10 *11)\r\n[    1.548939] ACPI: PCI Interrupt Link [LNKD] (IRQs 5 10 *11)\r\n[    1.550371] ACPI: PCI Interrupt Link [LNKE] (IRQs 5 *10 11)\r\n[    1.551790] ACPI: PCI Interrupt Link [LNKF] (IRQs 5 *10 11)\r\n[    1.552917] ACPI: PCI Interrupt Link [LNKG] (IRQs 5 10 *11)\r\n[    1.554342] ACPI: PCI Interrupt Link [LNKH] (IRQs 5 10 *11)\r\n[    1.555711] ACPI: PCI Interrupt Link [GSIA] (IRQs *16)\r\n[    1.556843] ACPI: PCI Interrupt Link [GSIB] (IRQs *17)\r\n[    1.558112] ACPI: PCI Interrupt Link [GSIC] (IRQs *18)\r\n[    1.559628] ACPI: PCI Interrupt Link [GSID] (IRQs *19)\r\n[    1.560847] ACPI: PCI Interrupt Link [GSIE] (IRQs *20)\r\n[    1.562239] ACPI: PCI Interrupt Link [GSIF] (IRQs *21)\r\n[    1.563608] ACPI: PCI Interrupt Link [GSIG] (IRQs *22)\r\n[    1.564843] ACPI: PCI Interrupt Link [GSIH] (IRQs *23)\r\n[    1.566611] SCSI subsystem initialized\r\n[    1.567661] ACPI: bus type USB registered\r\n[    1.568916] usbcore: registered new interface driver usbfs\r\n[    1.570302] usbcore: registered new interface driver hub\r\n[    1.571613] usbcore: registered new device driver usb\r\n[    1.572872] pps_core: LinuxPPS API ver. 1 registered\r\n[    1.574091] pps_core: Software ver. 5.3.6 - Copyright 2005-2007 Rodolfo Giometti <giometti@linux.it>\r\n[    1.576858] PTP clock support registered\r\n[    1.576876] EDAC MC: Ver: 3.0.0\r\n[    1.578339] PCI: Using ACPI for IRQ routing\r\n[    1.651244] NetLabel: Initializing\r\n[    1.652169] NetLabel:  domain hash size = 128\r\n[    1.652835] NetLabel:  protocols = UNLABELED CIPSOv4 CALIPSO\r\n[    1.654186] NetLabel:  unlabeled traffic allowed by default\r\n[    1.655494] dcdbas dcdbas: Dell Systems Management Base Driver (version 5.6.0-3.2)\r\n[    1.656953] clocksource: Switched to clocksource tsc-early\r\n[    1.668962] VFS: Disk quotas dquot_6.6.0\r\n[    1.669991] VFS: Dquot-cache hash table entries: 512 (order 0, 4096 bytes)\r\n[    1.671621] pnp: PnP ACPI init\r\n[    1.672879] pnp: PnP ACPI: found 4 devices\r\n[    1.679400] clocksource: acpi_pm: mask: 0xffffff max_cycles: 0xffffff, max_idle_ns: 2085701024 ns\r\n[    1.688805] pci 0000:00:01.1: BAR 13: assigned [io  0x1000-0x1fff]\r\n[    1.690254] pci 0000:00:01.2: BAR 13: assigned [io  0x2000-0x2fff]\r\n[    1.691678] pci 0000:00:01.3: BAR 13: assigned [io  0x3000-0x3fff]\r\n[    1.694502] pci 0000:00:01.4: BAR 13: assigned [io  0x4000-0x4fff]\r\n[    1.695945] pci 0000:00:01.5: BAR 13: assigned [io  0x5000-0x5fff]\r\n[    1.697397] pci 0000:00:01.6: BAR 13: assigned [io  0x6000-0x6fff]\r\n[    1.698826] pci 0000:00:01.0: PCI bridge to [bus 01]\r\n[    1.700028] pci 0000:00:01.0:   bridge window [io  0xc000-0xcfff]\r\n[    1.702620] pci 0000:00:01.0:   bridge window [mem 0xfcc00000-0xfcffffff]\r\n[    1.704876] pci 0000:00:01.0:   bridge window [mem 0xfea00000-0xfebfffff 64bit pref]\r\n[    1.708234] pci 0000:00:01.1: PCI bridge to [bus 02]\r\n[    1.709452] pci 0000:00:01.1:   bridge window [io  0x1000-0x1fff]\r\n[    1.711925] pci 0000:00:01.1:   bridge window [mem 0xfda00000-0xfdbfffff]\r\n[    1.715505] pci 0000:00:01.1:   bridge window [mem 0xfe800000-0xfe9fffff 64bit pref]\r\n[    1.718798] pci 0000:00:01.2: PCI bridge to [bus 03]\r\n[    1.720007] pci 0000:00:01.2:   bridge window [io  0x2000-0x2fff]\r\n[    1.722478] pci 0000:00:01.2:   bridge window [mem 0xfd800000-0xfd9fffff]\r\n[    1.724728] pci 0000:00:01.2:   bridge window [mem 0xfe600000-0xfe7fffff 64bit pref]\r\n[    1.729343] pci 0000:00:01.3: PCI bridge to [bus 04]\r\n[    1.730557] pci 0000:00:01.3:   bridge window [io  0x3000-0x3fff]\r\n[    1.733054] pci 0000:00:01.3:   bridge window [mem 0xfd600000-0xfd7fffff]\r\n[    1.735296] pci 0000:00:01.3:   bridge window [mem 0xfe400000-0xfe5fffff 64bit pref]\r\n[    1.738428] pci 0000:00:01.4: PCI bridge to [bus 05]\r\n[    1.739637] pci 0000:00:01.4:   bridge window [io  0x4000-0x4fff]\r\n[    1.742395] pci 0000:00:01.4:   bridge window [mem 0xfd400000-0xfd5fffff]\r\n[    1.744950] pci 0000:00:01.4:   bridge window [mem 0xfe200000-0xfe3fffff 64bit pref]\r\n[    1.749810] pci 0000:00:01.5: PCI bridge to [bus 06]\r\n[    1.751067] pci 0000:00:01.5:   bridge window [io  0x5000-0x5fff]\r\n[    1.753505] pci 0000:00:01.5:   bridge window [mem 0xfd200000-0xfd3fffff]\r\n[    1.755754] pci 0000:00:01.5:   bridge window [mem 0xfe000000-0xfe1fffff 64bit pref]\r\n[    1.758948] pci 0000:00:01.6: PCI bridge to [bus 07]\r\n[    1.761167] pci 0000:00:01.6:   bridge window [io  0x6000-0x6fff]\r\n[    1.763754] pci 0000:00:01.6:   bridge window [mem 0xfd000000-0xfd1fffff]\r\n[    1.766137] pci 0000:00:01.6:   bridge window [mem 0xfde00000-0xfdffffff 64bit pref]\r\n[    1.769315] NET: Registered protocol family 2\r\n[    1.771753] tcp_listen_portaddr_hash hash table entries: 2048 (order: 3, 32768 bytes)\r\n[    1.773620] TCP established hash table entries: 32768 (order: 6, 262144 bytes)\r\n[    1.775335] TCP bind hash table entries: 32768 (order: 7, 524288 bytes)\r\n[    1.777038] TCP: Hash tables configured (established 32768 bind 32768)\r\n[    1.778623] UDP hash table entries: 2048 (order: 4, 65536 bytes)\r\n[    1.780072] UDP-Lite hash table entries: 2048 (order: 4, 65536 bytes)\r\n[    1.781634] NET: Registered protocol family 1\r\n[    1.783170] RPC: Registered named UNIX socket transport module.\r\n[    1.784940] RPC: Registered udp transport module.\r\n[    1.786085] RPC: Registered tcp transport module.\r\n[    1.787262] RPC: Registered tcp NFSv4.1 backchannel transport module.\r\n[    1.789295] PCI Interrupt Link [GSIF] enabled at IRQ 21\r\n[    1.792605] PCI-DMA: Using software bounce buffering for IO (SWIOTLB)\r\n[    1.794093] software IO TLB: mapped [mem 0x7bfde000-0x7ffde000] (64MB)\r\n[    1.795734] Machine check injector initialized\r\n[    1.797236] Scanning for low memory corruption every 60 seconds\r\n[    1.799238] workingset: timestamp_bits=46 max_order=20 bucket_order=0\r\n[    1.802241] squashfs: version 4.0 (2009/01/31) Phillip Lougher\r\n[    1.803900] NFS: Registering the id_resolver key type\r\n[    1.805144] Key type id_resolver registered\r\n[    1.806180] Key type id_legacy registered\r\n[    1.808953] NET: Registered protocol family 38\r\n[    1.810071] Block layer SCSI generic (bsg) driver version 0.4 loaded (major 248)\r\n[    1.811746] io scheduler noop registered\r\n[    1.812730] io scheduler deadline registered\r\n[    1.813837] io scheduler cfq registered (default)\r\n[    1.815002] io scheduler mq-deadline registered\r\n[    1.816101] io scheduler kyber registered\r\n[    1.833536] pcieport 0000:00:01.0: AER enabled with IRQ 24\r\n[    1.835065] pcieport 0000:00:01.1: AER enabled with IRQ 25\r\n[    1.836578] pcieport 0000:00:01.2: AER enabled with IRQ 26\r\n[    1.838086] pcieport 0000:00:01.3: AER enabled with IRQ 27\r\n[    1.839590] pcieport 0000:00:01.4: AER enabled with IRQ 28\r\n[    1.841110] pcieport 0000:00:01.5: AER enabled with IRQ 29\r\n[    1.842608] pcieport 0000:00:01.6: AER enabled with IRQ 30\r\n[    1.844074] pciehp 0000:00:01.0:pcie004: Slot #0 AttnBtn+ PwrCtrl+ MRL- AttnInd+ PwrInd+ HotPlug+ Surprise+ Interlock+ NoCompl- LLActRep-\r\n[    1.847576] pciehp 0000:00:01.1:pcie004: Slot #0 AttnBtn+ PwrCtrl+ MRL- AttnInd+ PwrInd+ HotPlug+ Surprise+ Interlock+ NoCompl- LLActRep-\r\n[    1.850518] pciehp 0000:00:01.2:pcie004: Slot #0 AttnBtn+ PwrCtrl+ MRL- AttnInd+ PwrInd+ HotPlug+ Surprise+ Interlock+ NoCompl- LLActRep-\r\n[    1.853667] pciehp 0000:00:01.3:pcie004: Slot #0 AttnBtn+ PwrCtrl+ MRL- AttnInd+ PwrInd+ HotPlug+ Surprise+ Interlock+ NoCompl- LLActRep-\r\n[    1.856633] pciehp 0000:00:01.4:pcie004: Slot #0 AttnBtn+ PwrCtrl+ MRL- AttnInd+ PwrInd+ HotPlug+ Surprise+ Interlock+ NoCompl- LLActRep-\r\n[    1.859527] pciehp 0000:00:01.5:pcie004: Slot #0 AttnBtn+ PwrCtrl+ MRL- AttnInd+ PwrInd+ HotPlug+ Surprise+ Interlock+ NoCompl- LLActRep-\r\n[    1.862459] pciehp 0000:00:01.6:pcie004: Slot #0 AttnBtn+ PwrCtrl+ MRL- AttnInd+ PwrInd+ HotPlug+ Surprise+ Interlock+ NoCompl- LLActRep-\r\n[    1.865331] cpcihp_zt5550: ZT5550 CompactPCI Hot Plug Driver version: 0.2\r\n[    1.866915] cpcihp_generic: Generic port I/O CompactPCI Hot Plug Driver version: 0.1\r\n[    1.868697] cpcihp_generic: not configured, disabling.\r\n[    1.869935] shpchp: Standard Hot Plug PCI Controller Driver version: 0.4\r\n[    1.871463] version 39.2\r\n[    1.872218] ipmi device interface\r\n[    1.873097] IPMI System Interface driver.\r\n[    1.874132] ipmi_si: Unable to find any System Interface(s)\r\n[    1.875442] IPMI SSIF Interface driver\r\n[    1.876456] IPMI Watchdog: driver initialized\r\n[    1.877591] Copyright (C) 2004 MontaVista Software - IPMI Powerdown via sys_reboot.\r\n[    1.879379] input: Power Button as /devices/LNXSYSTM:00/LNXPWRBN:00/input/input0\r\n[    1.881145] ACPI: Power Button [PWRF]\r\n[    1.889030] Serial: 8250/16550 driver, 4 ports, IRQ sharing enabled\r\n[    1.917465] 00:03: ttyS0 at I/O 0x3f8 (irq = 4, base_baud = 115200) is a 16550A\r\n[    1.928504] Non-volatile memory driver v1.3\r\n[    1.929697] AMD IOMMUv2 driver by Joerg Roedel <jroedel@suse.de>\r\n[    1.931086] AMD IOMMUv2 functionality not available on this system\r\n[    1.934071] brd: module loaded\r\n[    1.936787] loop: module loaded\r\n[    1.940621] dummy-irq: no IRQ given.  Use irq=N\r\n[    1.941923] lpc_ich 0000:00:1f.0: I/O space for GPIO uninitialized\r\n[    1.943680] PCI Interrupt Link [GSIA] enabled at IRQ 16\r\n[    1.945759] ahci 0000:00:1f.2: AHCI 0001.0000 32 slots 6 ports 1.5 Gbps 0x3f impl SATA mode\r\n[    1.947865] ahci 0000:00:1f.2: flags: 64bit ncq only \r\n[    1.950345] scsi host0: ahci\r\n[    1.951387] scsi host1: ahci\r\n[    1.952378] scsi host2: ahci\r\n[    1.953288] scsi host3: ahci\r\n[    1.954231] scsi host4: ahci\r\n[    1.955205] scsi host5: ahci\r\n[    1.956041] ata1: SATA max UDMA/133 abar m4096@0xfdc07000 port 0xfdc07100 irq 33\r\n[    1.957733] ata2: SATA max UDMA/133 abar m4096@0xfdc07000 port 0xfdc07180 irq 33\r\n[    1.959450] ata3: SATA max UDMA/133 abar m4096@0xfdc07000 port 0xfdc07200 irq 33\r\n[    1.961185] ata4: SATA max UDMA/133 abar m4096@0xfdc07000 port 0xfdc07280 irq 33\r\n[    1.962880] ata5: SATA max UDMA/133 abar m4096@0xfdc07000 port 0xfdc07300 irq 33\r\n[    1.964633] ata6: SATA max UDMA/133 abar m4096@0xfdc07000 port 0xfdc07380 irq 33\r\n[    1.966784] tun: Universal TUN/TAP device driver, 1.6\r\n[    1.970094] cnic: QLogic cnicDriver v2.5.22 (July 20, 2015)\r\n[    1.971554] bnx2x: QLogic 5771x/578xx 10/20-Gigabit Ethernet Driver bnx2x 1.712.30-0 (2014/02/10)\r\n[    1.973838] e100: Intel(R) PRO/100 Network Driver, 3.5.24-k2-NAPI\r\n[    1.975249] e100: Copyright(c) 1999-2006 Intel Corporation\r\n[    1.976590] e1000: Intel(R) PRO/1000 Network Driver - version 7.3.21-k8-NAPI\r\n[    1.978231] e1000: Copyright (c) 1999-2006 Intel Corporation.\r\n[    2.281272] ata2: SATA link up 1.5 Gbps (SStatus 113 SControl 300)\r\n[    2.285258] ata3: SATA link down (SStatus 0 SControl 300)\r\n[    2.288762] ata1: SATA link up 1.5 Gbps (SStatus 113 SControl 300)\r\n[    2.292635] ata5: SATA link down (SStatus 0 SControl 300)\r\n[    2.296112] ata6: SATA link down (SStatus 0 SControl 300)\r\n[    2.297694] ata4: SATA link down (SStatus 0 SControl 300)\r\n[    2.299088] ata1.00: ATA-7: QEMU HARDDISK, 2.5+, max UDMA/100\r\n[    2.300508] ata1.00: 73714894 sectors, multi 16: LBA48 NCQ (depth 32)\r\n[    2.302074] ata1.00: applying bridge limits\r\n[    2.303189] ata2.00: ATAPI: QEMU DVD-ROM, 2.5+, max UDMA/100\r\n[    2.304683] ata2.00: applying bridge limits\r\n[    2.306007] ata1.00: configured for UDMA/100\r\n[    2.307280] scsi 0:0:0:0: Direct-Access     ATA      QEMU HARDDISK    2.5+ PQ: 0 ANSI: 5\r\n[    2.309542] sd 0:0:0:0: [sda] 73714894 512-byte logical blocks: (37.7 GB/35.1 GiB)\r\n[    2.311350] sd 0:0:0:0: [sda] Write Protect is off\r\n[    2.312655] sd 0:0:0:0: [sda] Write cache: enabled, read cache: enabled, doesn\'t support DPO or FUA\r\n[    2.314818] sd 0:0:0:0: Attached scsi generic sg0 type 0\r\n[    2.316215] ata2.00: configured for UDMA/100\r\n[    2.318245] scsi 1:0:0:0: CD-ROM            QEMU     QEMU DVD-ROM     2.5+ PQ: 0 ANSI: 5\r\n[    2.323335]  sda: sda1 sda2 sda3 sda4 sda5 sda6 sda7 sda8\r\n[    2.324991] sd 0:0:0:0: [sda] Attached SCSI disk\r\n[    2.373268] sr 1:0:0:0: [sr0] scsi3-mmc drive: 4x/4x cd/rw xa/form2 tray\r\n[    2.375730] cdrom: Uniform CD-ROM driver Revision: 3.20\r\n[    2.376197] e1000 0000:01:00.1 eth1: (PCI:33MHz:32-bit) 52:54:00:e5:1f:8f\r\n[    2.379370] e1000 0000:01:00.1 eth1: Intel(R) PRO/1000 Network Connection\r\n[    2.379440] sr 1:0:0:0: Attached scsi generic sg1 type 5\r\n[    2.753882] e1000 0000:01:00.2 eth2: (PCI:33MHz:32-bit) 52:54:00:ed:39:9e\r\n[    2.755493] e1000 0000:01:00.2 eth2: Intel(R) PRO/1000 Network Connection\r\n[    2.808157] tsc: Refined TSC clocksource calibration: 2397.252 MHz\r\n[    2.809661] clocksource: tsc: mask: 0xffffffffffffffff max_cycles: 0x228e13776d1, max_idle_ns: 440795227628 ns\r\n[    2.824775] clocksource: Switched to clocksource tsc\r\n[    3.139656] e1000 0000:01:00.3 eth3: (PCI:33MHz:32-bit) 52:54:00:6a:28:52\r\n[    3.141299] e1000 0000:01:00.3 eth3: Intel(R) PRO/1000 Network Connection\r\n[    3.513808] e1000 0000:01:00.4 eth4: (PCI:33MHz:32-bit) 52:54:00:4f:25:9a\r\n[    3.515466] e1000 0000:01:00.4 eth4: Intel(R) PRO/1000 Network Connection\r\n[    3.887396] e1000 0000:01:00.5 eth5: (PCI:33MHz:32-bit) 52:54:00:c0:cc:bc\r\n[    3.889135] e1000 0000:01:00.5 eth5: Intel(R) PRO/1000 Network Connection\r\n[    4.259135] e1000 0000:01:00.6 eth6: (PCI:33MHz:32-bit) 52:54:00:d6:a4:21\r\n[    4.260822] e1000 0000:01:00.6 eth6: Intel(R) PRO/1000 Network Connection\r\n[    4.636025] e1000 0000:01:00.7 eth7: (PCI:33MHz:32-bit) 52:54:00:e8:49:29\r\n[    4.637677] e1000 0000:01:00.7 eth7: Intel(R) PRO/1000 Network Connection\r\n[    4.639278] e1000e: Intel(R) PRO/1000 Network Driver - 3.2.6-k\r\n[    4.640655] e1000e: Copyright(c) 1999 - 2015 Intel Corporation.\r\n[    4.642059] igb: Intel(R) Gigabit Ethernet Network Driver - version 5.4.0-k\r\n[    4.643685] igb: Copyright (c) 2007-2014 Intel Corporation.\r\n[    4.645076] igbvf: Intel(R) Gigabit Virtual Function Network Driver - version 2.4.0-k\r\n[    4.646842] igbvf: Copyright (c) 2009 - 2012 Intel Corporation.\r\n[    4.648235] ixgbe: Intel(R) 10 Gigabit PCI Express Network Driver - version 5.1.0-k\r\n[    4.649985] ixgbe: Copyright (c) 1999-2016 Intel Corporation.\r\n[    4.651501] ixgbevf: Intel(R) 10 Gigabit PCI Express Virtual Function Network Driver - version 4.1.0-k\r\n[    4.653584] ixgbevf: Copyright (c) 2009 - 2015 Intel Corporation.\r\n[    4.655131] ixgb: Intel(R) PRO/10GbE Network Driver - version 1.0.135-k2-NAPI\r\n[    4.656758] ixgb: Copyright (c) 1999-2008 Intel Corporation.\r\n[    4.658105] Intel(R) Ethernet Switch Host Interface Driver - version 0.23.4-k\r\n[    4.659740] Copyright(c) 2013 - 2018 Intel Corporation.\r\n[    4.661325] ehci_hcd: USB 2.0 \'Enhanced\' Host Controller (EHCI) Driver\r\n[    4.662833] ehci-pci: EHCI PCI platform driver\r\n[    4.663943] ohci_hcd: USB 1.1 \'Open\' Host Controller (OHCI) Driver\r\n[    4.665386] ohci-pci: OHCI PCI platform driver\r\n[    4.666531] uhci_hcd: USB Universal Host Controller Interface driver\r\n[    4.669275] xhci_hcd 0000:02:00.0: xHCI Host Controller\r\n[    4.670718] xhci_hcd 0000:02:00.0: new USB bus registered, assigned bus number 1\r\n[    4.672924] xhci_hcd 0000:02:00.0: hcc params 0x00087001 hci version 0x100 quirks 0x0000000000000010\r\n[    4.675743] usb usb1: New USB device found, idVendor=1d6b, idProduct=0002, bcdDevice= 4.19\r\n[    4.677646] usb usb1: New USB device strings: Mfr=3, Product=2, SerialNumber=1\r\n[    4.679418] usb usb1: Product: xHCI Host Controller\r\n[    4.680627] usb usb1: Manufacturer: Linux 4.19.81-OpenNetworkLinux-thanos xhci-hcd\r\n[    4.682367] usb usb1: SerialNumber: 0000:02:00.0\r\n[    4.683663] hub 1-0:1.0: USB hub found\r\n[    4.684767] hub 1-0:1.0: 15 ports detected\r\n[    4.686453] xhci_hcd 0000:02:00.0: xHCI Host Controller\r\n[    4.687783] xhci_hcd 0000:02:00.0: new USB bus registered, assigned bus number 2\r\n[    4.689516] xhci_hcd 0000:02:00.0: Host supports USB 3.0 SuperSpeed\r\n[    4.691069] usb usb2: We don\'t know the algorithms for LPM for this host, disabling LPM.\r\n[    4.692910] usb usb2: New USB device found, idVendor=1d6b, idProduct=0003, bcdDevice= 4.19\r\n[    4.694761] usb usb2: New USB device strings: Mfr=3, Product=2, SerialNumber=1\r\n[    4.696592] usb usb2: Product: xHCI Host Controller\r\n[    4.698017] usb usb2: Manufacturer: Linux 4.19.81-OpenNetworkLinux-thanos xhci-hcd\r\n[    4.699791] usb usb2: SerialNumber: 0000:02:00.0\r\n[    4.701095] hub 2-0:1.0: USB hub found\r\n[    4.702194] hub 2-0:1.0: 15 ports detected\r\n[    4.703949] usbcore: registered new interface driver cdc_acm\r\n[    4.705357] cdc_acm: USB Abstract Control Model driver for USB modems and ISDN adapters\r\n[    4.707244] usbcore: registered new interface driver usb-storage\r\n[    4.708766] i8042: PNP: PS/2 Controller [PNP0303:KBD,PNP0f13:MOU] at 0x60,0x64 irq 1,12\r\n[    4.712330] serio: i8042 KBD port at 0x60,0x64 irq 1\r\n[    4.714020] serio: i8042 AUX port at 0x60,0x64 irq 12\r\n[    4.716100] rtc_cmos 00:00: RTC can wake from S4\r\n[    4.718666] input: AT Translated Set 2 keyboard as /devices/platform/i8042/serio0/input/input1\r\n[    4.721094] rtc_cmos 00:00: registered as rtc0\r\n[    4.723645] rtc_cmos 00:00: alarms up to one day, y3k, 114 bytes nvram\r\n[    4.729024] i2c /dev entries driver\r\n[    4.731492] i801_smbus 0000:00:1f.3: SMBus using PCI interrupt\r\n[    4.735530] iTCO_wdt: Intel TCO WatchDog Timer Driver v1.11\r\n[    4.737356] iTCO_wdt: Found a ICH9 TCO device (Version=2, TCOBASE=0x0660)\r\n[    4.739550] iTCO_wdt: initialized. heartbeat=30 sec (nowayout=0)\r\n[    4.741364] device-mapper: uevent: version 1.0.3\r\n[    4.742622] device-mapper: ioctl: 4.39.0-ioctl (2018-04-03) initialised: dm-devel@redhat.com\r\n[    4.744631] device-mapper: raid: Loading target version 1.14.0\r\n[    4.746178] hidraw: raw HID events driver (C) Jiri Kosina\r\n[    4.748000] usbcore: registered new interface driver usbhid\r\n[    4.749306] usbhid: USB HID core driver\r\n[    4.750280] intel_telemetry_core Init\r\n[    4.751256] NET: Registered protocol family 26\r\n[    4.752867] xt_time: kernel timezone is -0000\r\n[    4.753932] IPVS: Registered protocols (TCP, UDP, SCTP, AH, ESP)\r\n[    4.755327] IPVS: Connection hash table configured (size=4096, memory=64Kbytes)\r\n[    4.757706] IPVS: ipvs loaded.\r\n[    4.758524] IPVS: [rr] scheduler registered.\r\n[    4.759528] IPVS: [wrr] scheduler registered.\r\n[    4.760588] IPVS: [lc] scheduler registered.\r\n[    4.761597] IPVS: [wlc] scheduler registered.\r\n[    4.762617] IPVS: [fo] scheduler registered.\r\n[    4.763619] IPVS: [ovf] scheduler registered.\r\n[    4.764647] IPVS: [lblc] scheduler registered.\r\n[    4.765692] IPVS: [lblcr] scheduler registered.\r\n[    4.766757] IPVS: [dh] scheduler registered.\r\n[    4.767826] IPVS: [sh] scheduler registered.\r\n[    4.768831] IPVS: [sed] scheduler registered.\r\n[    4.769855] IPVS: [nq] scheduler registered.\r\n[    4.770855] IPVS: [sip] pe registered.\r\n[    4.772287] ipt_CLUSTERIP: ClusterIP Version 0.8 loaded successfully\r\n[    4.773791] Initializing XFRM netlink socket\r\n[    4.775002] NET: Registered protocol family 10\r\n[    4.777025] Segment Routing with IPv6\r\n[    4.777988] mip6: Mobile IPv6\r\n[    4.779312] sit: IPv6, IPv4 and MPLS over IPv4 tunneling driver\r\n[    4.780968] NET: Registered protocol family 17\r\n[    4.782035] NET: Registered protocol family 15\r\n[    4.783075] Bridge firewalling registered\r\n[    4.784297] NET: Registered protocol family 33\r\n[    4.785386] Key type rxrpc registered\r\n[    4.786278] Key type rxrpc_s registered\r\n[    4.787266] 8021q: 802.1Q VLAN Support v1.8\r\n[    4.788298] sctp: Hash tables configured (bind 256/256)\r\n[    4.789599] tipc: Activated (version 2.0.0)\r\n[    4.790624] NET: Registered protocol family 30\r\n[    4.791666] tipc: Started in single node mode\r\n[    4.792681] Key type dns_resolver registered\r\n[    4.793684] Key type ceph registered\r\n[    4.794651] libceph: loaded (mon/osd proto 15/24)\r\n[    4.795995] mce: Using 10 MCE banks\r\n[    4.796875] AVX2 version of gcm_enc/dec engaged.\r\n[    4.797945] AES CTR mode by8 optimization enabled\r\n[    4.799715] sched_clock: Marking stable (4688445632, 111262206)->(4830141635, -30433797)\r\n[    4.801701] registered taskstats version 1\r\n[    4.803020] rtc_cmos 00:00: setting system clock to 2020-07-10 09:41:53 UTC (1594374113)\r\n[    5.348520] input: ImExPS/2 Generic Explorer Mouse as /devices/platform/i8042/serio1/input/input3\r\n[    5.353359] md: Skipping autodetection of RAID arrays. (raid=autodetect will force)\r\n[    5.358604] EXT4-fs (sda4): mounted filesystem with ordered data mode. Opts: (null)\r\n[    5.360805] VFS: Mounted root (ext4 filesystem) readonly on device 8:4.\r\n[    5.366187] devtmpfs: mounted\r\n[    5.368351] Freeing unused kernel image memory: 1176K\r\n[    5.396984] Write protecting the kernel read-only data: 20480k\r\n[    5.400822] Freeing unused kernel image memory: 2000K\r\n[    5.402860] Freeing unused kernel image memory: 564K\r\n[    5.404631] Run /sbin/init as init process\r\n[    5.409450] random: fast init done\r\n/sbin/init: line 2: /etc/boot.d/boot: No such file or directory\r\nStarting systemd...\r\n[    5.511474] systemd[1]: systemd 241 running in system mode. (+PAM +AUDIT +SELINUX +IMA +APPARMOR +SMACK +SYSVINIT +UTMP +LIBCRYPTSETUP +GCRYPT +GNUTLS +ACL +XZ +LZ4 +SECCOMP +BLKID +ELFUTILS +KMOD -IDN2 +IDN -PCRE2 default-hierarchy=hybrid)\r\n[    5.516925] systemd[1]: Detected virtualization kvm.\r\n[    5.517976] systemd[1]: Detected architecture x86-64.\r\n\r\nWelcome to Debian GNU/Linux 10 (buster)!\r\n\r\n[    5.530258] systemd[1]: Set hostname to <localhost>.\r\n[    5.592384] systemd-run-gen (1493) used greatest stack depth: 14296 bytes left\r\n[    5.594866] systemd-fstab-g (1488) used greatest stack depth: 13904 bytes left\r\n[    5.597820] systemd-rc-loca (1492) used greatest stack depth: 13832 bytes left\r\n[    5.701605] systemd[1]: Listening on RPCbind Server Activation Socket.\r\n[  OK  ] Listening on RPCbind Server Activation Socket.\r\n[    5.705242] systemd[1]: Reached target Slices.\r\n[  OK  ] Reached target Slices.\r\n[    5.710761] systemd[1]: Listening on Process Core Dump Socket.\r\n[  OK  ] Listening on Process Core Dump Socket.\r\n[    5.713731] systemd[1]: Reached target Swap.\r\n[  OK  ] Reached target Swap.\r\n[    5.716118] systemd[1]: Started Forward Password Requests to Wall Directory Watch.\r\n[  OK  ] Started Forward Password R…uests to Wall Directory Watch.\r\n[    5.719735] systemd[1]: Listening on udev Kernel Socket.\r\n[  OK  ] Listening on udev Kernel Socket.\r\n[  OK  ] Listening on Journal Audit Socket.\r\n[  OK  ] Created slice system-systemd\\x2dfsck.slice.\r\n[  OK  ] Listening on fsck to fsckd communication Socket.\r\n[  OK  ] Listening on Journal Socket (/dev/log).\r\n[  OK  ] Started Dispatch Password …ts to Console Directory Watch.\r\n[  OK  ] Reached target Paths.\r\n[  OK  ] Created slice system-serial\\x2dgetty.slice.\r\n[  OK  ] Created slice system-getty.slice.\r\n[  OK  ] Set up automount Arbitrary…s File System Automount Point.\r\n[  OK  ] Reached target Local Encrypted Volumes.\r\n[  OK  ] Listening on initctl Compatibility Named Pipe.\r\n[  OK  ] Listening on udev Control Socket.\r\n[  OK  ] Listening on Journal Socket.\r\n         Mounting Kernel Debug File System...\r\n         Starting Load Kernel Modules...\r\n         Starting File System Check on Root Device...\r\n         Starting udev Coldplug all Devices...\r\n         Starting Journal Service...\r\n         Mounting POSIX Message Queue File System...\r\n[  OK  ] Reached target Sockets.\r\n         Starting Nameserver information manager...\r\n         Mounting Huge Pages File System...\r\n         Mounting RPC Pipe File System...\r\n[  OK  ] Started File System Check Daemon to report status.\r\n[  OK  ] Mounted Kernel Debug File System.\r\n[  OK  ] Mounted POSIX Message Queue File System.\r\n[  OK  ] Mounted Huge Pages File System.\r\n[  OK  ] Mounted RPC Pipe File System.\r\n[  OK  ] Started Nameserver information manager.\r\n[    5.818417] udevadm (1504) used greatest stack depth: 13544 bytes left\r\n[  OK  ] Started Load Kernel Modules.\r\n         Mounting Kernel Configuration File System...\r\n         Starting Apply Kernel Variables...\r\n[  OK  ] Started File System Check on Root Device.\r\n[  OK  ] Mounted Kernel Configuration File System.\r\n         Starting Remount Root and Kernel File Systems...\r\n[    5.862499] EXT4-fs (sda4): re-mounted. Opts: (null)\r\n[  OK  ] Started Remount Root and Kernel File Systems.\r\n[  OK  ] Started Apply Kernel Variables.\r\n         Starting Load/Save Random Seed...\r\n         Starting Create System Users...\r\n[  OK  ] Started udev Coldplug all Devices.\r\n         Starting Helper to synchronize boot up for ifupdown...\r\n[  OK  ] Started Create System Users.\r\n         Starting Create Static Device Nodes in /dev...\r\n[    5.898368] random: systemd-random-: uninitialized urandom read (512 bytes read)\r\n[  OK  ] Started Helper to synchronize boot up for ifupdown.\r\n[  OK  ] Started Load/Save Random Seed.\r\n[  OK  ] Started Create Static Device Nodes in /dev.\r\n[  OK  ] Reached target Local File Systems (Pre).\r\n         Starting udev Kernel Device Manager...\r\n[  OK  ] Started Journal Service.\r\n         Starting Flush Journal to Persistent Storage...\r\n[    5.935868] systemd-journald[1505]: Received request to flush runtime journal from PID 1\r\n[  OK  ] Started Flush Journal to Persistent Storage.\r\n[  OK  ] Started udev Kernel Device Manager.\r\n[  OK  ] Found device /dev/ttyS0.\r\n[  OK  ] Found device QEMU_HARDDISK ONL-CONFIG.\r\n[  OK  ] Found device QEMU_HARDDISK ONL-IMAGES.\r\n         Starting File System Check…ev/disk/by-label/ONL-IMAGES...\r\n         Starting File System Check…ev/disk/by-label/ONL-CONFIG...\r\n\rChecking in progress on 1 disk (0.0% complete)\r[  OK  ] Started File System Check …/dev/disk/by-label/ONL-IMAGES.\r\n         Mounting /root...\r\n\rChecking in progress on 0 disks (100.0% complete)\r[  OK  ] Started File System Check …/dev/disk/by-label/ONL-CONFIG.\r\n[    6.373259] EXT4-fs (sda6): mounted filesystem with ordered data mode. Opts: (null)\r\n         Mounting /var/ilxd...\r\n[  OK  ] Mounted /root.\r\n[    6.388300] EXT4-fs (sda5): mounted filesystem with ordered data mode. Opts: (null)\r\n[  OK  ] Mounted /var/ilxd.\r\n         Mounting /var/ilxd/info...\r\n[  OK  ] Mounted /var/ilxd/info.\r\n[  OK  ] Reached target Local File Systems.\r\n         Starting Raise network interfaces...\r\n         Starting Create Volatile Files and Directories...\r\n         Starting Preprocess NFS configuration...\r\n[  OK  ] Started Create Volatile Files and Directories.\r\n[  OK  ] Started Preprocess NFS configuration.\r\n[  OK  ] Reached target NFS client services.\r\n         Starting Update UTMP about System Boot/Shutdown...\r\n         Starting Network Time Synchronization...\r\n         Starting RPC bind portmap service...\r\n[  OK  ] Started Update UTMP about System Boot/Shutdown.\r\n[  OK  ] Started RPC bind portmap service.\r\n[  OK  ] Reached target RPC Port Mapper.\r\n[  OK  ] Reached target Remote File Systems (Pre).\r\n[  OK  ] Reached target Remote File Systems.\r\n[  OK  ] Started Raise network interfaces.\r\n[  OK  ] Reached target Network.\r\n[  OK  ] Reached target Network is Online.\r\n[  OK  ] Started Network Time Synchronization.\r\n[  OK  ] Reached target System Initialization.\r\n[  OK  ] Reached target Basic System.\r\n         Starting Initialize hardware monitoring sensors...\r\n         Starting pre_installed_pkg.service...\r\n         Starting Permit User Sessions...\r\n         Starting LSB: disk temperature monitoring daemon...\r\n         Starting A high performanc… and a reverse proxy server...\r\n         Starting LSB: Brings up/down network automatically...\r\n[  OK  ] Started Daily Cleanup of Temporary Directories.\r\n         Starting getty on tty2-tty…nd logind are not available...\r\n         Starting System Logger Daemon...\r\n         Starting Internet superserver...\r\n[  OK  ] Started Self Monitoring an…ing Technology (SMART) Daemon.\r\n         Starting OpenBSD Secure Shell server...\r\n         Starting Resets System Activity Data Collector...\r\n[  OK  ] Started LTTng session daemon.\r\n[  OK  ] Reached target System Time Synchronized.\r\n[  OK  ] Started Daily rotation of log files.\r\n[  OK  ] Started Daily apt download activities.\r\n[  OK  ] Started Daily apt upgrade and clean activities.\r\n[  OK  ] Reached target Timers.\r\n[  OK  ] Started Internet superserver.\r\n[  OK  ] Started Permit User Sessions.\r\n[  OK  ] Started Resets System Activity Data Collector.\r\n[  OK  ] Started Initialize hardware monitoring sensors.\r\n[  OK  ] Started A high performance…er and a reverse proxy server.\r\n[  OK  ] Started LSB: disk temperature monitoring daemon.\r\n[    6.833369] 8021q: adding VLAN 0 to HW filter on device eth0\r\n[    6.835257] ip (2586) used greatest stack depth: 12152 bytes left\r\n[  OK  ] Started LSB: Brings up/down network automatically.\r\n[  OK  ] Started getty on tty2-tty6… and logind are not available.\r\n[  OK  ] Started Getty on tty6.\r\n[  OK  ] Started Getty on tty5.\r\n[  OK  ] Started Getty on tty4.\r\n[  OK  ] Started Getty on tty3.\r\n[  OK  ] Started Getty on tty2.\r\n[  OK  ] Started Getty on tty1.\r\n[  OK  ] Started Serial Getty on ttyS0.\r\n[  OK  ] Reached target Login Prompts.\r\n\r\r\nOpen Network Linux OS ONL-thanos_master, 2020-05-29.07:09-c6c7b5b\r\n\r\nlocalhost login: \r                                                   \r[   42.486198] random: crng init done\r\n[  OK  ] Started soad.service.\r\n[  OK  ] Started pre_installed_pkg.service.\r\n         Starting auto_run_script.service...\r\n[  OK  ] Started auto_run_script.service.\r\n[  OK  ] Reached target Multi-User System.\r\n[  OK  ] Reached target Graphical Interface.\r\n         Starting Update UTMP about System Runlevel Changes...\r\n         Starting watchdog daemon...\r\n[  OK  ] Started Update UTMP about System Runlevel Changes.\r\n[  OK  ] Started watchdog daemon.\r\n[   43.512525] sh (2850): drop_caches: 3\r\n[   45.407182] sh (3068): drop_caches: 3\r\n[   45.451346] sh (3070): drop_caches: 3\r\n[   61.329564] IPv6: ADDRCONF(NETDEV_UP): docker0: link is not ready\r\n[   65.627306] EXT4-fs (dm-0): mounted filesystem with ordered data mode. Opts: (null)\r\n[   65.884651] sh (4428): drop_caches: 3\r\n[   65.967081] sh (4430): drop_caches: 3\r\n[   67.333405] sh (4562): drop_caches: 3\r\n[   67.387213] sh (4564): drop_caches: 3\r\n[   68.326453] sh (4693): drop_caches: 3\r\n[   68.369500] sh (4695): drop_caches: 3\r\n[   69.492341] sh (4805): drop_caches: 3\r\n[   69.530376] sh (4807): drop_caches: 3\r\n[   71.483612] sh (4936): drop_caches: 3\r\n[   71.531258] sh (4938): drop_caches: 3\r\n[   73.052427] sh (5066): drop_caches: 3\r\n[   73.094959] sh (5068): drop_caches: 3\r\n[   74.236109] sh (5192): drop_caches: 3\r\n[   74.273230] sh (5196): drop_caches: 3\r\n[   75.254528] sh (5288): drop_caches: 3\r\n[   75.320167] sh (5290): drop_caches: 3\r\n[   76.604190] sh (5448): drop_caches: 3\r\n[   76.626254] sh (5450): drop_caches: 3\r\n[   85.645769] sh (6190): drop_caches: 3\r\n[   85.685261] sh (6200): drop_caches: 3\r\n[   87.222869] sh (6384): drop_caches: 3\r\n[   87.270029] sh (6396): drop_caches: 3\r\n[   94.150795] sh (6726): drop_caches: 3\r\n[   94.192343] sh (6735): drop_caches: 3\r\n[   95.630321] sh (6881): drop_caches: 3\r\n[   95.683171] sh (6884): drop_caches: 3\r\n[   97.283819] sh (7036): drop_caches: 3\r\n[   97.346167] sh (7039): drop_caches: 3\r\n[   98.980307] sh (7258): drop_caches: 3\r\n[   99.088349] sh (7260): drop_caches: 3\r\n[  101.251531] sh (7423): drop_caches: 3\r\n[  101.284010] sh (7425): drop_caches: 3\r\n[  102.529738] sh (7526): drop_caches: 3\r\n[  102.559802] sh (7536): drop_caches: 3\r\n[  103.574886] sh (7654): drop_caches: 3\r\n[  103.603785] sh (7656): drop_caches: 3\r\n[  105.203492] sh (7764): drop_caches: 3\r\n[  105.235235] sh (7766): drop_caches: 3\r\n[  106.509195] sh (7876): drop_caches: 3\r\n[  106.547568] sh (7900): drop_caches: 3\r\n[  107.792851] e1000: eth1 changing MTU from 1500 to 9216\r\n[  107.847381] 8021q: adding VLAN 0 to HW filter on device eth1\r\n[  107.849585] e1000: eth2 changing MTU from 1500 to 9216\r\n[  107.904664] 8021q: adding VLAN 0 to HW filter on device eth2\r\n[  107.906976] e1000: eth3 changing MTU from 1500 to 9216\r\n[  107.965513] 8021q: adding VLAN 0 to HW filter on device eth3\r\n[  107.967700] e1000: eth4 changing MTU from 1500 to 9216\r\n[  108.028983] 8021q: adding VLAN 0 to HW filter on device eth4\r\n[  108.031404] e1000: eth7 changing MTU from 1500 to 9216\r\n[  108.088424] 8021q: adding VLAN 0 to HW filter on device eth7\r\n[  108.570730] sh (8221): drop_caches: 3\r\n[  108.678655] sh (8225): drop_caches: 3\r\n[  109.878919] e1000: eth1 NIC Link is Up 1000 Mbps Full Duplex, Flow Control: RX\r\n[  109.941351] e1000: eth2 NIC Link is Up 1000 Mbps Full Duplex, Flow Control: RX\r\n[  110.005378] e1000: eth3 NIC Link is Up 1000 Mbps Full Duplex, Flow Control: RX\r\n[  110.069431] e1000: eth4 NIC Link is Up 1000 Mbps Full Duplex, Flow Control: RX\r\n[  110.101356] e1000: eth7 NIC Link is Up 1000 Mbps Full Duplex, Flow Control: RX\r\n[  111.003348] sh (8527): drop_caches: 3\r\n[  111.087022] sh (8533): drop_caches: 3\r\n[  111.591403] 8021q: adding VLAN 0 to HW filter on device DCN\r\n[  111.641052] 8021q: adding VLAN 0 to HW filter on device CRAFT\r\n[  113.214466] sh (8890): drop_caches: 3\r\n[  113.263891] sh (8894): drop_caches: 3\r\n[  113.901143] Started in network mode\r\n[  113.903218] Own node identity 7f001001, cluster identity 4711\r\n[  113.906223] 32-bit node address hash set to 7f001001\r\n[  113.914589] Enabled bearer <udp:UDP_BEARER>, priority 10\r\n[  117.714724] sh (9217): drop_caches: 3\r\n[  117.782111] sh (9219): drop_caches: 3\r\n[  119.975766] sh (9389): drop_caches: 3\r\n[  121.752197] Enabling of bearer <udp:UDP_BEARER> rejected, already enabled\r\n[  124.759685] Enabling of bearer <udp:UDP_BEARER> rejected, already enabled\r\n[  127.765202] Enabling of bearer <udp:UDP_BEARER> rejected, already enabled\r\n[  130.772069] Enabling of bearer <udp:UDP_BEARER> rejected, already enabled\r\n[  131.606684] 8021q: adding VLAN 0 to HW filter on device AUX1\r\n[  131.716335] 8021q: adding VLAN 0 to HW filter on device AUX2\r\n[  133.777777] Enabling of bearer <udp:UDP_BEARER> rejected, already enabled\r\nvirsh console PaceSanity_cc1 --force\r\r\nPassword: </xmp></pre>'}, {'id': 60, 'scriptlog': '<span class="badge badge-danger">ERROR</span>: <b>TestStepVerification</b>: 301: <br><b>sut = \'ThanOSServer_1\' &nbsp;&nbsp;cmd = \'virsh console PaceSanity_cc1 --force\' &nbsp;&nbsp;verification = {Contains: [\'Escape character is ^]\']}</b>:<pre class="text-justify"><xmp>Test Step Failed at "..\\..\\..\\python\\python37\\lib\\site-packages\\pace\\neapi\\operations.py 1463" in function:NE_SSH(), ErrorMessage: pytest.evaluate(result)\n\nVariables: \nsut = \'ThanOSServer_1\'\ncmd = \'virsh console PaceSanity_cc1 --force\'\ntoVerify = {<Output.CONTAINS: \'CONTAINS\'>: [\'Escape character is ^]\']}\nmodifyOutput = {}\nappId = \'setup\'\nwaitTime = 2\nretries = 0\nprompt = None\ninterface = \'NE_SSH\'\nsessionId = \'ThanOSServer_1_OBJ_NE_SSH_setup\'\noutputResp = \'\\r\\nLogin timed out after 60 seconds.\\r\\n\\r\\r\\nOpen Network Linux OS ONL-thanos_master, 2020-05-29.07:09-c6c7b5b\\r\\n\\... Enabling of bearer <udp:UDP_BEARER> rejected, already enabled\\r\\nvirsh console PaceSanity_cc1 --force\\r\\r\\nPassword: \'\nresult = False</xmp></pre>'}, {'id': 61, 'scriptlog': '<span class="badge badge-Light">INFO</span>: <b>pace.sessions.ssh</b>: 114:<pre class="text-justify"><xmp>Entered: </xmp></pre>'}, {'id': 62, 'scriptlog': '<span class="badge badge-Light">INFO</span>: <b>pace.sessions.ssh</b>: 132:<pre class="text-justify"><xmp>After Removing ANSIescapeSquence=\r\n</xmp></pre>'}, {'id': 63, 'scriptlog': '<span class="badge badge-danger">ERROR</span>: <b>TestStepVerification</b>: 301: <br><b>sut = \'ThanOSServer_1\' &nbsp;&nbsp;cmd = \'\' &nbsp;&nbsp;verification = {Contains: [\'localhost login:\']}</b>:<pre class="text-justify"><xmp>Test Step Failed at "..\\..\\..\\python\\python37\\lib\\site-packages\\pace\\neapi\\operations.py 1463" in function:NE_SSH(), ErrorMessage: pytest.evaluate(result)\n\nVariables: \nsut = \'ThanOSServer_1\'\ncmd = \'\'\ntoVerify = {<Output.CONTAINS: \'CONTAINS\'>: [\'localhost login:\']}\nmodifyOutput = {}\nappId = \'setup\'\nwaitTime = 2\nretries = 0\nprompt = None\ninterface = \'NE_SSH\'\nsessionId = \'ThanOSServer_1_OBJ_NE_SSH_setup\'\noutputResp = \'\\r\\n\'\nresult = False</xmp></pre>'}, {'id': 64, 'scriptlog': '<span class="badge badge-Light">INFO</span>: <b>pace.sessions.ssh</b>: 114:<pre class="text-justify"><xmp>Entered: root</xmp></pre>'}, {'id': 65, 'scriptlog': '<span class="badge badge-Light">INFO</span>: <b>pace.sessions.ssh</b>: 132:<pre class="text-justify"><xmp>After Removing ANSIescapeSquence=root\r\n\r\nLogin incorrect\r\nlocalhost login: </xmp></pre>'}, {'id': 66, 'scriptlog': '<span class="badge badge-danger">ERROR</span>: <b>TestStepVerification</b>: 301: <br><b>sut = \'ThanOSServer_1\' &nbsp;&nbsp;cmd = \'root\' &nbsp;&nbsp;verification = {Contains: [\'Password:\']}</b>:<pre class="text-justify"><xmp>Test Step Failed at "..\\..\\..\\python\\python37\\lib\\site-packages\\pace\\neapi\\operations.py 1463" in function:NE_SSH(), ErrorMessage: pytest.evaluate(result)\n\nVariables: \nsut = \'ThanOSServer_1\'\ncmd = \'root\'\ntoVerify = {<Output.CONTAINS: \'CONTAINS\'>: [\'Password:\']}\nmodifyOutput = {}\nappId = \'setup\'\nwaitTime = 2\nretries = 0\nprompt = None\ninterface = \'NE_SSH\'\nsessionId = \'ThanOSServer_1_OBJ_NE_SSH_setup\'\noutputResp = \'root\\r\\n\\r\\nLogin incorrect\\r\\nlocalhost login: \'\nresult = False</xmp></pre>'}, {'id': 67, 'scriptlog': '<span class="badge badge-Light">INFO</span>: <b>pace.sessions.ssh</b>: 114:<pre class="text-justify"><xmp>Entered: onl</xmp></pre>'}, {'id': 68, 'scriptlog': '<span class="badge badge-Light">INFO</span>: <b>pace.sessions.ssh</b>: 132:<pre class="text-justify"><xmp>After Removing ANSIescapeSquence=onl\r\nPassword: </xmp></pre>'}, {'id': 69, 'scriptlog': '<span class="badge badge-danger">ERROR</span>: <b>TestStepVerification</b>: 301: <br><b>sut = \'ThanOSServer_1\' &nbsp;&nbsp;cmd = \'onl\' &nbsp;&nbsp;verification = {Contains: [\'root@localhost:~#\']}</b>:<pre class="text-justify"><xmp>Test Step Failed at "..\\..\\..\\python\\python37\\lib\\site-packages\\pace\\neapi\\operations.py 1463" in function:NE_SSH(), ErrorMessage: pytest.evaluate(result)\n\nVariables: \nsut = \'ThanOSServer_1\'\ncmd = \'onl\'\ntoVerify = {<Output.CONTAINS: \'CONTAINS\'>: [\'root@localhost:~#\']}\nmodifyOutput = {}\nappId = \'setup\'\nwaitTime = 2\nretries = 0\nprompt = None\ninterface = \'NE_SSH\'\nsessionId = \'ThanOSServer_1_OBJ_NE_SSH_setup\'\noutputResp = \'onl\\r\\nPassword: \'\nresult = False</xmp></pre>'}, {'id': 70, 'scriptlog': '<span class="badge badge-Light">INFO</span>: <b>pace.sessions.ssh</b>: 114:<pre class="text-justify"><xmp>Entered: ifconfig DCN 172.16.11.196 netmask 255.255.255.224 up</xmp></pre>'}, {'id': 71, 'scriptlog': '<span class="badge badge-Light">INFO</span>: <b>pace.sessions.ssh</b>: 132:<pre class="text-justify"><xmp>After Removing ANSIescapeSquence=\r\n</xmp></pre>'}, {'id': 72, 'scriptlog': '<span class="badge badge-danger">ERROR</span>: <b>TestStepVerification</b>: 301: <br><b>sut = \'ThanOSServer_1\' &nbsp;&nbsp;cmd = \'ifconfig DCN 172.16.11.196 netmask 255.255.255.224 up\' &nbsp;&nbsp;verification = {Contains: [\'root@localhost:~#\']}</b>:<pre class="text-justify"><xmp>Test Step Failed at "..\\..\\..\\python\\python37\\lib\\site-packages\\pace\\neapi\\operations.py 1463" in function:NE_SSH(), ErrorMessage: pytest.evaluate(result)\n\nVariables: \nsut = \'ThanOSServer_1\'\ncmd = \'ifconfig DCN 172.16.11.196 netmask 255.255.255.224 up\'\ntoVerify = {<Output.CONTAINS: \'CONTAINS\'>: [\'root@localhost:~#\']}\nmodifyOutput = {}\nappId = \'setup\'\nwaitTime = 2\nretries = 0\nprompt = None\ninterface = \'NE_SSH\'\nsessionId = \'ThanOSServer_1_OBJ_NE_SSH_set