<!doctype html>
<html lang="en">

<head>
  <!-- Required meta tags -->
  <meta charset="utf-8">
  <meta name="viewport" content="width=device-width, initial-scale=1, shrink-to-fit=no">
  <!-- Bootstrap CSS -->
  <link href="https://maxcdn.bootstrapcdn.com/font-awesome/4.7.0/css/font-awesome.min.css" rel="stylesheet"
    integrity="sha384-wvfXpqpZZVQGK6TAh5PVlGOfQNHSoD2xbE+QkPxCAFlNEevoEH3Sl0sibVcOQVnN" crossorigin="anonymous">
  <link rel="stylesheet" href="https://stackpath.bootstrapcdn.com/bootstrap/4.3.1/css/bootstrap.min.css"
    integrity="sha384-ggOyR0iXCbMQv3Xipma34MD+dH/1fQ784/j6cY/iJTQUOhcWr7x9JvoRxT2MZw1T" crossorigin="anonymous">
  <script type="text/javascript" charset="utf8" src="https://code.jquery.com/jquery-3.3.1.js"></script>
  <script type="text/javascript" charset="utf8" src="https://cdn.datatables.net/1.10.19/js/jquery.dataTables.min.js">
  </script>
  <link rel="stylesheet" href="https://cdn.datatables.net/1.10.19/css/jquery.dataTables.min.css">
  <style>
  table{
	  margin: 0 auto;
	  width: 100%;
	  clear: both;
	  border-collapse: collapse;
	  table-layout: fixed; // ***********add this
	  word-wrap:break-word; // ***********and this
	}
		
    td.details-control {
      text-align: center;
      color: forestgreen;
      cursor: pointer;
    }

    tr.shown td.details-control {
      text-align: center;
      color: forestgreen;
    }

    pre {
       outline: 1px solid #ccc; 
    padding: 5px; 
    margin: 5px; 
    white-space: pre-wrap;       
    white-space: -moz-pre-wrap;  
    white-space: -pre-wrap;      
    white-space: -o-pre-wrap;    
    word-wrap: break-word;   
    
    }
    
    table.resulttable {
        table-layout: fixed;
        word-wrap: break-word;
    }    
    table.summarytable td {
   text-align: center;  
}
    
}
  </style>
  <title>Infinera PACE Automation Report</title>
</head>

<body>
  <div class="container">
    <div class="row">
      <div class="col-md">
        <p><u> Report Generated On <b>26-June-2020  at 16:25</b> By Infinera PACE Automation Framework</u> </P>
      </div>
    </div>
    <div class="row">
      <div class="col-md">
      </div>
    </div>
    <div class="row">
      <div class="col-6">
        <p>Total <b>2</b> Scripts ran in 2935.92 seconds <br>
        <h5> Script Summary </h5>
        <table class="table table-sm table-bordered summarytable">  
          <tbody>
            <tr>
             
              
              <td class="mx-auto">
              
              <p class="text-center">PASSED <br> 1</p>
              
              </td>
              
              <td class="mx-auto">
              
              FAILED <br> 1
              
              </td>
              
              <td class="mx-auto">
              
              <div class="mx-auto" >TOTAL<br> 2</div>
              
              </td>
              
              
            </tr>
            </tbody>
          </table>
        <h5> Test Steps Summary </h5>
         <table class="table summarytable table-bordered">  
          <tbody>
            <tr>
     
          
          
          <td>
          
          FAILED_STEPS_COUNT <br> 6
          
          </td>
          
          <td>
          
          PASSED_STEPS_COUNT <br> 8
          
          </td>
          
          <td>
          
          ERROR_COUNT <br>0
          
          </td>
          
          <td>
          
          TOTAL<br> 14    
          
          </td>
          
          
          </tr>
            </tbody>
          </table>
      </div>
      <div  class="col-6" id="piechart" ></div>
    </div>
    
 <div class="row">
 <div class="col-md">
    
    <p> <span class="badge badge-pill badge-info">Script Path: </span> C:\Users\kbasavarajap\PycharmProjects\PACE_test\venv
    </div></div>
      
      <div class="row">
        <div class="col-md">
          <h4>Results</h4>
          <table id="example" class="display table resulttable" style="width:100%">
            <thead>
              <tr>
                <th></th>
                <th>Result</th>
                <th>Test case ID</th>
                <th style="width:50%"> Title</th>
                <th>Duration</th>
                <th>TestStep Count</th>
              </tr>
            </thead>
          </table>
        </div>
      </div>
      <div class="row">
        <div class="col-sm">
          
          <h4>Environment</h4>
          <table class="table table-hover table-sm table-responsive-sm">
            <tbody>
              
              <tr>
                <td>Python</td>
                <td>3.7.2</td>
              </tr>
              
              <tr>
                <td>Platform</td>
                <td>Windows-10-10.0.18362-SP0</td>
              </tr>
              
              <tr>
                <td>Packages</td>
                <td>{'pytest': '5.4.3', 'py': '1.8.1', 'pluggy': '0.13.1'}</td>
              </tr>
              
              <tr>
                <td>Plugins</td>
                <td>{'pace': '1.16.15-06-2020', 'metadata': '1.9.0', 'sugar': '0.9.3'}</td>
              </tr>
              
              <tr>
                <td>Feature</td>
                <td>Infinera</td>
              </tr>
              
            </tbody>
          </table>
          
        </div>
      </div>
      <script>
        $(document).ready(function () {
          var table = $('#example').DataTable({
            "paging": true,
            "ordering": true,
            "info": false,
            "processing": true,
            select: "single",
            data: [{'Test': 'THANOS-6972', 'Title': 'Sanity: Create a VM with template1 and configure the DCN IP', 'Result': '<span class ="badge badge-success">Passed</span>', 'Duration': 1215.39, 'Extralog': [{'id': 1, 'scriptlog': '<span class="badge badge-Light">INFO</span>: <b>pace.utility.environment_cleanup</b>: 25:<pre class="text-justify"><xmp>Executing auto environment cleanup for ./Input...</xmp></pre>'}, {'id': 2, 'scriptlog': '<span class="badge badge-Light">INFO</span>: <b>root</b>: 473:<pre class="text-justify"><xmp>Initial auto environment cleanup wasn\'t executed as invalid syntax (<string>, line 1)\nContinuing execution...</xmp></pre>'}, {'id': 3, 'scriptlog': '<span class="badge badge-Light">INFO</span>: <b>pace.sessions.ssh</b>: 56:<pre class="text-justify"><xmp>Connected successfully to \'10.220.160.28\' via SSH</xmp></pre>'}, {'id': 4, 'scriptlog': '<span class="badge badge-Light">INFO</span>: <b>pace.sessions.ssh</b>: 114:<pre class="text-justify"><xmp>Entered: chassisx.py delete chassis PaceSanity</xmp></pre>'}, {'id': 5, 'scriptlog': '<span class="badge badge-Light">INFO</span>: <b>pace.sessions.ssh</b>: 132:<pre class="text-justify"><xmp>After Removing ANSIescapeSquence=Linux in-160sim28 4.19.0-8-amd64 #1 SMP Debian 4.19.98-1 (2020-01-26) x86_64\r\n\r\nThe programs included with the Debian GNU/Linux system are free software;\r\nthe exact distribution terms for each program are described in the\r\nindividual files in /usr/share/doc/*/copyright.\r\n\r\nDebian GNU/Linux comes with ABSOLUTELY NO WARRANTY, to the extent\r\npermitted by applicable law.\r\nLast login: Fri Jun 26 15:32:10 2020 from 10.220.117.208\r\r\nchassisx.py delete chassis PaceSanity\r\nkarthik@in-160sim28:~$ chassisx.py delete chassis PaceSanity\r\nfilename for user karthik: /home/karthik/.vm/PaceSanity.txt\r\nError : chassis PaceSanity doesn\'t exist \r\nkarthik@in-160sim28:~$ </xmp></pre>'}, {'id': 6, 'scriptlog': '<span class="badge badge-success">PASSED</span>: <b>TestStepVerification</b>: 308: <br><b>sut = \'ThanOSServer_1\' &nbsp;&nbsp;cmd = \'chassisx.py delete chassis PaceSanity\' &nbsp;&nbsp;verification = {Contains: [\'karthik@\']}</b>:<pre class="text-justify"><xmp>Test Step Passed at ..\\..\\..\\python\\python37\\lib\\site-packages\\pace\\neapi\\operations.py 1463 in NE_SSH(),  Message: pytest.evaluate(result)\n\nVariables: \nsut = \'ThanOSServer_1\'\ncmd = \'chassisx.py delete chassis PaceSanity\'\ntoVerify = {<Output.CONTAINS: \'CONTAINS\'>: [\'karthik@\']}\nmodifyOutput = {}\nappId = 1\nwaitTime = 2\nretries = 0\nprompt = None\ninterface = \'NE_SSH\'\nsessionId = \'ThanOSServer_1_OBJ_NE_SSH_1\'\noutputResp = "Linux in-160sim28 4.19.0-8-amd64 #1 SMP Debian 4.19.98-1 (2020-01-26) x86_64\\r\\n\\r\\nThe programs included with the De...user karthik: /home/karthik/.vm/PaceSanity.txt\\r\\nError : chassis PaceSanity doesn\'t exist \\r\\nkarthik@in-160sim28:~$ "\nresult = True</xmp></pre>'}, {'id': 7, 'scriptlog': '<span class="badge badge-Light">INFO</span>: <b>pace.sessions.ssh</b>: 56:<pre class="text-justify"><xmp>Connected successfully to \'10.220.160.28\' via SSH</xmp></pre>'}, {'id': 8, 'scriptlog': '<span class="badge badge-Light">INFO</span>: <b>pace.sessions.ssh</b>: 114:<pre class="text-justify"><xmp>Entered: chassisx.py create PaceSanity template0</xmp></pre>'}, {'id': 9, 'scriptlog': '<span class="badge badge-Light">INFO</span>: <b>pace.sessions.ssh</b>: 132:<pre class="text-justify"><xmp>After Removing ANSIescapeSquence=Linux in-160sim28 4.19.0-8-amd64 #1 SMP Debian 4.19.98-1 (2020-01-26) x86_64\r\n\r\nThe programs included with the Debian GNU/Linux system are free software;\r\nthe exact distribution terms for each program are described in the\r\nindividual files in /usr/share/doc/*/copyright.\r\n\r\nDebian GNU/Linux comes with ABSOLUTELY NO WARRANTY, to the extent\r\npermitted by applicable law.\r\nLast login: Fri Jun 26 15:36:19 2020 from 10.220.117.208\r\r\nchassisx.py create PaceSanity template0\r\nkarthik@in-160sim28:~$ chassisx.py create PaceSanity template0\r\n4 is not in dictionary\r\nfilename for user karthik: /home/karthik/.vm/PaceSanity.txt\r\nid for current vm is: 4\r\nuser path directory made is /home/karthik/.vm_db/db/\r\n/home/karthik/.vm_db/db/PaceSanity_cc1.xml\r\n/home/karthik/.vm_db/db/PaceSanity_cc1.qcow2\r\n</xmp></pre>'}, {'id': 10, 'scriptlog': '<span class="badge badge-Light">INFO</span>: <b>pace.sessions.ssh</b>: 114:<pre class="text-justify"><xmp>Entered: chassisx.py start chassis PaceSanity</xmp></pre>'}, {'id': 11, 'scriptlog': '<span class="badge badge-Light">INFO</span>: <b>pace.sessions.ssh</b>: 132:<pre class="text-justify"><xmp>After Removing ANSIescapeSquence=adding bridges..\r\n\r\n\r\nsudo brctl addbr 4v11\r\n\r\n\r\n\r\nsudo brctl addbr 4_1aux1\r\n\r\nsudo brctl addbr 4_1aux2\r\n\r\nsudo brctl addbr 4_craft\r\n\r\nsudo brctl addbr 4v10\r\n\r\nsudo brctl addbr 4m2m\r\n\r\nDomain PaceSanity_cc1 defined from /home/karthik/.vm_db/db/PaceSanity_cc1.xml\r\n\r\nkarthik@in-160sim28:~$ chassisx.py start chassis PaceSanity\r\nfilename for user karthik: /home/karthik/.vm/PaceSanity.txt\r\nid for current vm is: 4\r\nfile /home/karthik/.vm/PaceSanity.txt for current vm exists\r\n\r\n\r\nadding bridges..\r\n\r\n\r\n\r\n\r\n\r\n\r\n\r\n\r\n\r\n\r\n\r\n\r\n\r\n\r\n\r\n\r\nDomain PaceSanity_cc1 started\r\n\r\nkarthik@in-160sim28:~$ </xmp></pre>'}, {'id': 12, 'scriptlog': '<span class="badge badge-Light">INFO</span>: <b>pace.sessions.ssh</b>: 114:<pre class="text-justify"><xmp>Entered: virsh console PaceSanity_cc1 --force</xmp></pre>'}, {'id': 13, 'scriptlog': '<span class="badge badge-Light">INFO</span>: <b>pace.sessions.ssh</b>: 132:<pre class="text-justify"><xmp>After Removing ANSIescapeSquence=virsh console PaceSanity_cc1 --force\r\nConnected to domain PaceSanity_cc1\r\nEscape character is ^]\r\n</xmp></pre>'}, {'id': 14, 'scriptlog': '<span class="badge badge-success">PASSED</span>: <b>TestStepVerification</b>: 308: <br><b>sut = \'ThanOSServer_1\' &nbsp;&nbsp;cmd = \'virsh console PaceSanity_cc1 --force\' &nbsp;&nbsp;verification = {Contains: [\'Escape character is ^]\']}</b>:<pre class="text-justify"><xmp>Test Step Passed at ..\\..\\..\\python\\python37\\lib\\site-packages\\pace\\neapi\\operations.py 1463 in NE_SSH(),  Message: pytest.evaluate(result)\n\nVariables: \nsut = \'ThanOSServer_1\'\ncmd = \'virsh console PaceSanity_cc1 --force\'\ntoVerify = {<Output.CONTAINS: \'CONTAINS\'>: [\'Escape character is ^]\']}\nmodifyOutput = {}\nappId = \'setup\'\nwaitTime = 2\nretries = 0\nprompt = None\ninterface = \'NE_SSH\'\nsessionId = \'ThanOSServer_1_OBJ_NE_SSH_setup\'\noutputResp = \'virsh console PaceSanity_cc1 --force\\r\\nConnected to domain PaceSanity_cc1\\r\\nEscape character is ^]\\r\\n\'\nresult = True</xmp></pre>'}, {'id': 15, 'scriptlog': '<span class="badge badge-Light">INFO</span>: <b>pace.sessions.ssh</b>: 114:<pre class="text-justify"><xmp>Entered: </xmp></pre>'}, {'id': 16, 'scriptlog': '<span class="badge badge-Light">INFO</span>: <b>pace.sessions.ssh</b>: 132:<pre class="text-justify"><xmp>After Removing ANSIescapeSquence=\r\r\nlocalhost login: </xmp></pre>'}, {'id': 17, 'scriptlog': '<span class="badge badge-success">PASSED</span>: <b>TestStepVerification</b>: 308: <br><b>sut = \'ThanOSServer_1\' &nbsp;&nbsp;cmd = \'\' &nbsp;&nbsp;verification = {Contains: [\'localhost login:\']}</b>:<pre class="text-justify"><xmp>Test Step Passed at ..\\..\\..\\python\\python37\\lib\\site-packages\\pace\\neapi\\operations.py 1463 in NE_SSH(),  Message: pytest.evaluate(result)\n\nVariables: \nsut = \'ThanOSServer_1\'\ncmd = \'\'\ntoVerify = {<Output.CONTAINS: \'CONTAINS\'>: [\'localhost login:\']}\nmodifyOutput = {}\nappId = \'setup\'\nwaitTime = 2\nretries = 0\nprompt = None\ninterface = \'NE_SSH\'\nsessionId = \'ThanOSServer_1_OBJ_NE_SSH_setup\'\noutputResp = \'\\r\\r\\nlocalhost login: \'\nresult = True</xmp></pre>'}, {'id': 18, 'scriptlog': '<span class="badge badge-Light">INFO</span>: <b>pace.sessions.ssh</b>: 114:<pre class="text-justify"><xmp>Entered: root</xmp></pre>'}, {'id': 19, 'scriptlog': '<span class="badge badge-Light">INFO</span>: <b>pace.sessions.ssh</b>: 132:<pre class="text-justify"><xmp>After Removing ANSIescapeSquence=root\r\r\nPassword: </xmp></pre>'}, {'id': 20, 'scriptlog': '<span class="badge badge-success">PASSED</span>: <b>TestStepVerification</b>: 308: <br><b>sut = \'ThanOSServer_1\' &nbsp;&nbsp;cmd = \'root\' &nbsp;&nbsp;verification = {Contains: [\'Password:\']}</b>:<pre class="text-justify"><xmp>Test Step Passed at ..\\..\\..\\python\\python37\\lib\\site-packages\\pace\\neapi\\operations.py 1463 in NE_SSH(),  Message: pytest.evaluate(result)\n\nVariables: \nsut = \'ThanOSServer_1\'\ncmd = \'root\'\ntoVerify = {<Output.CONTAINS: \'CONTAINS\'>: [\'Password:\']}\nmodifyOutput = {}\nappId = \'setup\'\nwaitTime = 2\nretries = 0\nprompt = None\ninterface = \'NE_SSH\'\nsessionId = \'ThanOSServer_1_OBJ_NE_SSH_setup\'\noutputResp = \'root\\r\\r\\nPassword: \'\nresult = True</xmp></pre>'}, {'id': 21, 'scriptlog': '<span class="badge badge-Light">INFO</span>: <b>pace.sessions.ssh</b>: 114:<pre class="text-justify"><xmp>Entered: onl</xmp></pre>'}, {'id': 22, 'scriptlog': '<span class="badge badge-Light">INFO</span>: <b>pace.sessions.ssh</b>: 132:<pre class="text-justify"><xmp>After Removing ANSIescapeSquence=\r\nLinux localhost 4.19.81-OpenNetworkLinux-thanos #1 SMP Tue May 19 10:10:46 UTC 2020 x86_64\r\nroot@localhost:~# </xmp></pre>'}, {'id': 23, 'scriptlog': '<span class="badge badge-success">PASSED</span>: <b>TestStepVerification</b>: 308: <br><b>sut = \'ThanOSServer_1\' &nbsp;&nbsp;cmd = \'onl\' &nbsp;&nbsp;verification = {Contains: [\'root@localhost:~#\']}</b>:<pre class="text-justify"><xmp>Test Step Passed at ..\\..\\..\\python\\python37\\lib\\site-packages\\pace\\neapi\\operations.py 1463 in NE_SSH(),  Message: pytest.evaluate(result)\n\nVariables: \nsut = \'ThanOSServer_1\'\ncmd = \'onl\'\ntoVerify = {<Output.CONTAINS: \'CONTAINS\'>: [\'root@localhost:~#\']}\nmodifyOutput = {}\nappId = \'setup\'\nwaitTime = 2\nretries = 0\nprompt = None\ninterface = \'NE_SSH\'\nsessionId = \'ThanOSServer_1_OBJ_NE_SSH_setup\'\noutputResp = \'\\r\\nLinux localhost 4.19.81-OpenNetworkLinux-thanos #1 SMP Tue May 19 10:10:46 UTC 2020 x86_64\\r\\nroot@localhost:~# \'\nresult = True</xmp></pre>'}, {'id': 24, 'scriptlog': '<span class="badge badge-Light">INFO</span>: <b>pace.sessions.ssh</b>: 114:<pre class="text-justify"><xmp>Entered: ifconfig DCN 172.16.11.196 netmask 255.255.255.224 up</xmp></pre>'}, {'id': 25, 'scriptlog': '<span class="badge badge-Light">INFO</span>: <b>pace.sessions.ssh</b>: 132:<pre class="text-justify"><xmp>After Removing ANSIescapeSquence=ifconfig DCN 172.16.11.196 netmask 255.255.255.224 up\r\nroot@localhost:~# </xmp></pre>'}, {'id': 26, 'scriptlog': '<span class="badge badge-success">PASSED</span>: <b>TestStepVerification</b>: 308: <br><b>sut = \'ThanOSServer_1\' &nbsp;&nbsp;cmd = \'ifconfig DCN 172.16.11.196 netmask 255.255.255.224 up\' &nbsp;&nbsp;verification = {Contains: [\'root@localhost:~#\']}</b>:<pre class="text-justify"><xmp>Test Step Passed at ..\\..\\..\\python\\python37\\lib\\site-packages\\pace\\neapi\\operations.py 1463 in NE_SSH(),  Message: pytest.evaluate(result)\n\nVariables: \nsut = \'ThanOSServer_1\'\ncmd = \'ifconfig DCN 172.16.11.196 netmask 255.255.255.224 up\'\ntoVerify = {<Output.CONTAINS: \'CONTAINS\'>: [\'root@localhost:~#\']}\nmodifyOutput = {}\nappId = \'setup\'\nwaitTime = 2\nretries = 0\nprompt = None\ninterface = \'NE_SSH\'\nsessionId = \'ThanOSServer_1_OBJ_NE_SSH_setup\'\noutputResp = \'ifconfig DCN 172.16.11.196 netmask 255.255.255.224 up\\r\\nroot@localhost:~# \'\nresult = True</xmp></pre>'}, {'id': 27, 'scriptlog': '<span class="badge badge-Light">INFO</span>: <b>pace.sessions.ssh</b>: 114:<pre class="text-justify"><xmp>Entered: route add default gw 172.16.11.193</xmp></pre>'}, {'id': 28, 'scriptlog': '<span class="badge badge-Light">INFO</span>: <b>pace.sessions.ssh</b>: 132:<pre class="text-justify"><xmp>After Removing ANSIescapeSquence=route add default gw 172.16.11.193\r\nroot@localhost:~# </xmp></pre>'}, {'id': 29, 'scriptlog': '<span class="badge badge-success">PASSED</span>: <b>TestStepVerification</b>: 308: <br><b>sut = \'ThanOSServer_1\' &nbsp;&nbsp;cmd = \'route add default gw 172.16.11.193\' &nbsp;&nbsp;verification = {Contains: [\'root@localhost:~#\']}</b>:<pre class="text-justify"><xmp>Test Step Passed at ..\\..\\..\\python\\python37\\lib\\site-packages\\pace\\neapi\\operations.py 1463 in NE_SSH(),  Message: pytest.evaluate(result)\n\nVariables: \nsut = \'ThanOSServer_1\'\ncmd = \'route add default gw 172.16.11.193\'\ntoVerify = {<Output.CONTAINS: \'CONTAINS\'>: [\'root@localhost:~#\']}\nmodifyOutput = {}\nappId = \'setup\'\nwaitTime = 2\nretries = 0\nprompt = None\ninterface = \'NE_SSH\'\nsessionId = \'ThanOSServer_1_OBJ_NE_SSH_setup\'\noutputResp = \'route add default gw 172.16.11.193\\r\\nroot@localhost:~# \'\nresult = True</xmp></pre>'}, {'id': 30, 'scriptlog': '<span class="badge badge-Light">INFO</span>: <b>pace.sessions.ssh</b>: 114:<pre class="text-justify"><xmp>Entered: exit -f</xmp></pre>'}, {'id': 31, 'scriptlog': '<span class="badge badge-Light">INFO</span>: <b>pace.sessions.ssh</b>: 132:<pre class="text-justify"><xmp>After Removing ANSIescapeSquence=exit -f\r\nlogout\r\n-bash: exit: -f: numeric argument required\r\n\r\r\nOpen Network Linux OS ONL-thanos_master, 2020-05-29.07:09-c6c7b5b\r\n\r\nlocalhost login: </xmp></pre>'}, {'id': 32, 'scriptlog': '<span class="badge badge-Light">INFO</span>: <b>pace.sessions.ssh</b>: 114:<pre class="text-justify"><xmp>Entered: exit -f</xmp></pre>'}, {'id': 33, 'scriptlog': '<span class="badge badge-Light">INFO</span>: <b>pace.sessions.ssh</b>: 132:<pre class="text-justify"><xmp>After Removing ANSIescapeSquence=exit -f\r\r\nPassword: </xmp></pre>'}, {'id': 34, 'scriptlog': '<span class="badge badge-Light">INFO</span>: <b>root</b>: 489:<pre class="text-justify"><xmp>Final auto environment cleanup skipped</xmp></pre>'}, {'id': 35, 'scriptlog': '<span class="badge badge-Light">INFO</span>: <b>pace.utility.pacedb</b>: 135:<pre class="text-justify"><xmp>getPurposeName called</xmp></pre>'}, {'id': 36, 'scriptlog': '<span class="badge badge-Light">INFO</span>: <b>pace.utility.pacedb</b>: 142:<pre class="text-justify"><xmp>Exception in getPurposeName</xmp></pre>'}, {'id': 37, 'scriptlog': '<span class="badge badge-Light">INFO</span>: <b>pace.utility.pacedb</b>: 143:<pre class="text-justify"><xmp>1054 (42S22): Unknown column \'None\' in \'where clause\'</xmp></pre>'}, {'id': 38, 'scriptlog': '<span class ="badge badge-info">STDOUT:</span> <div style="white-space: pre-wrap;"><pre>reading data from socket..!\nsocket not ready.. wait for 1 sec\nreading data from socket..!\nsocket not ready.. wait for 1 sec\nreading data from socket..!\nsocket not ready.. wait for 1 sec\nreading data from socket..!\nsocket not ready.. wait for 1 sec\nreading data from socket..!\nsocket not ready.. wait for 1 sec\nreading data from socket..!\nsocket not ready.. wait for 1 sec\nreading data from socket..!\nsocket not ready.. wait for 1 sec\nConnected to VM\nreading data from socket..!\nsocket not ready.. wait for 1 sec\nreading data from socket..!\nsocket not ready.. wait for 1 sec\nreading data from socket..!\nreading data from socket..!\nreading data from socket..!\nsocket not ready.. wait for 1 sec\n************************ tear down in plugin******************************\n</pre>'}], 'TestStepsCount': '<span class ="badge badge-primary"> Total: 7</span> <span class ="badge badge-success"> Pass: 7</span> '}, {'Test': 'THANOS-6429', 'Title': 'Sanity: SW build Download and Fresh Installation ', 'Result': '<span class ="badge badge-danger">Failed</span>', 'Duration': 1706.79, 'Extralog': [{'id': 1, 'scriptlog': '<span class ="badge badge-danger">Exception:</span> \n                <div class="card border-danger">\n                <div class="card-body text-danger">\n                    <pre class="card-text">""{"path": "C:\\\\Users\\\\kbasavarajap\\\\PycharmProjects\\\\PACE_test\\\\venv\\\\test.py", "lineno": 137, "message": "TypeError: \'NoneType\' object is not callable"}check_system_reachability = None\n\n    def test_JIRA_THANOS_6429(check_system_reachability):\n    \n        """ Image installation via CLI and configuring DCN IP via CLI"""\n    \n        #1. Dowloads build from artifactory location to thanos-server\n        #2. Downloads the image to the NE via CLI Interface via SFTP Protocol\n        #3. Installs image on the chassis\n        #4. Verify that the pre-upgrade went fine.\n        #5. Activates the newly downloaded software.\n        #6. Waits for 300 seconds for activation to complete.\n        #7. Once installation is done, Script connects to the console of the VM and login to the CLI Interface and perform DCN IP configuration.\n        #8. Verfies whether the image has been installed from the CLI interface.\n    \n        if str ( SetupConfig.getSetupEnvDict ( )["Common"]["Variables"][\n                     "DownloadImageFromArtifactory"] ).upper ( ) == "TRUE":\n    \n            artifactory_path = SetupConfig.getSetupEnvDict ( ).get ( "Common" ).get ( "Variables" ).get ( "ArtifactoryPath",\n                                                                                                          None )\n    \n            software_image.download_image_from_artifactory ( thanos_server="ThanOSServer_1",\n                                                             artifactory_path=artifactory_path, local_download_path=\n                                                             SetupConfig.getSetupEnvDict ( )["ThanOSServer_1"]["Global"][\n                                                                 "BuildPath"] )\n            logger.info(\'Done downloading build to Sim server\')\n        else:\n    \n            #TODO : Plugin API to download image from other server and update image Name and image_verification file\n            # Added this for CI Sanity to proceed\n            logger.debug("Intentionally failing this now.. Need to be removed once TODO is completed")\n            pytest.evaluate(False)\n    \n        software_image.download(file_transfer_mode="sftp",image_location_details={"username"    :  SetupConfig.getSetupEnvDict()["ThanOSServer_1"]["Login"]["UserName"],\n                                                                                  "password"    :  SetupConfig.getSetupEnvDict()["ThanOSServer_1"]["Login"]["Password"],\n                                                                                  "ServerIP"    :  SetupConfig.getSetupEnvDict()["ThanOSServer_1"]["Login"]["IpAddress"],\n                                                                                  "path"        :  SetupConfig.getSetupEnvDict()["ThanOSServer_1"]["Global"]["BuildPath"],},wait_time=240)\n    \n        # Pre-upgrade retry time is marked as 300. Not defined in SRD.. needs to be updated after SRD update\n        software_image.install(pre_upgrade_wait_time=300)\n    \n        software_image.verify_installable_image(retry=30)\n    \n        #Activate wait time is 13 mins now. Needs to be changed as per SRD.\n        software_image.activate(wait_time=1020)\n        vm_name = SetupConfig.getSetupEnvDict ( )[env][\'Global\'][\'vmName\'].strip ( )\n        ipaddr = SetupConfig.getSetupEnvDict ( )[system_under_test][\'Login\'][\'IpAddress\'].strip ( )\n        netmask = SetupConfig.getSetupEnvDict ( )[system_under_test][\'Login\'][\'Netmask\'].strip ( )\n        gateway = SetupConfig.getSetupEnvDict ( )[system_under_test][\'Login\'][\'Gateway\'].strip ( )\n    \n        config_dcn ( vm_name, ipaddr, netmask, gateway )\n        time.sleep ( 300 )\n>       check_system_reachability()\nE       TypeError: \'NoneType\' object is not callable\n\ntest.py:137: TypeError""</pre>\n                </div>\n                </div>'}, {'id': 2, 'scriptlog': '<span class="badge badge-Light">INFO</span>: <b>pace.utility.environment_cleanup</b>: 25:<pre class="text-justify"><xmp>Executing auto environment cleanup for ./Input...</xmp></pre>'}, {'id': 3, 'scriptlog': '<span class="badge badge-Light">INFO</span>: <b>root</b>: 473:<pre class="text-justify"><xmp>Initial auto environment cleanup wasn\'t executed as invalid syntax (<string>, line 1)\nContinuing execution...</xmp></pre>'}, {'id': 4, 'scriptlog': '<span class="badge badge-Light">INFO</span>: <b>pace.utility.parser</b>: 185:<pre class="text-justify"><xmp>System reachable in first attempt..!!</xmp></pre>'}, {'id': 5, 'scriptlog': '<span class="badge badge-Light">INFO</span>: <b>pace.sessions.ssh</b>: 56:<pre class="text-justify"><xmp>Connected successfully to \'10.220.160.28\' via SSH</xmp></pre>'}, {'id': 6, 'scriptlog': '<span class="badge badge-Light">INFO</span>: <b>pace.sessions.ssh</b>: 114:<pre class="text-justify"><xmp>Entered: cd /home/karthik/LatestBuildFromArtifactory</xmp></pre>'}, {'id': 7, 'scriptlog': '<span class="badge badge-Light">INFO</span>: <b>pace.sessions.ssh</b>: 132:<pre class="text-justify"><xmp>After Removing ANSIescapeSquence=Linux in-160sim28 4.19.0-8-amd64 #1 SMP Debian 4.19.98-1 (2020-01-26) x86_64\r\n\r\nThe programs included with the Debian GNU/Linux system are free software;\r\nthe exact distribution terms for each program are described in the\r\nindividual files in /usr/share/doc/*/copyright.\r\n\r\nDebian GNU/Linux comes with ABSOLUTELY NO WARRANTY, to the extent\r\npermitted by applicable law.\r\nLast login: Fri Jun 26 15:36:58 2020 from 10.220.117.208\r\r\ncd /home/karthik/LatestBuildFromArtifactory\r\nkarthik@in-160sim28:~$ cd /home/karthik/LatestBuildFromArtifactory\r\nkarthik@in-160sim28:~/LatestBuildFromArtifactory$ </xmp></pre>'}, {'id': 8, 'scriptlog': '<span class="badge badge-Light">INFO</span>: <b>pace.sessions.ssh</b>: 114:<pre class="text-justify"><xmp>Entered: rm -rf *</xmp></pre>'}, {'id': 9, 'scriptlog': '<span class="badge badge-Light">INFO</span>: <b>pace.sessions.ssh</b>: 132:<pre class="text-justify"><xmp>After Removing ANSIescapeSquence=rm -rf *\r\nkarthik@in-160sim28:~/LatestBuildFromArtifactory$ </xmp></pre>'}, {'id': 10, 'scriptlog': '<span class="badge badge-Light">INFO</span>: <b>pace.sessions.ssh</b>: 114:<pre class="text-justify"><xmp>Entered: wget --no-verbose --no-parent --recursive --level=1 --no-directories --user=anonymous --password=anonymous https://iartifactory.infinera.com/artifactory/thanos/chassisx-nightly/chassisx-621/sim/</xmp></pre>'}, {'id': 11, 'scriptlog': '<span class="badge badge-Light">INFO</span>: <b>pace.sessions.ssh</b>: 132:<pre class="text-justify"><xmp>After Removing ANSIescapeSquence=wget --no-verbose --no-parent --recursive --level=1 --no-directories --user=anonymous --password=anonymous https://iartifactory.infinera.com/artifactory/thanos/chassisx-nightly/chassisx-621/sim/\r\n2020-06-26 15:56:44 URL:https://iartifactory.infinera.com/artifactory/thanos/chassisx-nightly/chassisx-621/sim/ [1162] -> "index.html" [1]\r\nhttps://iartifactory.infinera.com/robots.txt:\r\n2020-06-26 15:56:44 ERROR 404: Not Found.\r\n</xmp></pre>'}, {'id': 12, 'scriptlog': '<span class="badge badge-Light">INFO</span>: <b>pace.sessions.ssh</b>: 56:<pre class="text-justify"><xmp>Connected successfully to \'10.220.160.28\' via SSH</xmp></pre>'}, {'id': 13, 'scriptlog': '<span class="badge badge-Light">INFO</span>: <b>pace.sessions.ssh</b>: 114:<pre class="text-justify"><xmp>Entered: cd /home/karthik/LatestBuildFromArtifactory</xmp></pre>'}, {'id': 14, 'scriptlog': '<span class="badge badge-Light">INFO</span>: <b>pace.sessions.ssh</b>: 132:<pre class="text-justify"><xmp>After Removing ANSIescapeSquence=Linux in-160sim28 4.19.0-8-amd64 #1 SMP Debian 4.19.98-1 (2020-01-26) x86_64\r\n\r\nThe programs included with the Debian GNU/Linux system are free software;\r\nthe exact distribution terms for each program are described in the\r\nindividual files in /usr/share/doc/*/copyright.\r\n\r\nDebian GNU/Linux comes with ABSOLUTELY NO WARRANTY, to the extent\r\npermitted by applicable law.\r\nLast login: Fri Jun 26 15:56:37 2020 from 10.220.117.208\r\r\ncd /home/karthik/LatestBuildFromArtifactory\r\nkarthik@in-160sim28:~$ cd /home/karthik/LatestBuildFromArtifactory\r\nkarthik@in-160sim28:~/LatestBuildFromArtifactory$ </xmp></pre>'}, {'id': 15, 'scriptlog': '<span class="badge badge-Light">INFO</span>: <b>pace.sessions.ssh</b>: 114:<pre class="text-justify"><xmp>Entered: ls -lrt</xmp></pre>'}, {'id': 16, 'scriptlog': '<span class="badge badge-Light">INFO</span>: <b>pace.sessions.ssh</b>: 132:<pre class="text-justify"><xmp>After Removing ANSIescapeSquence=ls -lrt\r\ntotal 2342976\r\n-rw-r--r-- 1 karthik karthik  762031392 Jun 26 05:17 th-xmm4-sim-2020-06-25-nightly-R1.0.0.621.bin\r\n-rw-r--r-- 1 karthik karthik  396033312 Jun 26 05:18 th-chm6-sim-2020-06-25-nightly-R1.0.0.621.bin\r\n-rw-r--r-- 1 karthik karthik 1155941492 Jun 26 05:18 ThanOS-F1.0-Main-nightly-2020.06.25_23_10.tar.gz\r\n-rw-r--r-- 1 karthik karthik        380 Jun 26 05:19 ThanOS-F1.0-Main-nightly-2020.06.25_23_10.manifest\r\n-rw-r--r-- 1 karthik karthik   85174180 Jun 26 05:19 chm6_thanos_sim_x86_64_pkg_tar.gz\r\n-rw-r--r-- 1 karthik karthik       1162 Jun 26 15:56 index.html\r\nkarthik@in-160sim28:~/LatestBuildFromArtifactory$ </xmp></pre>'}, {'id': 17, 'scriptlog': '<span class="badge badge-success">PASSED</span>: <b>TestStepVerification</b>: 308: <br><b>sut = \'ThanOSServer_1\' &nbsp;&nbsp;cmd = \'ls -lrt\' &nbsp;&nbsp;verification = {Contains: [\'manifest\', \'tar.gz\']}</b>:<pre class="text-justify"><xmp>Test Step Passed at ..\\..\\..\\python\\python37\\lib\\site-packages\\pace\\neapi\\operations.py 1463 in NE_SSH(),  Message: pytest.evaluate(result)\n\nVariables: \nsut = \'ThanOSServer_1\'\ncmd = \'ls -lrt\'\ntoVerify = {<Output.CONTAINS: \'CONTAINS\'>: [\'manifest\', \'tar.gz\']}\nmodifyOutput = {}\nappId = \'parse\'\nwaitTime = 2\nretries = 0\nprompt = None\ninterface = \'NE_SSH\'\nsessionId = \'ThanOSServer_1_OBJ_NE_SSH_parse\'\noutputResp = \'ls -lrt\\r\\ntotal 2342976\\r\\n-rw-r--r-- 1 karthik karthik  762031392 Jun 26 05:17 th-xmm4-sim-2020-06-25-nightly-R1.0....n-rw-r--r-- 1 karthik karthik       1162 Jun 26 15:56 index.html\\r\\nkarthik@in-160sim28:~/LatestBuildFromArtifactory$ \'\nresult = True</xmp></pre>'}, {'id': 18, 'scriptlog': '<span class="badge badge-Light">INFO</span>: <b>pace.neapi.operations</b>: 363:<pre class="text-justify"><xmp>Done downloading build to Sim server.</xmp></pre>'}, {'id': 19, 'scriptlog': '<span class="badge badge-Light">INFO</span>: <b>pace.neapi.operations</b>: 110:<pre class="text-justify"><xmp>Done downloading build to Sim server</xmp></pre>'}, {'id': 20, 'scriptlog': '<span class="badge badge-Light">INFO</span>: <b>pace.sessions.cli</b>: 56:<pre class="text-justify"><xmp>Connected successfully to \'172.16.11.196\' via SSH</xmp></pre>'}, {'id': 21, 'scriptlog': '<span class="badge badge-Light">INFO</span>: <b>pace.sessions.cli</b>: 34:<pre class="text-justify"><xmp>Received:Connecting user root from 10.220.117.208:63353\r\n****************************************** Warning ******************************************\r\r\n\r\r\nThis system is restricted to authorized users for business purposes. Unauthorized access is a\r\r\nviolation of the law. This service may be monitored for administrative and security reasons.\r\r\nBy proceeding, you consent to this monitoring.\r\r\n\r\r\n*********************************************************************************************\r\r\n\r\r\n\r\r\n[ ne ]\r\r\nroot@THANOS> </xmp></pre>'}, {'id': 22, 'scriptlog': '<span class="badge badge-Light">INFO</span>: <b>pace.sessions.cli</b>: 49:<pre class="text-justify"><xmp>Logged in successfully to CLI</xmp></pre>'}, {'id': 23, 'scriptlog': '<span class="badge badge-Light">INFO</span>: <b>pace.sessions.cli</b>: 67:<pre class="text-justify"><xmp>Entered: download swimage source=sftp://karthik@10.220.160.28:/home/karthik/LatestBuildFromArtifactory/ThanOS-F1.0-Main-nightly-2020.06.25_23_10.manifest password=Hello123</xmp></pre>'}, {'id': 24, 'scriptlog': '<span class="badge badge-Light">INFO</span>: <b>pace.sessions.cli</b>: 98:<pre class="text-justify"><xmp>CLi responde Received: download swimage source=sftp://karthik@10.220.160.28:/home/karthik/LatestBuildFromArtifactory/ThanOS-F1.0-Main-nightly-2020.06.25_23_10.manifest password=Hello123\r\r\nDownloading : ThanOS-F1.0-Main-nightly-2020.06.25_23_10.manifest...\r\r\n\x08\x08\x08\x08\x0810%]\r\r\n\x08\x08\x08\x08\x0820%]\r\r\n\x08\x08\x08\x08\x0830%]\r\r\n\x08\x08\x08\x08\x0840%]\r\r\n\x08\x08\x08\x08\x0850%]\r\r\n\x08\x08\x08\x08\x0860%]\r\r\n\x08\x08\x08\x08\x0870%]\r\r\n\x08\x08\x08\x08\x0880%]\r\r\n\x08\x08\x08\x08\x0890%]\r\r\nDownloaded : ThanOS-F1.0-Main-nightly-2020.06.25_23_10.manifest\r\r\nDownloading : ThanOS-F1.0-Main-nightly-2020.06.25_23_10.tar.gz...\r\r\n\x08\x08\x08\x08\x081%]\r\r\n\x08\x08\x08\x08\x082%]\r\r\n\x08\x08\x08\x08\x083%]\r\r\n\x08\x08\x08\x08\x084%]\r\r\n\x08\x08\x08\x08\x085%]\r\r\n\x08\x08\x08\x08\x086%]\r\r\n\x08\x08\x08\x08\x087%]\r\r\n\x08\x08\x08\x08\x088%]\r\r\n\x08\x08\x08\x08\x089%]\r\r\n\x08\x08\x08\x08\x0810%]\r\r\n\x08\x08\x08\x08\x0811%]\r\r\n\x08\x08\x08\x08\x0812%]\r\r\n\x08\x08\x08\x08\x0813%]\r\r\n\x08\x08\x08\x08\x0814%]\r\r\n\x08\x08\x08\x08\x0815%]\r\r\n\x08\x08\x08\x08\x0816%]\r\r\n\x08\x08\x08\x08\x0817%]\r\r\n\x08\x08\x08\x08\x0818%]\r\r\n\x08\x08\x08\x08\x0819%]\r\r\n\x08\x08\x08\x08\x0820%]\r\r\n\x08\x08\x08\x08\x0821%]\r\r\n\x08\x08\x08\x08\x0822%]\r\r\n\x08\x08\x08\x08\x0823%]\r\r\n\x08\x08\x08\x08\x0824%]\r\r\n\x08\x08\x08\x08\x0825%]\r\r\n\x08\x08\x08\x08\x0826%]\r\r\n\x08\x08\x08\x08\x0827%]\r\r\n\x08\x08\x08\x08\x0828%]\r\r\n\x08\x08\x08\x08\x0829%]\r\r\n\x08\x08\x08\x08\x0830%]\r\r\n\x08\x08\x08\x08\x0831%]\r\r\n\x08\x08\x08\x08\x0832%]\r\r\n\x08\x08\x08\x08\x0833%]\r\r\n\x08\x08\x08\x08\x0834%]\r\r\n\x08\x08\x08\x08\x0835%]\r\r\n\x08\x08\x08\x08\x0836%]\r\r\n\x08\x08\x08\x08\x0837%]\r\r\n\x08\x08\x08\x08\x0838%]\r\r\n\x08\x08\x08\x08\x0839%]\r\r\n\x08\x08\x08\x08\x0840%]\r\r\n\x08\x08\x08\x08\x0841%]\r\r\n\x08\x08\x08\x08\x0842%]\r\r\n\x08\x08\x08\x08\x0843%]\r\r\n\x08\x08\x08\x08\x0844%]\r\r\n\x08\x08\x08\x08\x0845%]\r\r\n\x08\x08\x08\x08\x0846%]\r\r\n\x08\x08\x08\x08\x0847%]\r\r\n\x08\x08\x08\x08\x0848%]\r\r\n\x08\x08\x08\x08\x0849%]\r\r\n\x08\x08\x08\x08\x0850%]\r\r\n\x08\x08\x08\x08\x0851%]\r\r\n\x08\x08\x08\x08\x0852%]\r\r\n\x08\x08\x08\x08\x0853%]\r\r\n\x08\x08\x08\x08\x0854%]\r\r\n\x08\x08\x08\x08\x0855%]\r\r\n\x08\x08\x08\x08\x0856%]\r\r\n\x08\x08\x08\x08\x0857%]\r\r\n\x08\x08\x08\x08\x0858%]\r\r\n\x08\x08\x08\x08\x0859%]\r\r\n\x08\x08\x08\x08\x0860%]\r\r\n\x08\x08\x08\x08\x0861%]\r\r\n\x08\x08\x08\x08\x0862%]\r\r\n\x08\x08\x08\x08\x0863%]\r\r\n\x08\x08\x08\x08\x0864%]\r\r\n\x08\x08\x08\x08\x0865%]\r\r\n\x08\x08\x08\x08\x0866%]\r\r\n\x08\x08\x08\x08\x0867%]\r\r\n\x08\x08\x08\x08\x0868%]\r\r\n\x08\x08\x08\x08\x0869%]\r\r\n\x08\x08\x08\x08\x0870%]\r\r\n\x08\x08\x08\x08\x0871%]\r\r\n\x08\x08\x08\x08\x0872%]\r\r\n\x08\x08\x08\x08\x0873%]\r\r\n\x08\x08\x08\x08\x0874%]\r\r\n\x08\x08\x08\x08\x0875%]\r\r\n\x08\x08\x08\x08\x0876%]\r\r\n\x08\x08\x08\x08\x0877%]\r\r\n\x08\x08\x08\x08\x0878%]\r\r\n\x08\x08\x08\x08\x0879%]\r\r\n\x08\x08\x08\x08\x0880%]\r\r\n\x08\x08\x08\x08\x0881%]\r\r\n\x08\x08\x08\x08\x0882%]\r\r\n\x08\x08\x08\x08\x0883%]\r\r\n\x08\x08\x08\x08\x0884%]\r\r\n\x08\x08\x08\x08\x0885%]\r\r\n\x08\x08\x08\x08\x0886%]\r\r\n\x08\x08\x08\x08\x0887%]\r\r\n\x08\x08\x08\x08\x0888%]\r\r\n\x08\x08\x08\x08\x0889%]\r\r\n\x08\x08\x08\x08\x0890%]\r\r\n\x08\x08\x08\x08\x0891%]\r\r\n\x08\x08\x08\x08\x0892%]\r\r\n\x08\x08\x08\x08\x0893%]\r\r\n\x08\x08\x08\x08\x0894%]\r\r\n\x08\x08\x08\x08\x0895%]\r\r\n\x08\x08\x08\x08\x0896%]\r\r\n\x08\x08\x08\x08\x0897%]\r\r\n\x08\x08\x08\x08\x0898%]\r\r\n\x08\x08\x08\x08\x0899%]\r\r\n\x08\x08\x08\x08\x08100%]\r\r\n\x1b[1A\x1b[2Kroot@THANOS> download swimage source=sftp://karthik@10.220.160.28:/home/karthik/LatestBuildFromArtifactory/ThanOS-F1.0-Main-nightly-2020.06.25_23_10.manifest password=***\r\r\nDownload complete\r\r\n[ ne ]\r\r\nroot@THANOS> </xmp></pre>'}, {'id': 25, 'scriptlog': '<span class="badge badge-Light">INFO</span>: <b>pace.sessions.cli</b>: 100:<pre class="text-justify"><xmp>After Removing ANSIescapeSquence=download swimage source=sftp://karthik@10.220.160.28:/home/karthik/LatestBuildFromArtifactory/ThanOS-F1.0-Main-nightly-2020.06.25_23_10.manifest password=Hello123\r\r\nDownloading : ThanOS-F1.0-Main-nightly-2020.06.25_23_10.manifest...\r\r\n\x08\x08\x08\x08\x0810%]\r\r\n\x08\x08\x08\x08\x0820%]\r\r\n\x08\x08\x08\x08\x0830%]\r\r\n\x08\x08\x08\x08\x0840%]\r\r\n\x08\x08\x08\x08\x0850%]\r\r\n\x08\x08\x08\x08\x0860%]\r\r\n\x08\x08\x08\x08\x0870%]\r\r\n\x08\x08\x08\x08\x0880%]\r\r\n\x08\x08\x08\x08\x0890%]\r\r\nDownloaded : ThanOS-F1.0-Main-nightly-2020.06.25_23_10.manifest\r\r\nDownloading : ThanOS-F1.0-Main-nightly-2020.06.25_23_10.tar.gz...\r\r\n\x08\x08\x08\x08\x081%]\r\r\n\x08\x08\x08\x08\x082%]\r\r\n\x08\x08\x08\x08\x083%]\r\r\n\x08\x08\x08\x08\x084%]\r\r\n\x08\x08\x08\x08\x085%]\r\r\n\x08\x08\x08\x08\x086%]\r\r\n\x08\x08\x08\x08\x087%]\r\r\n\x08\x08\x08\x08\x088%]\r\r\n\x08\x08\x08\x08\x089%]\r\r\n\x08\x08\x08\x08\x0810%]\r\r\n\x08\x08\x08\x08\x0811%]\r\r\n\x08\x08\x08\x08\x0812%]\r\r\n\x08\x08\x08\x08\x0813%]\r\r\n\x08\x08\x08\x08\x0814%]\r\r\n\x08\x08\x08\x08\x0815%]\r\r\n\x08\x08\x08\x08\x0816%]\r\r\n\x08\x08\x08\x08\x0817%]\r\r\n\x08\x08\x08\x08\x0818%]\r\r\n\x08\x08\x08\x08\x0819%]\r\r\n\x08\x08\x08\x08\x0820%]\r\r\n\x08\x08\x08\x08\x0821%]\r\r\n\x08\x08\x08\x08\x0822%]\r\r\n\x08\x08\x08\x08\x0823%]\r\r\n\x08\x08\x08\x08\x0824%]\r\r\n\x08\x08\x08\x08\x0825%]\r\r\n\x08\x08\x08\x08\x0826%]\r\r\n\x08\x08\x08\x08\x0827%]\r\r\n\x08\x08\x08\x08\x0828%]\r\r\n\x08\x08\x08\x08\x0829%]\r\r\n\x08\x08\x08\x08\x0830%]\r\r\n\x08\x08\x08\x08\x0831%]\r\r\n\x08\x08\x08\x08\x0832%]\r\r\n\x08\x08\x08\x08\x0833%]\r\r\n\x08\x08\x08\x08\x0834%]\r\r\n\x08\x08\x08\x08\x0835%]\r\r\n\x08\x08\x08\x08\x0836%]\r\r\n\x08\x08\x08\x08\x0837%]\r\r\n\x08\x08\x08\x08\x0838%]\r\r\n\x08\x08\x08\x08\x0839%]\r\r\n\x08\x08\x08\x08\x0840%]\r\r\n\x08\x08\x08\x08\x0841%]\r\r\n\x08\x08\x08\x08\x0842%]\r\r\n\x08\x08\x08\x08\x0843%]\r\r\n\x08\x08\x08\x08\x0844%]\r\r\n\x08\x08\x08\x08\x0845%]\r\r\n\x08\x08\x08\x08\x0846%]\r\r\n\x08\x08\x08\x08\x0847%]\r\r\n\x08\x08\x08\x08\x0848%]\r\r\n\x08\x08\x08\x08\x0849%]\r\r\n\x08\x08\x08\x08\x0850%]\r\r\n\x08\x08\x08\x08\x0851%]\r\r\n\x08\x08\x08\x08\x0852%]\r\r\n\x08\x08\x08\x08\x0853%]\r\r\n\x08\x08\x08\x08\x0854%]\r\r\n\x08\x08\x08\x08\x0855%]\r\r\n\x08\x08\x08\x08\x0856%]\r\r\n\x08\x08\x08\x08\x0857%]\r\r\n\x08\x08\x08\x08\x0858%]\r\r\n\x08\x08\x08\x08\x0859%]\r\r\n\x08\x08\x08\x08\x0860%]\r\r\n\x08\x08\x08\x08\x0861%]\r\r\n\x08\x08\x08\x08\x0862%]\r\r\n\x08\x08\x08\x08\x0863%]\r\r\n\x08\x08\x08\x08\x0864%]\r\r\n\x08\x08\x08\x08\x0865%]\r\r\n\x08\x08\x08\x08\x0866%]\r\r\n\x08\x08\x08\x08\x0867%]\r\r\n\x08\x08\x08\x08\x0868%]\r\r\n\x08\x08\x08\x08\x0869%]\r\r\n\x08\x08\x08\x08\x0870%]\r\r\n\x08\x08\x08\x08\x0871%]\r\r\n\x08\x08\x08\x08\x0872%]\r\r\n\x08\x08\x08\x08\x0873%]\r\r\n\x08\x08\x08\x08\x0874%]\r\r\n\x08\x08\x08\x08\x0875%]\r\r\n\x08\x08\x08\x08\x0876%]\r\r\n\x08\x08\x08\x08\x0877%]\r\r\n\x08\x08\x08\x08\x0878%]\r\r\n\x08\x08\x08\x08\x0879%]\r\r\n\x08\x08\x08\x08\x0880%]\r\r\n\x08\x08\x08\x08\x0881%]\r\r\n\x08\x08\x08\x08\x0882%]\r\r\n\x08\x08\x08\x08\x0883%]\r\r\n\x08\x08\x08\x08\x0884%]\r\r\n\x08\x08\x08\x08\x0885%]\r\r\n\x08\x08\x08\x08\x0886%]\r\r\n\x08\x08\x08\x08\x0887%]\r\r\n\x08\x08\x08\x08\x0888%]\r\r\n\x08\x08\x08\x08\x0889%]\r\r\n\x08\x08\x08\x08\x0890%]\r\r\n\x08\x08\x08\x08\x0891%]\r\r\n\x08\x08\x08\x08\x0892%]\r\r\n\x08\x08\x08\x08\x0893%]\r\r\n\x08\x08\x08\x08\x0894%]\r\r\n\x08\x08\x08\x08\x0895%]\r\r\n\x08\x08\x08\x08\x0896%]\r\r\n\x08\x08\x08\x08\x0897%]\r\r\n\x08\x08\x08\x08\x0898%]\r\r\n\x08\x08\x08\x08\x0899%]\r\r\n\x08\x08\x08\x08\x08100%]\r\r\nroot@THANOS> download swimage source=sftp://karthik@10.220.160.28:/home/karthik/LatestBuildFromArtifactory/ThanOS-F1.0-Main-nightly-2020.06.25_23_10.manifest password=***\r\r\nDownload complete\r\r\n[ ne ]\r\r\nroot@THANOS> </xmp></pre>'}, {'id': 26, 'scriptlog': '<span class="badge badge-Light">INFO</span>: <b>pace.sessions.cli</b>: 56:<pre class="text-justify"><xmp>Connected successfully to \'172.16.11.196\' via SSH</xmp></pre>'}, {'id': 27, 'scriptlog': '<span class="badge badge-Light">INFO</span>: <b>pace.sessions.cli</b>: 34:<pre class="text-justify"><xmp>Received:Connecting user root from 10.220.117.208:63359\r\n****************************************** Warning ******************************************\r\r\n\r\r\nThis system is restricted to authorized users for business purposes. Unauthorized access is a\r\r\nviolation of the law. This service may be monitored for administrative and security reasons.\r\r\nBy proceeding, you consent to this monitoring.\r\r\n\r\r\n*********************************************************************************************\r\r\n\r\r\nLast login: 2020-06-26T10:28:33Z\r\r\n\r\r\n[ ne ]\r\r\nroot@THANOS> </xmp></pre>'}, {'id': 28, 'scriptlog': '<span class="badge badge-Light">INFO</span>: <b>pace.sessions.cli</b>: 49:<pre class="text-justify"><xmp>Logged in successfully to CLI</xmp></pre>'}, {'id': 29, 'scriptlog': '<span class="badge badge-Light">INFO</span>: <b>pace.sessions.cli</b>: 67:<pre class="text-justify"><xmp>Entered: show sw-management downloads</xmp></pre>'}, {'id': 30, 'scriptlog': '<span class="badge badge-Light">INFO</span>: <b>pace.sessions.cli</b>: 98:<pre class="text-justify"><xmp>CLi responde Received: show sw-management downloads\r\r\n  \x1b[1;4mdownloads\x1b[0m                                                      \r\r\n  \x1b[1;4mmanifest-ThanOS-F1.0-Main-nightly-2020.06.25_23_10.manifest\x1b[0m    \r\r\n[ ne ]\r\r\nroot@THANOS> </xmp></pre>'}, {'id': 31, 'scriptlog': '<span class="badge badge-Light">INFO</span>: <b>pace.sessions.cli</b>: 100:<pre class="text-justify"><xmp>After Removing ANSIescapeSquence=show sw-management downloads\r\r\n  downloads                                                      \r\r\n  manifest-ThanOS-F1.0-Main-nightly-2020.06.25_23_10.manifest    \r\r\n[ ne ]\r\r\nroot@THANOS> </xmp></pre>'}, {'id': 32, 'scriptlog': '<span class="badge badge-Light">INFO</span>: <b>pace.neapi.operations</b>: 92:<pre class="text-justify"><xmp>Build downloaded successfully.... !!!</xmp></pre>'}, {'id': 33, 'scriptlog': '<span class="badge badge-Light">INFO</span>: <b>pace.sessions.cli</b>: 67:<pre class="text-justify"><xmp>Entered: prepare-upgrade apply label=ThanOS-F1.0-Main-nightly-2020.06.25_23_10.manifest</xmp></pre>'}, {'id': 34, 'scriptlog': '<span class="badge badge-Light">INFO</span>: <b>pace.sessions.cli</b>: 98:<pre class="text-justify"><xmp>CLi responde Received: prepare-upgrade apply label=ThanOS-F1.0-Main-nightly-2020.06.25_23_10.manifest\r\r\nPrepare-upgrade initiated...\r\r\nPrepare-upgrade apply initiated. Please use the show commands for status\r\r\n[ ne ]\r\r\nroot@THANOS> </xmp></pre>'}, {'id': 35, 'scriptlog': '<span class="badge badge-Light">INFO</span>: <b>pace.sessions.cli</b>: 100:<pre class="text-justify"><xmp>After Removing ANSIescapeSquence=prepare-upgrade apply label=ThanOS-F1.0-Main-nightly-2020.06.25_23_10.manifest\r\r\nPrepare-upgrade initiated...\r\r\nPrepare-upgrade apply initiated. Please use the show commands for status\r\r\n[ ne ]\r\r\nroot@THANOS> </xmp></pre>'}, {'id': 36, 'scriptlog': '<span class="badge badge-Light">INFO</span>: <b>pace.sessions.cli</b>: 67:<pre class="text-justify"><xmp>Entered: show sw-management software-load-installable</xmp></pre>'}, {'id': 37, 'scriptlog': '<span class="badge badge-Light">INFO</span>: <b>pace.sessions.cli</b>: 98:<pre class="text-justify"><xmp>CLi responde Received: show sw-management software-load-installable\r\r\n  \x1b[1;4msoftware-load-installable\x1b[0m                         \r\r\n  \x1b[1;4msw-component-installable/chm6-F1.0-Main.tar.gz\x1b[0m    \r\r\n  \x1b[1;4msw-component-installable/xmm4-F1.0-Main.tar.gz\x1b[0m    \r\r\n  swload-version                                              \'R1.0.0\' \r\r\n  swload-manifest                                             \'ThanOS-F1.0-Main-nightly-2020.06.25_23_10.manifest\' \r\r\n  swload-prepared                                             true \r\r\n  swload-status                                               apply-complete \r\r\n  swload-information                                          \'2020-06-26 10:29:32:APPLY IN PROGRESS\r\r\n                                                              2020-06-26 10:29:41:APPLY COMPLETE\' \r\r\n  swload-vendor                                               \'Infinera\' \r\r\n  swload-product                                              \'ThanOS\' \r\r\n  swload-label                                                \'ThanOS-F1.0-Main-nightly-2020.06.25_23_10\' \r\r\n[ ne ]\r\r\nroot@THANOS> </xmp></pre>'}, {'id': 38, 'scriptlog': '<span class="badge badge-Light">INFO</span>: <b>pace.sessions.cli</b>: 100:<pre class="text-justify"><xmp>After Removing ANSIescapeSquence=show sw-management software-load-installable\r\r\n  software-load-installable                         \r\r\n  sw-component-installable/chm6-F1.0-Main.tar.gz    \r\r\n  sw-component-installable/xmm4-F1.0-Main.tar.gz    \r\r\n  swload-version                                              \'R1.0.0\' \r\r\n  swload-manifest                                             \'ThanOS-F1.0-Main-nightly-2020.06.25_23_10.manifest\' \r\r\n  swload-prepared                                             true \r\r\n  swload-status                                               apply-complete \r\r\n  swload-information                                          \'2020-06-26 10:29:32:APPLY IN PROGRESS\r\r\n                                                              2020-06-26 10:29:41:APPLY COMPLETE\' \r\r\n  swload-vendor                                               \'Infinera\' \r\r\n  swload-product                                              \'ThanOS\' \r\r\n  swload-label                                                \'ThanOS-F1.0-Main-nightly-2020.06.25_23_10\' \r\r\n[ ne ]\r\r\nroot@THANOS> </xmp></pre>'}, {'id': 39, 'scriptlog': '<span class="badge badge-Light">INFO</span>: <b>pace.neapi.operations</b>: 180:<pre class="text-justify"><xmp>Build installation done Successfully..</xmp></pre>'}, {'id': 40, 'scriptlog': '<span class="badge badge-Light">INFO</span>: <b>pace.neapi.operations</b>: 209:<pre class="text-justify"><xmp><-------- Iteration 0--------------></xmp></pre>'}, {'id': 41, 'scriptlog': '<span class="badge badge-Light">INFO</span>: <b>pace.sessions.cli</b>: 67:<pre class="text-justify"><xmp>Entered: show sw-management software-load-installable</xmp></pre>'}, {'id': 42, 'scriptlog': '<span class="badge badge-Light">INFO</span>: <b>pace.sessions.cli</b>: 98:<pre class="text-justify"><xmp>CLi responde Received: show sw-management software-load-installable\r\r\n  \x1b[1;4msoftware-load-installable\x1b[0m                         \r\r\n  \x1b[1;4msw-component-installable/chm6-F1.0-Main.tar.gz\x1b[0m    \r\r\n  \x1b[1;4msw-component-installable/xmm4-F1.0-Main.tar.gz\x1b[0m    \r\r\n  swload-version                                              \'R1.0.0\' \r\r\n  swload-manifest                                             \'ThanOS-F1.0-Main-nightly-2020.06.25_23_10.manifest\' \r\r\n  swload-prepared                                             true \r\r\n  swload-status                                               apply-complete \r\r\n  swload-information                                          \'2020-06-26 10:29:32:APPLY IN PROGRESS\r\r\n                                                              2020-06-26 10:29:41:APPLY COMPLETE\' \r\r\n  swload-vendor                                               \'Infinera\' \r\r\n  swload-product                                              \'ThanOS\' \r\r\n  swload-label                                                \'ThanOS-F1.0-Main-nightly-2020.06.25_23_10\' \r\r\n[ ne ]\r\r\nroot@THANOS> </xmp></pre>'}, {'id': 43, 'scriptlog': '<span class="badge badge-Light">INFO</span>: <b>pace.sessions.cli</b>: 100:<pre class="text-justify"><xmp>After Removing ANSIescapeSquence=show sw-management software-load-installable\r\r\n  software-load-installable                         \r\r\n  sw-component-installable/chm6-F1.0-Main.tar.gz    \r\r\n  sw-component-installable/xmm4-F1.0-Main.tar.gz    \r\r\n  swload-version                                              \'R1.0.0\' \r\r\n  swload-manifest                                             \'ThanOS-F1.0-Main-nightly-2020.06.25_23_10.manifest\' \r\r\n  swload-prepared                                             true \r\r\n  swload-status                                               apply-complete \r\r\n  swload-information                                          \'2020-06-26 10:29:32:APPLY IN PROGRESS\r\r\n                                                              2020-06-26 10:29:41:APPLY COMPLETE\' \r\r\n  swload-vendor                                               \'Infinera\' \r\r\n  swload-product                                              \'ThanOS\' \r\r\n  swload-label                                                \'ThanOS-F1.0-Main-nightly-2020.06.25_23_10\' \r\r\n[ ne ]\r\r\nroot@THANOS> </xmp></pre>'}, {'id': 44, 'scriptlog': '<span class="badge badge-Light">INFO</span>: <b>pace.neapi.operations</b>: 212:<pre class="text-justify"><xmp>Pre Upgrade completed.. Image is ready for activation..</xmp></pre>'}, {'id': 45, 'scriptlog': '<span class="badge badge-Light">INFO</span>: <b>pace.sessions.cli</b>: 67:<pre class="text-justify"><xmp>Entered: activate-file swimage label=ThanOS-F1.0-Main-nightly-2020.06.25_23_10.manifest -f</xmp></pre>'}, {'id': 46, 'scriptlog': '<span class="badge badge-Light">INFO</span>: <b>pace.sessions.cli</b>: 98:<pre class="text-justify"><xmp>CLi responde Received: activate-file swimage label=ThanOS-F1.0-Main-nightly-2020.06.25_23_10.manifest -f\r\r\nSoftware Activation Initiated\r\r\n</xmp></pre>'}, {'id': 47, 'scriptlog': '<span class="badge badge-Light">INFO</span>: <b>pace.sessions.cli</b>: 100:<pre class="text-justify"><xmp>After Removing ANSIescapeSquence=activate-file swimage label=ThanOS-F1.0-Main-nightly-2020.06.25_23_10.manifest -f\r\r\nSoftware Activation Initiated\r\r\n</xmp></pre>'}, {'id': 48, 'scriptlog': '<span class="badge badge-Light">INFO</span>: <b>pace.neapi.operations</b>: 264:<pre class="text-justify"><xmp>Activate command initiated... Sleeping for 1020 seconds..</xmp></pre>'}, {'id': 49, 'scriptlog': '<span class="badge badge-Light">INFO</span>: <b>pace.sessions.ssh</b>: 114:<pre class="text-justify"><xmp>Entered: virsh console PaceSanity_cc1 --force</xmp></pre>'}, {'id': 50, 'scriptlog': '<span class="badge badge-Light">INFO</span>: <b>pace.sessions.ssh</b>: 132:<pre class="text-justify"><xmp>After Removing ANSIescapeSquence=\r\nLogin timed ou\r\r\nOpen Network Linux OS ONL-thanos_master, 2020-05-29.07:09-c6c7b5b\r\n\r\nlocalhost login:
[ 1177.914452] EXT4-fs (sda4): mounted filesystem with ordered data mode. Opts: (null)\r\n[ 1249.373834] EXT4-fs (sda2): mounted filesystem with ordered data mode. Opts: (null)\r\n         Stopping Network Time Service...\r\n         Stopping fmManager.service...\r\n         Stopping dhcp_server.service...\r\n         Stopping watchdog daemon...\r\n         Stopping pal.service...\r\n         Stopping infroutingmanager.service...\r\n         Unmounting RPC Pipe File System...\r\n[  OK  ] Stopped target RPC Port Mapper.\r\n         Stopping l1serviceManager.service...\r\n         Stopping telemetryAgent.service...\r\n         Stopping mf.service...\r\n         Stopping Platform Control Plane process...\r\n         Stopping dbgagent.service...\r\n         Stopping webgui.service...\r\n         Stopping usm.service...\r\n         Stopping fts.service...\r\n         Stopping swmd.service...\r\n         Stopping dbgmgr.service...\r\n         Stopping eqm.service...\r\n         Stopping sda.service...\r\n[  OK  ] Stopped target Graphical Interface.\r\n         Stopping pmAgent.service...\r\n         Stopping pmManager.service...\r\n         Stopping key_management.service...\r\n[  OK  ] Stopped target Timers.\r\n[  OK  ] Stopped Daily rotation of log files.\r\n[  OK  ] Stopped Daily Cleanup of Temporary Directories.\r\n[  OK  ] Stopped Daily apt upgrade and clean activities.\r\n[  OK  ] Stopped Daily apt download activities.\r\n[  OK  ] Stopped target System Time Synchronized.\r\n         Stopping ntpd_conf.service...\r\n         Stopping syslogConfigurationManager.service...\r\n         Stopping telemetryManager.service...\r\n         Stopping shm.service...\r\n[  OK  ] Stopped webgui.service.\r\n[  OK  ] Stopped Network Time Service.\r\n[  OK  ] Stopped usm.service.\r\n[  OK  ] Stopped swmd.service.\r\n[  OK  ] Unmounted RPC Pipe File System.\r\n[  OK  ] Stopped watchdog daemon.\r\n[  OK  ] Stopped infroutingmanager.service.\r\n         Stopping sal.service...\r\n         Stopping routingstack.service...\r\n[  OK  ] Stopped routingstack.service.\r\n[  OK  ] Stopped sda.service.\r\n[  OK  ] Stopped Platform Control Plane process.\r\n[  OK  ] Stopped dbgagent.service.\r\n[  OK  ] Stopped ntpd_conf.service.\r\n[  OK  ] Stopped key_management.service.\r\n[  OK  ] Stopped target Multi-User System.\r\n[  OK  ] Stopped Resets System Activity Data Collector.\r\n         Stopping Internet superserver...\r\n[  OK  ] Stopped target Login Prompts.\r\n         Stopping Getty on tty4...\r\n         Stoppin         Stopping Serial Getty on ttyS0...\r\n         Stopping Getty on tty3...\r\n         Stopping Getty on tty2...\r\n         Stopping Getty on tty6...\r\n         Stopping Getty on tty5...\r\n[  OK  ] Stopped getty on tty2-tty6 and logind are not available.\r\n         Stopping ztpagent.service...\r\n         Stopping System Logger Daemon...\r\n         Stopping Self Monitoring ag Technology (SMART) Daemon...\r\n         Stopping LTTng session daemon...\r\n         Stopping OpenBSD Secure Shell server...\r\n         Stopping auto_run_script.service...\r\n         Stopping A high performanc and a reverse proxy server...\r\n[  OK  ] Stopped Initialize hardware monitoring sensors.\r\n         Stopping soad.service...\r\n[  OK  ] Stopped LTTng session daemon.\r\n[  OK  ] Stopped Self Monitoring aning Technology (SMART) Daemon.\r\n[  OK  ] Stopped Internet superserver.\r\n[  OK  ] Stopped Getty on tty3.\r\n[  OK  ] Stopped Getty on tty2.\r\n[  OK  ] Stopped Getty on tty1.\r\n[  OK  ] Stopped Getty on tty6.\r\n[  OK  ] Stopped Getty on tty5.\r\n[  OK  ] Stopped Getty on tty4.\r\n[  OK  ] Stopped OpenBSD Secure Shell server.\r\n[  OK  ] Stopped soad.service.\r\n[  OK  ] Stopped Serial Getty on ttyS0.\r\n[  OK  ] Stopped auto_run_script.service.\r\n[  OK  ] Stopped shm.service.\r\n[  OK  ] Stopped dbgmgr.service.\r\n[  OK  ] Stopped fts.service.\r\n[  OK  ] Stopped pmManager.service.\r\n[  OK  ] Stopped telemetryManager.service.\r\n[  OK  ] Stopped eqm.service.\r\n[  OK  ] Stopped dhcp_server.service.\r\n[  OK  ] Stopped fmManager.service.\r\n[  OK  ] Stopped mf.service.\r\n[  OK  ] Stopped l1serviceManager.service.\r\n[  OK  ] Stopped pal.service.\r\n[  OK  ] Stopped telemetryAgent.service.\r\n[  OK  ] Stopped syslogConfigurationManager.service.\r\n[  OK  ] Stopped pmAgent.service.\r\n[  OK  ] Stopped ztpagent.service.\r\n         Stopping ztp.service...\r\n         Stopping dbf.service...\r\n         Stopping LSB: Brings up/down network automatically...\r\n         Stopping LSB: disk temperature monitoring daemon...\r\n         Stopping pre_installed_pkg.service...\r\n[  OK  ] Removed slice system-serial\\x2dgetty.slice.\r\n[  OK  ] Removed slice system-getty.slice.\r\n         Stopping Permit User Sessions...\r\n[  OK  ] Stopped ztp.service.\r\n         Stopping dhcp.service...\r\n[  OK  ] Stopped dhcp.service.\r\n[  OK  ] Stopped dbf.service.\r\n         Stopping dbm.service...\r\n[  OK  ] Stopped dbm.service.\r\n[  OK  ] Stopped Permit User Sessions.\r\n[  OK  ] Stopped pre_installed_pkg.service.\r\n[  OK  ] Stopped LSB: disk temperature monitoring daemon.\r\n[  OK  ] Stopped target Remote File Systems.\r\n[  OK  ] Stopped target Remote File Systems (Pre).\r\n[  OK  ] Stopped target NFS client services.\r\n[  OK  ] Stopped System Logger Daemon.\r\n[  OK  ] Stopped LSB: Brings up/down network automatically.\r\n[  OK  ] Stopped target Network is Online.\r\n[  OK  ] Stopped A high performanceer and a reverse proxy server.\r\n[  OK  ] Stopped sal.service.\r\n         Stopping pcid.sim.service...\r\n[  OK  ] Stopped pcid.sim.service.\r\n[  OK  ] Stopped target Network.\r\n         Stopping Raise network interfaces...\r\n[  OK  ] Stopped target Basic System.\r\n[  OK  ] Stopped target Slices.\r\n[  OK  ] Stopped target Sockets.\r\n[  OK  ] Stopped target Paths.\r\n[  OK  ] Stopped target System Initialization.\r\n[  OK  ] Stopped target Local Encrypted Volumes.\r\n[  OK  ] Stopped Dispatch Password ts to Console Directory Watch.\r\n[  OK  ] Stopped Forward Password Ruests to Wall Directory Watch.\r\n         Stopping Load/Save Random Seed...\r\n         Stopping Update UTMP about System Boot/Shutdown...\r\n[  OK  ] Stopped Raise network interfaces.\r\n[  OK  ] Stopped Apply Kernel Variables.\r\n[  OK  ] Stopped Load Kernel Modules.\r\n[  OK  ] Stopped Load/Save Random Seed.\r\n[  OK  ] Stopped Update UTMP about System Boot/Shutdown.\r\n[  OK  ] Stopped Create Volatile Files and Directories.\r\n[  OK  ] Stopped target Local File Systems.\r\n         Unmounting /root...\r\n         Unmounting /var/ilxd/db...\r\n         Unmounting /var/ilxd/info...\r\n[  OK  ] Unmounted /var/ilxd/info.\r\n[  OK  ] Stopped target Swap.\r\n[  OK  ] Unmounted /var/ilxd/db.\r\n         Unmounting /var/ilxd...\r\n[FAILED] Failed unmounting /var/ilxd.\r\n[  OK  ] Stopped File System Check /dev/disk/by-label/ONL-CONFIG.\r\n[  OK  ] Unmounted /root.\r\n[  OK  ] Reached target Unmount All Filesystems.\r\n[  OK  ] Stopped File System Check /dev/disk/by-label/ONL-IMAGES.\r\n[  OK  ] Removed slice system-systemd\\x2dfsck.slice.\r\n[  OK  ] Stopped target Local File Systems (Pre).\r\n[  OK  ] Stopped Create Static Device Nodes in /dev.\r\n[  OK  ] Stopped Create System Users.\r\n[  OK  ] Stopped Remount Root and Kernel File Systems.\r\n[  OK  ] Stopped File System Check on Root Device.\r\n[  OK  ] Reached target Shutdown.\r\n[  OK  ] Reached target Final Step.\r\n[  OK  ] Started Reboot.\r\n[  OK  ] Reached target Reboot.\r\n[ 1260.837247] watchdog: watchdog0: watchdog did not stop!\r\n[ 1260.842038] systemd-shutdow: 55 output lines suppressed due to ratelimiting\r\n[ 1260.861401] systemd-shutdown[1]: Syncing filesystems and block devices.\r\n[ 1260.879806] systemd-shutdown[1]: Sending SIGTERM to remaining processes...\r\n[ 1260.883906] systemd-journald[1512]: Received SIGTERM from PID 1 (systemd-shutdow).\r\n[ 1260.928491] systemd-shutdown[1]: Sending SIGKILL to remaining processes...\r\n[ 1260.933586] systemd-shutdown[1]: Hardware watchdog \'iTCO_wdt\', version 0\r\n[ 1260.937503] systemd-shutdown[1]: Unmounting file systems.\r\n[ 1260.941010] [19887]: Remounting \'/var/ilxd\' read-only in with options \'(null)\'.\r\n[ 1260.944459] [19887]: Failed to remount \'/var/ilxd\' read-only: Device or resource busy\r\n[ 1260.949012] [19888]: Unmounting \'/var/ilxd\'.\r\n[ 1260.951234] [19888]: Failed to unmount /var/ilxd: Device or resource busy\r\n[ 1260.955083] [19889]: Remounting \'/\' read-only in with options \'(null)\'.\r\n[ 1260.962134] EXT4-fs (sda3): re-mounted. Opts: (null)\r\n[ 1260.964162] systemd-shutdown[1]: Not all file systems unmounted, 1 left.\r\n[ 1260.966509] systemd-shutdown[1]: Deactivating swaps.\r\n[ 1260.968419] systemd-shutdown[1]: All swaps deactivated.\r\n[ 1260.970304] systemd-shutdown[1]: Detaching loop devices.\r\n[ 1260.972428] systemd-shutdown[1]: Detaching loopback /dev/loop0.\r\n[ 1261.041870] [19895]: Remounting \'/var/ilxd\' read-only in with options \'(null)\'.\r\n[ 1261.048116] EXT4-fs (sda5): re-mounted. Opts: (null)\r\n[ 1261.051987] [19896]: Unmounting \'/var/ilxd\'.\r\n[ 1261.079839] sd 0:0:0:0: [sda] Synchronizing SCSI cache\r\n[ 1261.466314] reboot: Restarting system\r\n[ 1261.468532] reboot: machine restart\r\nGNU GRUB  version 2.02+dfsg1-20\n\r\n\r+----------------------------------------------------------------------------+||||||||||||||||||||||||+----------------------------------------------------------------------------+     Use the ^ and v keys to select which entry is highlighted.          \n\r      Press enter to boot the selected OS, `e\' to edit the commands       \n\r      before booting or `c\' for a command-line.                            *NextGenOS Active                                                            NextGenOS Backup                                                            ONIE                                                                                                                                                                                                                                                                                                                                                                                                                                                                                                                                                                                                                                                                                                                                                                                       The highlighted entry will be executed automatically in 5s.                    The highlighted entry will be executed automatically in 4s.                    The highlighted entry will be executed automatically in 3s.                    The highlighted entry will be executed automatically in 2s.                    The highlighted entry will be executed automatically in 1s.                    The highlighted entry will be executed automatically in 0s.                 Loading NextGenOs active image ...\n\r[    0.000000] Linux version 4.19.81-OpenNetworkLinux-thanos (root@in-thanos-qa3) (gcc version 8.3.0 (Debian 8.3.0-6)) #1 SMP Tue May 19 10:10:46 UTC 2020\r\n[    0.000000] Command line: BOOT_IMAGE=/boot/bzImage root=/dev/sda4 console=tty0 console=ttyS0,115200n8 GIBSON_TYPE=OS net.ifnames=0 fsck.repair=yes\r\n[    0.000000] x86/fpu: Supporting XSAVE feature 0x001: \'x87 floating point registers\'\r\n[    0.000000] x86/fpu: Supporting XSAVE feature 0x002: \'SSE registers\'\r\n[    0.000000] x86/fpu: Supporting XSAVE feature 0x004: \'AVX registers\'\r\n[    0.000000] x86/fpu: xstate_offset[2]:  576, xstate_sizes[2]:  256\r\n[    0.000000] x86/fpu: Enabled xstate features 0x7, context size is 832 bytes, using \'standard\' format.\r\n[    0.000000] BIOS-provided physical RAM map:\r\n[    0.000000] BIOS-e820: [mem 0x0000000000000000-0x000000000009fbff] usable\r\n[    0.000000] BIOS-e820: [mem 0x000000000009fc00-0x000000000009ffff] reserved\r\n[    0.000000] BIOS-e820: [mem 0x00000000000f0000-0x00000000000fffff] reserved\r\n[    0.000000] BIOS-e820: [mem 0x0000000000100000-0x000000007ffddfff] usable\r\n[    0.000000] BIOS-e820: [mem 0x000000007ffde000-0x000000007fffffff] reserved\r\n[    0.000000] BIOS-e820: [mem 0x00000000b0000000-0x00000000bfffffff] reserved\r\n[    0.000000] BIOS-e820: [mem 0x00000000fed1c000-0x00000000fed1ffff] reserved\r\n[    0.000000] BIOS-e820: [mem 0x00000000feffc000-0x00000000feffffff] reserved\r\n[    0.000000] BIOS-e820: [mem 0x00000000fffc0000-0x00000000ffffffff] reserved\r\n[    0.000000] BIOS-e820: [mem 0x0000000100000000-0x000000017fffffff] usable\r\n[    0.000000] NX (Execute Disable) protection: active\r\n[    0.000000] SMBIOS 2.8 present.\r\n[    0.000000] DMI: QEMU Standard PC (Q35 + ICH9, 2009), BIOS 1.12.0-1 04/01/2014\r\n[    0.000000] tsc: Fast TSC calibration using PIT\r\n[    0.000000] tsc: Detected 2397.402 MHz processor\r\n[    0.000597] last_pfn = 0x180000 max_arch_pfn = 0x400000000\r\n[    0.000628] x86/PAT: Configuration [0-7]: WB  WC  UC- UC  WB  WP  UC- WT  \r\n[    0.000634] last_pfn = 0x7ffde max_arch_pfn = 0x400000000\r\n[    0.006333] found SMP MP-table at [mem 0x000f5a80-0x000f5a8f]\r\n[    0.006351] Scanning 1 areas for low memory corruption\r\n[    0.006374] Using GB pages for direct mapping\r\n[    0.006512] ACPI: Early table checksum verification disabled\r\n[    0.006558] ACPI: RSDP 0x00000000000F5860 000014 (v00 BOCHS )\r\n[    0.006564] ACPI: RSDT 0x000000007FFE2092 000030 (v01 BOCHS  BXPCRSDT 00000001 BXPC 00000001)\r\n[    0.006570] ACPI: FACP 0x000000007FFE1EE2 0000F4 (v03 BOCHS  BXPCFACP 00000001 BXPC 00000001)\r\n[    0.006575] ACPI: DSDT 0x000000007FFE0040 001EA2 (v01 BOCHS  BXPCDSDT 00000001 BXPC 00000001)\r\n[    0.006578] ACPI: FACS 0x000000007FFE0000 000040\r\n[    0.006580] ACPI: APIC 0x000000007FFE1FD6 000080 (v01 BOCHS  BXPCAPIC 00000001 BXPC 00000001)\r\n[    0.006583] ACPI: MCFG 0x000000007FFE2056 00003C (v01 BOCHS  BXPCMCFG 00000001 BXPC 00000001)\r\n[    0.006632] Zone ranges:\r\n[    0.006633]   DMA      [mem 0x0000000000001000-0x0000000000ffffff]\r\n[    0.006634]   DMA32    [mem 0x0000000001000000-0x00000000ffffffff]\r\n[    0.006635]   Normal   [mem 0x0000000100000000-0x000000017fffffff]\r\n[    0.006636] Movable zone start for each node\r\n[    0.006636] Early memory node ranges\r\n[    0.006637]   node   0: [mem 0x0000000000001000-0x000000000009efff]\r\n[    0.006638]   node   0: [mem 0x0000000000100000-0x000000007ffddfff]\r\n[    0.006638]   node   0: [mem 0x0000000100000000-0x000000017fffffff]\r\n[    0.006646] Reserved but unavailable: 98 pages\r\n[    0.006647] Initmem setup node 0 [mem 0x0000000000001000-0x000000017fffffff]\r\n[    0.027596] ACPI: PM-Timer IO Port: 0x608\r\n[    0.027610] ACPI: LAPIC_NMI (acpi_id[0xff] dfl dfl lint[0x1])\r\n[    0.027657] IOAPIC[0]: apic_id 0, version 17, address 0xfec00000, GSI 0-23\r\n[    0.027660] ACPI: INT_SRC_OVR (bus 0 bus_irq 0 global_irq 2 dfl dfl)\r\n[    0.027662] ACPI: INT_SRC_OVR (bus 0 bus_irq 5 global_irq 5 high level)\r\n[    0.027662] ACPI: INT_SRC_OVR (bus 0 bus_irq 9 global_irq 9 high level)\r\n[    0.027668] ACPI: INT_SRC_OVR (bus 0 bus_irq 10 global_irq 10 high level)\r\n[    0.027668] ACPI: INT_SRC_OVR (bus 0 bus_irq 11 global_irq 11 high level)\r\n[    0.027673] Using ACPI (MADT) for SMP configuration information\r\n[    0.027676] smpboot: Allowing 2 CPUs, 0 hotplug CPUs\r\n[    0.027690] [mem 0xc0000000-0xfed1bfff] available for PCI devices\r\n[    0.027693] clocksource: refined-jiffies: mask: 0xffffffff max_cycles: 0xffffffff, max_idle_ns: 7645519600211568 ns\r\n[    0.133467] setup_percpu: NR_CPUS:64 nr_cpumask_bits:64 nr_cpu_ids:2 nr_node_ids:1\r\n[    0.133870] percpu: Embedded 43 pages/cpu s136664 r8192 d31272 u1048576\r\n[    0.133891] Built 1 zonelists, mobility grouping on.  Total pages: 1032039\r\n[    0.133893] Kernel command line: BOOT_IMAGE=/boot/bzImage root=/dev/sda4 console=tty0 console=ttyS0,115200n8 GIBSON_TYPE=OS net.ifnames=0 fsck.repair=yes\r\n[    0.134707] Dentry cache hash table entries: 524288 (order: 10, 4194304 bytes)\r\n[    0.135068] Inode-cache hash table entries: 262144 (order: 9, 2097152 bytes)\r\n[    0.157439] Memory: 4026928K/4193776K available (14348K kernel code, 1379K rwdata, 3552K rodata, 1176K init, 708K bss, 166848K reserved, 0K cma-reserved)\r\n[    0.157491] SLUB: HWalign=64, Order=0-3, MinObjects=0, CPUs=2, Nodes=1\r\n[    0.157493] Kernel/User page tables isolation: enabled\r\n[    0.157599] rcu: Hierarchical RCU implementation.\r\n[    0.157599] rcu: \tRCU event tracing is enabled.\r\n[    0.157600] rcu: \tRCU dyntick-idle grace-period acceleration is enabled.\r\n[    0.157601] rcu: \tRCU restricting CPUs from NR_CPUS=64 to nr_cpu_ids=2.\r\n[    0.157602] rcu: Adjusting geometry for rcu_fanout_leaf=16, nr_cpu_ids=2\r\n[    0.157703] NR_IRQS: 4352, nr_irqs: 440, preallocated irqs: 16\r\n[    0.159633] Console: colour VGA+ 80x25\r\n[    0.171827] console [tty0] enabled\r\n[    0.262001] console [ttyS0] enabled\r\n[    0.262791] ACPI: Core revision 20180810\r\n[    0.263747] APIC: Switch to symmetric I/O mode setup\r\n[    0.265036] x2apic: IRQ remapping doesn\'t support X2APIC mode\r\n[    0.267542] ..TIMER: vector=0x30 apic1=0 pin1=2 apic2=-1 pin2=-1\r\n[    0.287753] clocksource: tsc-early: mask: 0xffffffffffffffff max_cycles: 0x228ea126df1, max_idle_ns: 440795204676 ns\r\n[    0.289807] Calibrating delay loop (skipped), value calculated using timer frequency.. 4794.80 BogoMIPS (lpj=9589608)\r\n[    0.293796] pid_max: default: 32768 minimum: 301\r\n[    0.294792] Security Framework initialized\r\n[    0.295755] Mount-cache hash table entries: 8192 (order: 4, 65536 bytes)\r\n[    0.297176] Mountpoint-cache hash table entries: 8192 (order: 4, 65536 bytes)\r\n[    0.298061] Last level iTLB entries: 4KB 0, 2MB 0, 4MB 0\r\n[    0.299174] Last level dTLB entries: 4KB 0, 2MB 0, 4MB 0, 1GB 0\r\n[    0.300392] Spectre V1 : Mitigation: usercopy/swapgs barriers and __user pointer sanitization\r\n[    0.301796] Spectre V2 : Mitigation: Full generic retpoline\r\n[    0.302930] Spectre V2 : Spectre v2 / SpectreRSB mitigation: Filling RSB on context switch\r\n[    0.305795] Speculative Store Bypass: Vulnerable\r\n[    0.306814] MDS: Vulnerable: Clear CPU buffers attempted, no microcode\r\n[    0.308407] Freeing SMP alternatives memory: 48K\r\n[    0.309513] smpboot: CPU0: Intel Core Processor (Haswell, no TSX) (family: 0x6, model: 0x3c, stepping: 0x1)\r\n[    0.309794] Performance Events: unsupported p6 CPU model 60 no PMU driver, software events only.\r\n[    0.309794] rcu: Hierarchical SRCU implementation.\r\n[    0.309878] NMI watchdog: Perf NMI watchdog permanently disabled\r\n[    0.311143] smp: Bringing up secondary CPUs ...\r\n[    0.312248] x86: Booting SMP configuration:\r\n[    0.313145] .... node  #0, CPUs:      #1\r\n[    0.393808] smp: Brought up 1 node, 2 CPUs\r\n[    0.395630] smpboot: Max logical packages: 2\r\n[    0.396595] ----------------\r\n[    0.397293] | NMI testsuite:\r\n[    0.397798] --------------------\r\n[    0.398592]   remote IPI:  ok  |\r\n[    0.399404]    local IPI:  ok  |\r\n[    0.400194] --------------------\r\n[    0.400981] Good, all   2 testcases passed! |\r\n[    0.401797] ---------------------------------\r\n[    0.402800] smpboot: Total of 2 processors activated (9643.03 BogoMIPS)\r\n[    0.404421] devtmpfs: initialized\r\n[    0.404421] x86/mm: Memory block size: 128MB\r\n[    0.406093] random: get_random_bytes called from setup_net+0x33/0x190 with crng_init=0\r\n[    0.407544] clocksource: jiffies: mask: 0xffffffff max_cycles: 0xffffffff, max_idle_ns: 7645041785100000 ns\r\n[    0.409839] futex hash table entries: 512 (order: 3, 32768 bytes)\r\n[    0.409839] kworker/u4:0 (23) used greatest stack depth: 14792 bytes left\r\n[    0.411200] xor: automatically using best checksumming function   avx       \r\n[    0.413799] pinctrl core: initialized pinctrl subsystem\r\n[    0.415624] NET: Registered protocol family 16\r\n[    0.416764] audit: initializing netlink subsys (disabled)\r\n[    0.417819] audit: type=2000 audit(1593167538.152:1): state=initialized audit_enabled=0 res=1\r\n[    0.417899] cpuidle: using governor ladder\r\n[    0.418878] cpuidle: using governor menu\r\n[    0.421857] ACPI: bus type PCI registered\r\n[    0.422882] PCI: MMCONFIG for domain 0000 [bus 00-ff] at [mem 0xb0000000-0xbfffffff] (base 0xb0000000)\r\n[    0.424787] PCI: MMCONFIG at [mem 0xb0000000-0xbfffffff] reserved in E820\r\n[    0.425807] PCI: Using configuration type 1 for base access\r\n[    0.427590] kworker/u4:0 (166) used greatest stack depth: 14344 bytes left\r\n[    0.432426] HugeTLB registered 1.00 GiB page size, pre-allocated 0 pages\r\n[    0.433799] HugeTLB registered 2.00 MiB page size, pre-allocated 0 pages\r\n[    0.435298] cryptd: max_cpu_qlen set to 1000\r\n[    0.501798] raid6: sse2x1   gen() 11322 MB/s\r\n[    0.569797] raid6: sse2x1   xor()  7997 MB/s\r\n[    0.641799] raid6: sse2x2   gen() 13212 MB/s\r\n[    0.709798] raid6: sse2x2   xor()  8774 MB/s\r\n[    0.777798] raid6: sse2x4   gen() 15654 MB/s\r\n[    0.845797] raid6: sse2x4   xor()  9718 MB/s\r\n[    0.913796] raid6: avx2x1   gen() 22432 MB/s\r\n[    0.981800] raid6: avx2x1   xor() 15125 MB/s\r\n[    1.049798] raid6: avx2x2   gen() 25435 MB/s\r\n[    1.117797] raid6: avx2x2   xor() 16030 MB/s\r\n[    1.185798] raid6: avx2x4   gen() 29792 MB/s\r\n[    1.253797] raid6: avx2x4   xor() 18208 MB/s\r\n[    1.254793] raid6: using algorithm avx2x4 gen() 29792 MB/s\r\n[    1.255990] raid6: .... xor() 18208 MB/s, rmw enabled\r\n[    1.257164] raid6: using avx2x2 recovery algorithm\r\n[    1.257913] ACPI: Added _OSI(Module Device)\r\n[    1.260257] ACPI: Added _OSI(Processor Device)\r\n[    1.261840] ACPI: Added _OSI(3.0 _SCP Extensions)\r\n[    1.261840] ACPI: Added _OSI(Processor Aggregator Device)\r\n[    1.265872] ACPI: Added _OSI(Linux-Dell-Video)\r\n[    1.265872] ACPI: Added _OSI(Linux-Lenovo-NV-HDMI-Audio)\r\n[    1.271078] ACPI: 1 ACPI AML tables successfully acquired and loaded\r\n[    1.274783] ACPI: Interpreter enabled\r\n[    1.275849] ACPI: (supports S0 S5)\r\n[    1.276667] ACPI: Using IOAPIC for interrupt routing\r\n[    1.277823] PCI: Using host bridge windows from ACPI; if necessary, use "pci=nocrs" and report a bug\r\n[    1.279994] ACPI: Enabled 1 GPEs in block 00 to 3F\r\n[    1.282599] ACPI: PCI Root Bridge [PCI0] (domain 0000 [bus 00-ff])\r\n[    1.283947] acpi PNP0A08:00: _OSC: OS supports [ExtendedConfig ASPM ClockPM Segments MSI]\r\n[    1.285802] acpi PNP0A08:00: _OSC: platform does not support [LTR]\r\n[    1.285839] acpi PNP0A08:00: _OSC: OS now controls [PCIeHotplug SHPCHotplug PME AER PCIeCapability]\r\n[    1.289801] PCI host bridge to bus 0000:00\r\n[    1.289801] pci_bus 0000:00: root bus resource [io  0x0000-0x0cf7 window]\r\n[    1.289801] pci_bus 0000:00: root bus resource [io  0x0d00-0xffff window]\r\n[    1.291258] pci_bus 0000:00: root bus resource [mem 0x000a0000-0x000bffff window]\r\n[    1.292916] pci_bus 0000:00: root bus resource [mem 0xc0000000-0xfebfffff window]\r\n[    1.293799] pci_bus 0000:00: root bus resource [mem 0x180000000-0x97fffffff window]\r\n[    1.295574] pci_bus 0000:00: root bus resource [bus 00-ff]\r\n[    1.346769] pci 0000:00:1f.0: quirk: [io  0x0600-0x067f] claimed by ICH6 ACPI/GPIO/TCO\r\n[    1.454803] pci 0000:00:01.0: PCI bridge to [bus 01]\r\n[    1.461826] pci 0000:00:01.1: PCI bridge to [bus 02]\r\n[    1.473821] pci 0000:00:01.2: PCI bridge to [bus 03]\r\n[    1.477803] pci 0000:00:01.3: PCI bridge to [bus 04]\r\n[    1.482883] pci 0000:00:01.4: PCI bridge to [bus 05]\r\n[    1.493815] pci 0000:00:01.5: PCI bridge to [bus 06]\r\n[    1.493850] pci 0000:00:01.6: PCI bridge to [bus 07]\r\n[    1.503765] ACPI: PCI Interrupt Link [LNKA] (IRQs 5 *10 11)\r\n[    1.505059] ACPI: PCI Interrupt Link [LNKB] (IRQs 5 *10 11)\r\n[    1.505869] ACPI: PCI Interrupt Link [LNKC] (IRQs 5 10 *11)\r\n[    1.507149] ACPI: PCI Interrupt Link [LNKD] (IRQs 5 10 *11)\r\n[    1.508426] ACPI: PCI Interrupt Link [LNKE] (IRQs 5 *10 11)\r\n[    1.509747] ACPI: PCI Interrupt Link [LNKF] (IRQs 5 *10 11)\r\n[    1.509866] ACPI: PCI Interrupt Link [LNKG] (IRQs 5 10 *11)\r\n[    1.511146] ACPI: PCI Interrupt Link [LNKH] (IRQs 5 10 *11)\r\n[    1.512433] ACPI: PCI Interrupt Link [GSIA] (IRQs *16)\r\n[    1.513566] ACPI: PCI Interrupt Link [GSIB] (IRQs *17)\r\n[    1.513804] ACPI: PCI Interrupt Link [GSIC] (IRQs *18)\r\n[    1.514983] ACPI: PCI Interrupt Link [GSID] (IRQs *19)\r\n[    1.516158] ACPI: PCI Interrupt Link [GSIE] (IRQs *20)\r\n[    1.517299] ACPI: PCI Interrupt Link [GSIF] (IRQs *21)\r\n[    1.517804] ACPI: PCI Interrupt Link [GSIG] (IRQs *22)\r\n[    1.518967] ACPI: PCI Interrupt Link [GSIH] (IRQs *23)\r\n[    1.521898] SCSI subsystem initialized\r\n[    1.521987] ACPI: bus type USB registered\r\n[    1.522013] usbcore: registered new interface driver usbfs\r\n[    1.525853] usbcore: registered new interface driver hub\r\n[    1.525853] usbcore: registered new device driver usb\r\n[    1.525853] pps_core: LinuxPPS API ver. 1 registered\r\n[    1.529798] pps_core: Software ver. 5.3.6 - Copyright 2005-2007 Rodolfo Giometti <giometti@linux.it>\r\n[    1.531726] PTP clock support registered\r\n[    1.532806] EDAC MC: Ver: 3.0.0\r\n[    1.534349] PCI: Using ACPI for IRQ routing\r\n[    1.605830] NetLabel: Initializing\r\n[    1.605934] NetLabel:  domain hash size = 128\r\n[    1.605934] NetLabel:  protocols = UNLABELED CIPSOv4 CALIPSO\r\n[    1.605934] NetLabel:  unlabeled traffic allowed by default\r\n[    1.609837] dcdbas dcdbas: Dell Systems Management Base Driver (version 5.6.0-3.2)\r\n[    1.611490] clocksource: Switched to clocksource tsc-early\r\n[    1.620512] VFS: Disk quotas dquot_6.6.0\r\n[    1.621489] VFS: Dquot-cache hash table entries: 512 (order 0, 4096 bytes)\r\n[    1.623017] pnp: PnP ACPI init\r\n[    1.624177] pnp: PnP ACPI: found 4 devices\r\n[    1.631384] clocksource: acpi_pm: mask: 0xffffff max_cycles: 0xffffff, max_idle_ns: 2085701024 ns\r\n[    1.640385] pci 0000:00:01.1: BAR 13: assigned [io  0x1000-0x1fff]\r\n[    1.641687] pci 0000:00:01.2: BAR 13: assigned [io  0x2000-0x2fff]\r\n[    1.642991] pci 0000:00:01.3: BAR 13: assigned [io  0x3000-0x3fff]\r\n[    1.645603] pci 0000:00:01.4: BAR 13: assigned [io  0x4000-0x4fff]\r\n[    1.646888] pci 0000:00:01.5: BAR 13: assigned [io  0x5000-0x5fff]\r\n[    1.648124] pci 0000:00:01.6: BAR 13: assigned [io  0x6000-0x6fff]\r\n[    1.649404] pci 0000:00:01.0: PCI bridge to [bus 01]\r\n[    1.650535] pci 0000:00:01.0:   bridge window [io  0xc000-0xcfff]\r\n[    1.652737] pci 0000:00:01.0:   bridge window [mem 0xfcc00000-0xfcffffff]\r\n[    1.654828] pci 0000:00:01.0:   bridge window [mem 0xfea00000-0xfebfffff 64bit pref]\r\n[    1.657707] pci 0000:00:01.1: PCI bridge to [bus 02]\r\n[    1.658806] pci 0000:00:01.1:   bridge window [io  0x1000-0x1fff]\r\n[    1.661067] pci 0000:00:01.1:   bridge window [mem 0xfda00000-0xfdbfffff]\r\n[    1.663235] pci 0000:00:01.1:   bridge window [mem 0xfe800000-0xfe9fffff 64bit pref]\r\n[    1.667602] pci 0000:00:01.2: PCI bridge to [bus 03]\r\n[    1.668664] pci 0000:00:01.2:   bridge window [io  0x2000-0x2fff]\r\n[    1.670994] pci 0000:00:01.2:   bridge window [mem 0xfd800000-0xfd9fffff]\r\n[    1.672959] pci 0000:00:01.2:   bridge window [mem 0xfe600000-0xfe7fffff 64bit pref]\r\n[    1.675792] pci 0000:00:01.3: PCI bridge to [bus 04]\r\n[    1.676838] pci 0000:00:01.3:   bridge window [io  0x3000-0x3fff]\r\n[    1.680180] pci 0000:00:01.3:   bridge window [mem 0xfd600000-0xfd7fffff]\r\n[    1.682234] pci 0000:00:01.3:   bridge window [mem 0xfe400000-0xfe5fffff 64bit pref]\r\n[    1.684955] pci 0000:00:01.4: PCI bridge to [bus 05]\r\n[    1.686088] pci 0000:00:01.4:   bridge window [io  0x4000-0x4fff]\r\n[    1.688232] pci 0000:00:01.4:   bridge window [mem 0xfd400000-0xfd5fffff]\r\n[    1.691325] pci 0000:00:01.4:   bridge window [mem 0xfe200000-0xfe3fffff 64bit pref]\r\n[    1.694090] pci 0000:00:01.5: PCI bridge to [bus 06]\r\n[    1.695152] pci 0000:00:01.5:   bridge window [io  0x5000-0x5fff]\r\n[    1.697275] pci 0000:00:01.5:   bridge window [mem 0xfd200000-0xfd3fffff]\r\n[    1.699261] pci 0000:00:01.5:   bridge window [mem 0xfe000000-0xfe1fffff 64bit pref]\r\n[    1.703264] pci 0000:00:01.6: PCI bridge to [bus 07]\r\n[    1.704312] pci 0000:00:01.6:   bridge window [io  0x6000-0x6fff]\r\n[    1.706514] pci 0000:00:01.6:   bridge window [mem 0xfd000000-0xfd1fffff]\r\n[    1.708437] pci 0000:00:01.6:   bridge window [mem 0xfde00000-0xfdffffff 64bit pref]\r\n[    1.712328] NET: Registered protocol family 2\r\n[    1.713443] tcp_listen_portaddr_hash hash table entries: 2048 (order: 3, 32768 bytes)\r\n[    1.715061] TCP established hash table entries: 32768 (order: 6, 262144 bytes)\r\n[    1.716556] TCP bind hash table entries: 32768 (order: 7, 524288 bytes)\r\n[    1.718019] TCP: Hash tables configured (established 32768 bind 32768)\r\n[    1.719442] UDP hash table entries: 2048 (order: 4, 65536 bytes)\r\n[    1.720662] UDP-Lite hash table entries: 2048 (order: 4, 65536 bytes)\r\n[    1.722157] NET: Registered protocol family 1\r\n[    1.723430] RPC: Registered named UNIX socket transport module.\r\n[    1.724731] RPC: Registered udp transport module.\r\n[    1.725843] RPC: Registered tcp transport module.\r\n[    1.726919] RPC: Registered tcp NFSv4.1 backchannel transport module.\r\n[    1.728734] PCI Interrupt Link [GSIF] enabled at IRQ 21\r\n[    1.731291] PCI-DMA: Using software bounce buffering for IO (SWIOTLB)\r\n[    1.732597] software IO TLB: mapped [mem 0x7bfde000-0x7ffde000] (64MB)\r\n[    1.734226] Machine check injector initialized\r\n[    1.735545] Scanning for low memory corruption every 60 seconds\r\n[    1.737717] workingset: timestamp_bits=46 max_order=20 bucket_order=0\r\n[    1.740275] squashfs: version 4.0 (2009/01/31) Phillip Lougher\r\n[    1.742022] NFS: Registering the id_resolver key type\r\n[    1.743123] Key type id_resolver registered\r\n[    1.744021] Key type id_legacy registered\r\n[    1.745915] NET: Registered protocol family 38\r\n[    1.746921] Block layer SCSI generic (bsg) driver version 0.4 loaded (major 248)\r\n[    1.748434] io scheduler noop registered\r\n[    1.749316] io scheduler deadline registered\r\n[    1.750451] io scheduler cfq registered (default)\r\n[    1.751561] io scheduler mq-deadline registered\r\n[    1.752588] io scheduler kyber registered\r\n[    1.767006] pcieport 0000:00:01.0: AER enabled with IRQ 24\r\n[    1.768432] pcieport 0000:00:01.1: AER enabled with IRQ 25\r\n[    1.769889] pcieport 0000:00:01.2: AER enabled with IRQ 26\r\n[    1.771339] pcieport 0000:00:01.3: AER enabled with IRQ 27\r\n[    1.772794] pcieport 0000:00:01.4: AER enabled with IRQ 28\r\n[    1.774332] pcieport 0000:00:01.5: AER enabled with IRQ 29\r\n[    1.775737] pcieport 0000:00:01.6: AER enabled with IRQ 30\r\n[    1.777055] pciehp 0000:00:01.0:pcie004: Slot #0 AttnBtn+ PwrCtrl+ MRL- AttnInd+ PwrInd+ HotPlug+ Surprise+ Interlock+ NoCompl- LLActRep-\r\n[    1.779848] pciehp 0000:00:01.1:pcie004: Slot #0 AttnBtn+ PwrCtrl+ MRL- AttnInd+ PwrInd+ HotPlug+ Surprise+ Interlock+ NoCompl- LLActRep-\r\n[    1.782655] pciehp 0000:00:01.2:pcie004: Slot #0 AttnBtn+ PwrCtrl+ MRL- AttnInd+ PwrInd+ HotPlug+ Surprise+ Interlock+ NoCompl- LLActRep-\r\n[    1.785184] pciehp 0000:00:01.3:pcie004: Slot #0 AttnBtn+ PwrCtrl+ MRL- AttnInd+ PwrInd+ HotPlug+ Surprise+ Interlock+ NoCompl- LLActRep-\r\n[    1.787769] pciehp 0000:00:01.4:pcie004: Slot #0 AttnBtn+ PwrCtrl+ MRL- AttnInd+ PwrInd+ HotPlug+ Surprise+ Interlock+ NoCompl- LLActRep-\r\n[    1.790431] pciehp 0000:00:01.5:pcie004: Slot #0 AttnBtn+ PwrCtrl+ MRL- AttnInd+ PwrInd+ HotPlug+ Surprise+ Interlock+ NoCompl- LLActRep-\r\n[    1.792982] pciehp 0000:00:01.6:pcie004: Slot #0 AttnBtn+ PwrCtrl+ MRL- AttnInd+ PwrInd+ HotPlug+ Surprise+ Interlock+ NoCompl- LLActRep-\r\n[    1.795520] cpcihp_zt5550: ZT5550 CompactPCI Hot Plug Driver version: 0.2\r\n[    1.796920] cpcihp_generic: Generic port I/O CompactPCI Hot Plug Driver version: 0.1\r\n[    1.798680] cpcihp_generic: not configured, disabling.\r\n[    1.799759] shpchp: Standard Hot Plug PCI Controller Driver version: 0.4\r\n[    1.801125] version 39.2\r\n[    1.801845] ipmi device interface\r\n[    1.802657] IPMI System Interface driver.\r\n[    1.803611] ipmi_si: Unable to find any System Interface(s)\r\n[    1.804843] IPMI SSIF Interface driver\r\n[    1.805872] IPMI Watchdog: driver initialized\r\n[    1.806842] Copyright (C) 2004 MontaVista Software - IPMI Powerdown via sys_reboot.\r\n[    1.808403] input: Power Button as /devices/LNXSYSTM:00/LNXPWRBN:00/input/input0\r\n[    1.809971] ACPI: Power Button [PWRF]\r\n[    1.816383] Serial: 8250/16550 driver, 4 ports, IRQ sharing enabled\r\n[    1.846238] 00:03: ttyS0 at I/O 0x3f8 (irq = 4, base_baud = 115200) is a 16550A\r\n[    1.856534] Non-volatile memory driver v1.3\r\n[    1.857651] AMD IOMMUv2 driver by Joerg Roedel <jroedel@suse.de>\r\n[    1.858898] AMD IOMMUv2 functionality not available on this system\r\n[    1.861780] brd: module loaded\r\n[    1.863718] loop: module loaded\r\n[    1.867018] dummy-irq: no IRQ given.  Use irq=N\r\n[    1.868180] lpc_ich 0000:00:1f.0: I/O space for GPIO uninitialized\r\n[    1.869821] PCI Interrupt Link [GSIA] enabled at IRQ 16\r\n[    1.871638] ahci 0000:00:1f.2: AHCI 0001.0000 32 slots 6 ports 1.5 Gbps 0x3f impl SATA mode\r\n[    1.873321] ahci 0000:00:1f.2: flags: 64bit ncq only \r\n[    1.875483] scsi host0: ahci\r\n[    1.876399] scsi host1: ahci\r\n[    1.877197] scsi host2: ahci\r\n[    1.878083] scsi host3: ahci\r\n[    1.878909] scsi host4: ahci\r\n[    1.879724] scsi host5: ahci\r\n[    1.880469] ata1: SATA max UDMA/133 abar m4096@0xfdc07000 port 0xfdc07100 irq 33\r\n[    1.882075] ata2: SATA max UDMA/133 abar m4096@0xfdc07000 port 0xfdc07180 irq 33\r\n[    1.883562] ata3: SATA max UDMA/133 abar m4096@0xfdc07000 port 0xfdc07200 irq 33\r\n[    1.885023] ata4: SATA max UDMA/133 abar m4096@0xfdc07000 port 0xfdc07280 irq 33\r\n[    1.886572] ata5: SATA max UDMA/133 abar m4096@0xfdc07000 port 0xfdc07300 irq 33\r\n[    1.888039] ata6: SATA max UDMA/133 abar m4096@0xfdc07000 port 0xfdc07380 irq 33\r\n[    1.890240] tun: Universal TUN/TAP device driver, 1.6\r\n[    1.892934] cnic: QLogic cnicDriver v2.5.22 (July 20, 2015)\r\n[    1.894445] bnx2x: QLogic 5771x/578xx 10/20-Gigabit Ethernet Driver bnx2x 1.712.30-0 (2014/02/10)\r\n[    1.896451] e100: Intel(R) PRO/100 Network Driver, 3.5.24-k2-NAPI\r\n[    1.897881] e100: Copyright(c) 1999-2006 Intel Corporation\r\n[    1.899145] e1000: Intel(R) PRO/1000 Network Driver - version 7.3.21-k8-NAPI\r\n[    1.900692] e1000: Copyright (c) 1999-2006 Intel Corporation.\r\n[    2.206210] ata1: SATA link up 1.5 Gbps (SStatus 113 SControl 300)\r\n[    2.210035] ata6: SATA link down (SStatus 0 SControl 300)\r\n[    2.213435] ata4: SATA link down (SStatus 0 SControl 300)\r\n[    2.216813] ata3: SATA link down (SStatus 0 SControl 300)\r\n[    2.220192] ata5: SATA link down (SStatus 0 SControl 300)\r\n[    2.222440] ata2: SATA link up 1.5 Gbps (SStatus 113 SControl 300)\r\n[    2.223854] ata1.00: ATA-7: QEMU HARDDISK, 2.5+, max UDMA/100\r\n[    2.225186] ata1.00: 73714894 sectors, multi 16: LBA48 NCQ (depth 32)\r\n[    2.226607] ata1.00: applying bridge limits\r\n[    2.227633] ata2.00: ATAPI: QEMU DVD-ROM, 2.5+, max UDMA/100\r\n[    2.228936] ata2.00: applying bridge limits\r\n[    2.230114] ata2.00: configured for UDMA/100\r\n[    2.231360] ata1.00: configured for UDMA/100\r\n[    2.232468] scsi 0:0:0:0: Direct-Access     ATA      QEMU HARDDISK    2.5+ PQ: 0 ANSI: 5\r\n[    2.234388] sd 0:0:0:0: [sda] 73714894 512-byte logical blocks: (37.7 GB/35.1 GiB)\r\n[    2.235924] sd 0:0:0:0: [sda] Write Protect is off\r\n[    2.237279] sd 0:0:0:0: Attached scsi generic sg0 type 0\r\n[    2.238473] sd 0:0:0:0: [sda] Write cache: enabled, read cache: enabled, doesn\'t support DPO or FUA\r\n[    2.240485] scsi 1:0:0:0: CD-ROM            QEMU     QEMU DVD-ROM     2.5+ PQ: 0 ANSI: 5\r\n[    2.245603]  sda: sda1 sda2 sda3 sda4 sda5 sda6 sda7 sda8\r\n[    2.247213] sd 0:0:0:0: [sda] Attached SCSI disk\r\n[    2.270324] sr 1:0:0:0: [sr0] scsi3-mmc drive: 4x/4x cd/rw xa/form2 tray\r\n[    2.272798] cdrom: Uniform CD-ROM driver Revision: 3.20\r\n[    2.275060] sr 1:0:0:0: Attached scsi generic sg1 type 5\r\n[    2.292453] e1000 0000:01:00.1 eth1: (PCI:33MHz:32-bit) 52:54:00:57:c8:b2\r\n[    2.293964] e1000 0000:01:00.1 eth1: Intel(R) PRO/1000 Network Connection\r\n[    2.672985] e1000 0000:01:00.2 eth2: (PCI:33MHz:32-bit) 52:54:00:88:2e:91\r\n[    2.674438] e1000 0000:01:00.2 eth2: Intel(R) PRO/1000 Network Connection\r\n[    2.765426] tsc: Refined TSC clocksource calibration: 2397.258 MHz\r\n[    2.766738] clocksource: tsc: mask: 0xffffffffffffffff max_cycles: 0x228e194bfd1, max_idle_ns: 440795230178 ns\r\n[    2.781249] clocksource: Switched to clocksource tsc\r\n[    3.052649] e1000 0000:01:00.3 eth3: (PCI:33MHz:32-bit) 52:54:00:23:0e:b1\r\n[    3.054123] e1000 0000:01:00.3 eth3: Intel(R) PRO/1000 Network Connection\r\n[    3.426970] e1000 0000:01:00.4 eth4: (PCI:33MHz:32-bit) 52:54:00:d8:24:40\r\n[    3.428446] e1000 0000:01:00.4 eth4: Intel(R) PRO/1000 Network Connection\r\n[    3.803342] e1000 0000:01:00.5 eth5: (PCI:33MHz:32-bit) 52:54:00:1e:ca:43\r\n[    3.804929] e1000 0000:01:00.5 eth5: Intel(R) PRO/1000 Network Connection\r\n[    4.180954] e1000 0000:01:00.6 eth6: (PCI:33MHz:32-bit) 52:54:00:0f:27:1a\r\n[    4.182528] e1000 0000:01:00.6 eth6: Intel(R) PRO/1000 Network Connection\r\n[    4.551850] e1000 0000:01:00.7 eth7: (PCI:33MHz:32-bit) 52:54:00:bc:8a:3c\r\n[    4.553345] e1000 0000:01:00.7 eth7: Intel(R) PRO/1000 Network Connection\r\n[    4.554896] e1000e: Intel(R) PRO/1000 Network Driver - 3.2.6-k\r\n[    4.556182] e1000e: Copyright(c) 1999 - 2015 Intel Corporation.\r\n[    4.557538] igb: Intel(R) Gigabit Ethernet Network Driver - version 5.4.0-k\r\n[    4.558962] igb: Copyright (c) 2007-2014 Intel Corporation.\r\n[    4.560103] igbvf: Intel(R) Gigabit Virtual Function Network Driver - version 2.4.0-k\r\n[    4.561778] igbvf: Copyright (c) 2009 - 2012 Intel Corporation.\r\n[    4.563010] ixgbe: Intel(R) 10 Gigabit PCI Express Network Driver - version 5.1.0-k\r\n[    4.564662] ixgbe: Copyright (c) 1999-2016 Intel Corporation.\r\n[    4.566062] ixgbevf: Intel(R) 10 Gigabit PCI Express Virtual Function Network Driver - version 4.1.0-k\r\n[    4.568055] ixgbevf: Copyright (c) 2009 - 2015 Intel Corporation.\r\n[    4.569556] ixgb: Intel(R) PRO/10GbE Network Driver - version 1.0.135-k2-NAPI\r\n[    4.571015] ixgb: Copyright (c) 1999-2008 Intel Corporation.\r\n[    4.572315] Intel(R) Ethernet Switch Host Interface Driver - version 0.23.4-k\r\n[    4.573886] Copyright(c) 2013 - 2018 Intel Corporation.\r\n[    4.575283] ehci_hcd: USB 2.0 \'Enhanced\' Host Controller (EHCI) Driver\r\n[    4.576673] ehci-pci: EHCI PCI platform driver\r\n[    4.577777] ohci_hcd: USB 1.1 \'Open\' Host Controller (OHCI) Driver\r\n[    4.579083] ohci-pci: OHCI PCI platform driver\r\n[    4.580084] uhci_hcd: USB Universal Host Controller Interface driver\r\n[    4.582495] xhci_hcd 0000:02:00.0: xHCI Host Controller\r\n[    4.583711] xhci_hcd 0000:02:00.0: new USB bus registered, assigned bus number 1\r\n[    4.585649] xhci_hcd 0000:02:00.0: hcc params 0x00087001 hci version 0x100 quirks 0x0000000000000010\r\n[    4.588178] usb usb1: New USB device found, idVendor=1d6b, idProduct=0002, bcdDevice= 4.19\r\n[    4.589862] usb usb1: New USB device strings: Mfr=3, Product=2, SerialNumber=1\r\n[    4.591302] usb usb1: Product: xHCI Host Controller\r\n[    4.592320] usb usb1: Manufacturer: Linux 4.19.81-OpenNetworkLinux-thanos xhci-hcd\r\n[    4.594112] usb usb1: SerialNumber: 0000:02:00.0\r\n[    4.595242] hub 1-0:1.0: USB hub found\r\n[    4.596195] hub 1-0:1.0: 15 ports detected\r\n[    4.597772] xhci_hcd 0000:02:00.0: xHCI Host Controller\r\n[    4.599000] xhci_hcd 0000:02:00.0: new USB bus registered, assigned bus number 2\r\n[    4.600504] xhci_hcd 0000:02:00.0: Host supports USB 3.0 SuperSpeed\r\n[    4.602011] usb usb2: We don\'t know the algorithms for LPM for this host, disabling LPM.\r\n[    4.603725] usb usb2: New USB device found, idVendor=1d6b, idProduct=0003, bcdDevice= 4.19\r\n[    4.605557] usb usb2: New USB device strings: Mfr=3, Product=2, SerialNumber=1\r\n[    4.607153] usb usb2: Product: xHCI Host Controller\r\n[    4.608275] usb usb2: Manufacturer: Linux 4.19.81-OpenNetworkLinux-thanos xhci-hcd\r\n[    4.609956] usb usb2: SerialNumber: 0000:02:00.0\r\n[    4.611135] hub 2-0:1.0: USB hub found\r\n[    4.612353] hub 2-0:1.0: 15 ports detected\r\n[    4.613832] usbcore: registered new interface driver cdc_acm\r\n[    4.615026] cdc_acm: USB Abstract Control Model driver for USB modems and ISDN adapters\r\n[    4.616607] usbcore: registered new interface driver usb-storage\r\n[    4.618038] i8042: PNP: PS/2 Controller [PNP0303:KBD,PNP0f13:MOU] at 0x60,0x64 irq 1,12\r\n[    4.620602] serio: i8042 KBD port at 0x60,0x64 irq 1\r\n[    4.621723] serio: i8042 AUX port at 0x60,0x64 irq 12\r\n[    4.623085] rtc_cmos 00:00: RTC can wake from S4\r\n[    4.624786] input: AT Translated Set 2 keyboard as /devices/platform/i8042/serio0/input/input1\r\n[    4.626603] rtc_cmos 00:00: registered as rtc0\r\n[    4.627645] rtc_cmos 00:00: alarms up to one day, y3k, 114 bytes nvram\r\n[    4.629076] i2c /dev entries driver\r\n[    4.630269] i801_smbus 0000:00:1f.3: SMBus using PCI interrupt\r\n[    4.632898] iTCO_wdt: Intel TCO WatchDog Timer Driver v1.11\r\n[    4.634589] iTCO_wdt: Found a ICH9 TCO device (Version=2, TCOBASE=0x0660)\r\n[    4.636420] iTCO_wdt: initialized. heartbeat=30 sec (nowayout=0)\r\n[    4.638326] device-mapper: uevent: version 1.0.3\r\n[    4.639549] device-mapper: ioctl: 4.39.0-ioctl (2018-04-03) initialised: dm-devel@redhat.com\r\n[    4.641575] device-mapper: raid: Loading target version 1.14.0\r\n[    4.643093] hidraw: raw HID events driver (C) Jiri Kosina\r\n[    4.644529] usbcore: registered new interface driver usbhid\r\n[    4.645837] usbhid: USB HID core driver\r\n[    4.646752] intel_telemetry_core Init\r\n[    4.647722] NET: Registered protocol family 26\r\n[    4.649622] xt_time: kernel timezone is -0000\r\n[    4.650662] IPVS: Registered protocols (TCP, UDP, SCTP, AH, ESP)\r\n[    4.651985] IPVS: Connection hash table configured (size=4096, memory=64Kbytes)\r\n[    4.654260] IPVS: ipvs loaded.\r\n[    4.655181] IPVS: [rr] scheduler registered.\r\n[    4.656286] IPVS: [wrr] scheduler registered.\r\n[    4.657327] IPVS: [lc] scheduler registered.\r\n[    4.658416] IPVS: [wlc] scheduler registered.\r\n[    4.659522] IPVS: [fo] scheduler registered.\r\n[    4.660642] IPVS: [ovf] scheduler registered.\r\n[    4.661801] IPVS: [lblc] scheduler registered.\r\n[    4.663151] IPVS: [lblcr] scheduler registered.\r\n[    4.664304] IPVS: [dh] scheduler registered.\r\n[    4.665711] IPVS: [sh] scheduler registered.\r\n[    4.666762] IPVS: [sed] scheduler registered.\r\n[    4.667856] IPVS: [nq] scheduler registered.\r\n[    4.668860] IPVS: [sip] pe registered.\r\n[    4.670650] ipt_CLUSTERIP: ClusterIP Version 0.8 loaded successfully\r\n[    4.672081] Initializing XFRM netlink socket\r\n[    4.673177] NET: Registered protocol family 10\r\n[    4.675002] Segment Routing with IPv6\r\n[    4.675924] mip6: Mobile IPv6\r\n[    4.677126] sit: IPv6, IPv4 and MPLS over IPv4 tunneling driver\r\n[    4.679012] NET: Registered protocol family 17\r\n[    4.680051] NET: Registered protocol family 15\r\n[    4.681320] Bridge firewalling registered\r\n[    4.682512] NET: Registered protocol family 33\r\n[    4.683542] Key type rxrpc registered\r\n[    4.684404] Key type rxrpc_s registered\r\n[    4.685388] 8021q: 802.1Q VLAN Support v1.8\r\n[    4.686476] sctp: Hash tables configured (bind 256/256)\r\n[    4.687704] tipc: Activated (version 2.0.0)\r\n[    4.688741] NET: Registered protocol family 30\r\n[    4.690074] tipc: Started in single node mode\r\n[    4.691261] Key type dns_resolver registered\r\n[    4.692174] Key type ceph registered\r\n[    4.693080] libceph: loaded (mon/osd proto 15/24)\r\n[    4.694372] mce: Using 10 MCE banks\r\n[    4.695186] AVX2 version of gcm_enc/dec engaged.\r\n[    4.696156] AES CTR mode by8 optimization enabled\r\n[    4.697659] sched_clock: Marking stable (4589785825, 107852402)->(4734587820, -36949593)\r\n[    4.700557] registered taskstats version 1\r\n[    4.702002] rtc_cmos 00:00: setting system clock to 2020-06-26 10:32:23 UTC (1593167543)\r\n[    5.285323] input: ImExPS/2 Generic Explorer Mouse as /devices/platform/i8042/serio1/input/input3\r\n[    5.290210] md: Skipping autodetection of RAID arrays. (raid=autodetect will force)\r\n[    5.295825] EXT4-fs (sda4): mounted filesystem with ordered data mode. Opts: (null)\r\n[    5.297636] VFS: Mounted root (ext4 filesystem) readonly on device 8:4.\r\n[    5.301600] devtmpfs: mounted\r\n[    5.303385] Freeing unused kernel image memory: 1176K\r\n[    5.321924] Write protecting the kernel read-only data: 20480k\r\n[    5.326673] Freeing unused kernel image memory: 2000K\r\n[    5.329059] Freeing unused kernel image memory: 544K\r\n[    5.330808] Run /sbin/init as init process\r\n[    5.339364] random: fast init done\r\n/sbin/init: line 2: /etc/boot.d/boot: No such file or directory\r\nStarting systemd...\r\n[    5.432260] systemd[1]: systemd 241 running in system mode. (+PAM +AUDIT +SELINUX +IMA +APPARMOR +SMACK +SYSVINIT +UTMP +LIBCRYPTSETUP +GCRYPT +GNUTLS +ACL +XZ +LZ4 +SECCOMP +BLKID +ELFUTILS +KMOD -IDN2 +IDN -PCRE2 default-hierarchy=hybrid)\r\n[    5.436673] systemd[1]: Detected virtualization kvm.\r\n[    5.437930] systemd[1]: Detected architecture x86-64.\r\n\r\nWelcome to Debian GNU/Linux 10 (buster)!\r\n\r\n[    5.446236] systemd[1]: Set hostname to <localhost>.\r\n[    5.558658] systemd-bless-b (1489) used greatest stack depth: 14104 bytes left\r\n[    5.562940] systemd-sysv-ge (1499) used greatest stack depth: 13664 bytes left\r\n[    5.630291] systemd[1]: Listening on RPCbind Server Activation Socket.\r\n[  OK  ] Listening on RPCbind Server Activation Socket.\r\n[    5.634069] systemd[1]: Created slice system-serial\\x2dgetty.slice.\r\n[  OK  ] Created slice system-serial\\x2dgetty.slice.\r\n[    5.637099] systemd[1]: Started Dispatch Password Requests to Console Directory Watch.\r\n[  OK  ] Started Dispatch Password ts to Console Directory Watch.\r\n[    5.640933] systemd[1]: Listening on Journal Socket (/dev/log).\r\n[  OK  ] Listening on Journal Socket (/dev/log).\r\n[    5.643919] systemd[1]: Reached target Swap.\r\n[  OK  ] Reached target Swap.\r\n[    5.646131] systemd[1]: Reached target Slices.\r\n[  OK  ] Reached target Slices.\r\n[  OK  ] Listening on Journal Socket.\r\n         Mounting Kernel Debug File System...\r\n         Starting Load Kernel Modules...\r\n[  OK  ] Listening on udev Kernel Socket.\r\n[  OK  ] Listening on initctl Compatibility Named Pipe.\r\n         Mounting RP